Microchip MPLAB XC8 Compiler V2.32

Linker command line:

-W-3 --edf=C:\Program Files\Microchip\xc8\v2.32\pic\dat\en_msgs.txt -cn \
  -h+dist/default/production\galeoTesterBiModuleSimpleBLE.X.production.sym \
  --cmf=dist/default/production\galeoTesterBiModuleSimpleBLE.X.production.cmf \
  -z -Q16LF1939 -oC:\Users\Michel\AppData\Local\Temp\xcAsruk.4 \
  --defsym=__MPLAB_BUILD=1 \
  -Mdist/default/production/galeoTesterBiModuleSimpleBLE.X.production.map \
  -E1 -ver=XC8 Compiler --acfsm=1493 -ASTACK=021B8h-023EFh -pstack=STACK \
  -ACODE=00h-07FFhx8 -ASTRCODE=00h-03FFFh -ASTRING=00h-0FFhx64 \
  -ACONST=00h-0FFhx64 -AENTRY=00h-0FFhx64 -ACOMMON=070h-07Fh \
  -ABANK0=020h-06Fh -ABANK1=0A0h-0EFh -ABANK2=0120h-016Fh \
  -ABANK3=01A0h-01EFh -ABANK4=0220h-026Fh -ABANK5=02A0h-02EFh \
  -ABANK6=0320h-036Fh -ABANK7=03A0h-03EFh -ABANK8=0420h-046Fh \
  -ABANK9=04A0h-04EFh -ABANK10=0520h-056Fh -ABANK11=05A0h-05EFh \
  -ABANK12=0620h-064Fh -ABIGRAM=02000h-023EFh \
  -ARAM=020h-06Fh,0A0h-0EFh,0120h-016Fh,01A0h-01EFh,0220h-026Fh,02A0h-02EFh,0320h-036Fh,03A0h-03EFh,0420h-046Fh,04A0h-04EFh,0520h-056Fh,05A0h-05EFh,0620h-064Fh \
  -AABS1=020h-07Fh,0A0h-0EFh,0120h-016Fh,01A0h-01EFh,0220h-026Fh,02A0h-02EFh,0320h-036Fh,03A0h-03EFh,0420h-046Fh,04A0h-04EFh,0520h-056Fh,05A0h-05EFh,0620h-064Fh \
  -ASFR0=00h-01Fh -ASFR1=080h-09Fh -ASFR2=0100h-011Fh -ASFR3=0180h-019Fh \
  -ASFR4=0200h-021Fh -ASFR5=0280h-029Fh -ASFR6=0300h-031Fh \
  -ASFR7=0380h-039Fh -ASFR8=0400h-041Fh -ASFR9=0480h-049Fh \
  -ASFR10=0500h-051Fh -ASFR11=0580h-059Fh -ASFR12=0600h-061Fh \
  -ASFR13=0680h-06EFh -ASFR14=0700h-076Fh -ASFR15=0780h-07EFh \
  -ASFR16=0800h-086Fh -ASFR17=0880h-08EFh -ASFR18=0900h-096Fh \
  -ASFR19=0980h-09EFh -ASFR20=0A00h-0A6Fh -ASFR21=0A80h-0AEFh \
  -ASFR22=0B00h-0B6Fh -ASFR23=0B80h-0BEFh -ASFR24=0C00h-0C6Fh \
  -ASFR25=0C80h-0CEFh -ASFR26=0D00h-0D6Fh -ASFR27=0D80h-0DEFh \
  -ASFR28=0E00h-0E6Fh -ASFR29=0E80h-0EEFh -ASFR30=0F00h-0F6Fh \
  -ASFR31=0F80h-0FEFh -ACONFIG=08007h-08008h -DCONFIG=2 \
  -AIDLOC=08000h-08003h -DIDLOC=2 -AEEDATA=00h-0FFh/0F000h \
  -peeprom_data=EEDATA -DEEDATA=2 -DCODE=2 -DSTRCODE=2 -DSTRING=2 -DCONST=2 \
  -DENTRY=2 -preset_vec=00h,intentry=04h,init,end_init -ppowerup=CODE \
  -pcinit=CODE -pfunctab=ENTRY -k \
  C:\Users\Michel\AppData\Local\Temp\xcAsruk.o \
  dist/default/production\galeoTesterBiModuleSimpleBLE.X.production.o 

Object code version is 3.11

Machine type is 16LF1939



                Name                               Link     Load   Length Selector   Space Scale
C:\Users\Michel\AppData\Local\Temp\xcAsruk.o
                end_init                             4A       4A        2        8       0
                reset_vec                             0        0        2        0       0
                config                             8007     8007        2        0       4
                idloc                              8000     8000        4        0       5
dist/default/production\galeoTesterBiModuleSimpleBLE.X.production.o
                cinit                                4C       4C       46        8       0
                intentry                              4        4       46        8       0
                maintext_split_2                     92       92      5D4        8       0
                maintext_split_1                    DAE      DAE      252     1B5C       0
                config                             8007     8007        2        0       4
                idloc                              8000     8000        4        0       5
                text122                            1B66     1B66       1B     36CC       0
                text121                            1884     1884        4     3108       0
                text120                            1871     1871        1     30E2       0
                text119                            1888     1888        4     3110       0
                text118                            1033     1033       41     2066       0
                text117                            1C8D     1C8D       22     391A       0
                text116                            1875     1875        3     30EA       0
                text115                            1878     1878        3     30F0       0
                text114                            19F5     19F5       10     33EA       0
                text113                             7D6      7D6       2A        8       0
                text112                            1965     1965        D     32CA       0
                text111                            1A25     1A25       11     344A       0
                text110                            1A36     1A36       11     346C       0
                text109                            1A47     1A47       11     348E       0
                text108                            1A58     1A58       11     34B0       0
                text107                            1AD2     1AD2       18     35A4       0
                text106                            1873     1873        2     30E6       0
                text105                               2        2        2        0       0
                text104                            187B     187B        3     30F6       0
                text103                            188C     188C        4     3118       0
                text102                            187E     187E        3     30FC       0
                text101                            1890     1890        4     3120       0
                text100                            189C     189C        5     3138       0
                text99                             18CE     18CE        6     319C       0
                text98                             1881     1881        3     3102       0
                text97                             1E8F     1E8F       2F     3D1E       0
                text96                             18A1     18A1        5     3142       0
                text95                             1902     1902        9     3204       0
                text94                             18FA     18FA        8     31F4       0
                text93                             1238     1238       57     2470       0
                text92                             1074     1074       46     20E8       0
                text91                             18EC     18EC        7     31D8       0
                text90                             18A6     18A6        5     314C       0
                text89                             18AB     18AB        5     3156       0
                text88                             18B0     18B0        5     3160       0
                text87                             18B5     18B5        5     316A       0
                text86                             18BA     18BA        5     3174       0
                text85                             18BF     18BF        5     317E       0
                text84                             18C4     18C4        5     3188       0
                text83                             18C9     18C9        5     3192       0
                text82                             1E07     1E07       2D     3C0E       0
                text81                             1000     1000        3     1B5C       0
                text80                             1E61     1E61       2E     3CC2       0
                text79                             1894     1894        4     3128       0
                text77                             1C4B     1C4B       21     3896       0
                text76                              800      800        8        8       0
                text75                             190B     190B        9     3216       0
                text74                             1914     1914        9     3228       0
                text73                             191D     191D        9     323A       0
                text72                             1926     1926        9     324C       0
                text71                             192F     192F        9     325E       0
                text70                             10BA     10BA       48     2174       0
                text69                             1941     1941        C     3282       0
                text68                             1BEE     1BEE       1F     37DC       0
                text67                             1898     1898        4     3130       0
                text66                             1A05     1A05       10     340A       0
                text65                             1C0D     1C0D       1F     381A       0
                text64                             1972     1972        D     32E4       0
                text63                             194D     194D        C     329A       0
                text62                             18D4     18D4        6     31A8       0
                text61                             18DA     18DA        6     31B4       0
                text60                             1A15     1A15       10     342A       0
                text59                             1A90     1A90       15     3520       0
                text58                             1AEA     1AEA       18     35D4       0
                text57                             1B02     1B02       18     3604       0
                text56                             1938     1938        9     3270       0
                text55                             1EBE     1EBE       2F     3D7C       0
                text54                             1B1A     1B1A       19     3634       0
                text53                             1C2C     1C2C       1F     3858       0
                text52                             1195     1195       51     232A       0
                text51                             1DDB     1DDB       2C     3BB6       0
                text50                             1102     1102       48     2204       0
                text49                             197F     197F        D     32FE       0
                text48                             198C     198C        D     3318       0
                text47                             1999     1999        D     3332       0
                text46                             15D9     15D9      105     2BB2       0
                text45                             14EC     14EC       ED     29D8       0
                text44                             1BD2     1BD2       1C     37A4       0
                text43                             1E34     1E34       2D     3C68       0
                text42                             18F3     18F3        7     31E6       0
                text41                             11E6     11E6       52     23CC       0
                text40                             1DB2     1DB2       29     3B64       0
                text39                             1B4C     1B4C       1A     3698       0
                text38                             12E6     12E6       5C     25CC       0
                text37                              666      666      170        8       0
                text36                             16DE     16DE      122     2DBC       0
                text35                             1F1C     1F1C       34     3E38       0
                text34                             1AA5     1AA5       16     354A       0
                text33                             1D63     1D63       27     3AC6       0
                text32                             1ABB     1ABB       17     3576       0
                text31                             1342     1342       89     2684       0
                text30                             1EED     1EED       2F     3DDA       0
                text29                             1B81     1B81       1B     3702       0
                text28                             1B9C     1B9C       1B     3738       0
                text27                             1457     1457       95     28AE       0
                text26                              808      808       67     1010       0
                text25                             19A6     19A6        D     334C       0
                text24                             19B3     19B3        D     3366       0
                text23                             19C0     19C0        D     3380       0
                text22                             19CD     19CD        D     339A       0
                text21                             114A     114A       4B     2294       0
                text20                             128F     128F       57     251E       0
                text19                             1CAF     1CAF       23     395E       0
                text18                             1CD2     1CD2       23     39A4       0
                text17                             1CF5     1CF5       23     39EA       0
                text16                              86F      86F      152     10DE       0
                text15                             1BB7     1BB7       1B     376E       0
                text14                              9C1      9C1      1B7     1382       0
                text13                             13CB     13CB       8C     2796       0
                text12                             1B33     1B33       19     3666       0
                text11                             19E7     19E7        E     33CE       0
                text10                             1D18     1D18       25     3A30       0
                text9                              1F50     1F50       38     3EA0       0
                text8                              1959     1959        C     32B2       0
                text7                              1FC0     1FC0       40     3F80       0
                text6                              1D3D     1D3D       26     3A7A       0
                text5                              1C6C     1C6C       21     38D8       0
                text4                              19DA     19DA        D     33B4       0
                text3                              1F88     1F88       38     3F10       0
                text2                              1003     1003       30     2006       0
                text1                              1A69     1A69       13     34D2       0
                maintext                            B78      B78      236     16F0       0
                cstackBANK0                          20       20       4A       20       1
                cstackCOMMON                         70       70        D       70       1
                cstackBANK1                          A0       A0       3F       A0       1
                cstackBANK2                         120      120       25      120       1
                cstackBANK5                         2A0      2A0       28      2A0       1
                clrtext                            18E0     18E0        6     31C0       0
                inittext                           18E6     18E6        6     31CC       0
                dataBANK4                           220      220       28      220       1
                bssBANK4                            248      248       20      220       1
                dataBANK3                           1D9      1D9       14      1A0       1
                bssBANK3                            1A0      1A0       39      1A0       1
                bssBANK2                            145      145        8      120       1
                dataBANK1                            EE       EE        1       A0       1
                bssBANK1                             DF       DF        F       A0       1
                bssBANK0                             6A       6A        3       20       1
                bssCOMMON                            7D       7D        1       70       1
                stringtext121                      279D     279D        3     4000       0
                stringtext120                      2795     2795        8     4000       0
                stringtext119                      278D     278D        8     4000       0
                stringtext118                      2785     2785        8     4000       0
                stringtext117                      277D     277D        8     4000       0
                stringtext116                      2775     2775        8     4000       0
                stringtext115                      276D     276D        8     4000       0
                stringtext114                      2765     2765        8     4000       0
                stringtext113                      275D     275D        8     4000       0
                stringtext112                      2755     2755        8     4000       0
                stringtext111                      274D     274D        8     4000       0
                stringtext110                      2745     2745        8     4000       0
                stringtext109                      273C     273C        9     4000       0
                stringtext108                      2733     2733        9     4000       0
                stringtext107                      272A     272A        9     4000       0
                stringtext106                      2721     2721        9     4000       0
                stringtext105                      2718     2718        9     4000       0
                stringtext104                      270F     270F        9     4000       0
                stringtext103                      2706     2706        9     4000       0
                stringtext102                      26FD     26FD        9     4000       0
                stringtext101                      26F4     26F4        9     4000       0
                stringtext100                      26E9     26E9        B     4000       0
                stringtext99                       26DE     26DE        B     4000       0
                stringtext98                       26D2     26D2        C     4000       0
                stringtext97                       26C6     26C6        C     4000       0
                stringtext96                       26BA     26BA        C     4000       0
                stringtext95                       26AE     26AE        C     4000       0
                stringtext94                       26A2     26A2        C     4000       0
                stringtext93                       2696     2696        C     4000       0
                stringtext92                       268A     268A        C     4000       0
                stringtext91                       267E     267E        C     4000       0
                stringtext90                       2672     2672        C     4000       0
                stringtext89                       2666     2666        C     4000       0
                stringtext88                       265A     265A        C     4000       0
                stringtext87                       264D     264D        D     4000       0
                stringtext86                       2640     2640        D     4000       0
                stringtext85                       2633     2633        D     4000       0
                stringtext84                       2626     2626        D     4000       0
                stringtext83                       2619     2619        D     4000       0
                stringtext82                       260C     260C        D     4000       0
                stringtext81                       25FF     25FF        D     4000       0
                stringtext80                       25F2     25F2        D     4000       0
                stringtext79                       25E5     25E5        D     4000       0
                stringtext78                       25D8     25D8        D     4000       0
                stringtext77                       25CA     25CA        E     4000       0
                stringtext76                       25BC     25BC        E     4000       0
                stringtext75                       25AE     25AE        E     4000       0
                stringtext74                       259F     259F        F     4000       0
                stringtext73                       2590     2590        F     4000       0
                stringtext72                       2581     2581        F     4000       0
                stringtext71                       2572     2572        F     4000       0
                stringtext70                       2563     2563        F     4000       0
                stringtext69                       2554     2554        F     4000       0
                stringtext68                       2545     2545        F     4000       0
                stringtext67                       2536     2536        F     4000       0
                stringtext66                       2526     2526       10     4000       0
                stringtext65                       2516     2516       10     4000       0
                stringtext64                       2505     2505       11     4000       0
                stringtext63                       24F4     24F4       11     4000       0
                stringtext62                       24E3     24E3       11     4000       0
                stringtext61                       24D2     24D2       11     4000       0
                stringtext60                       24C1     24C1       11     4000       0
                stringtext59                       24B0     24B0       11     4000       0
                stringtext58                       249F     249F       11     4000       0
                stringtext57                       248E     248E       11     4000       0
                stringtext56                       247D     247D       11     4000       0
                stringtext55                       246C     246C       11     4000       0
                stringtext54                       245B     245B       11     4000       0
                stringtext53                       244A     244A       11     4000       0
                stringtext52                       2439     2439       11     4000       0
                stringtext51                       2428     2428       11     4000       0
                stringtext50                       2417     2417       11     4000       0
                stringtext49                       2406     2406       11     4000       0
                stringtext48                       23F4     23F4       12     4000       0
                stringtext47                       23E2     23E2       12     4000       0
                stringtext46                       23D0     23D0       12     4000       0
                stringtext45                       23BE     23BE       12     4000       0
                stringtext44                       23AC     23AC       12     4000       0
                stringtext43                       239A     239A       12     4000       0
                stringtext42                       2388     2388       12     4000       0
                stringtext41                       2376     2376       12     4000       0
                stringtext40                       2364     2364       12     4000       0
                stringtext39                       2352     2352       12     4000       0
                stringtext38                       2340     2340       12     4000       0
                stringtext37                       232E     232E       12     4000       0
                stringtext36                       231C     231C       12     4000       0
                stringtext35                       230A     230A       12     4000       0
                stringtext34                       22F8     22F8       12     4000       0
                stringtext33                       22E5     22E5       13     4000       0
                stringtext32                       22D2     22D2       13     4000       0
                stringtext31                       22BF     22BF       13     4000       0
                stringtext30                       22AB     22AB       14     4000       0
                stringtext29                       2297     2297       14     4000       0
                stringtext28                       2283     2283       14     4000       0
                stringtext27                       226F     226F       14     4000       0
                stringtext26                       225A     225A       15     4000       0
                stringtext25                       2245     2245       15     4000       0
                stringtext24                       2230     2230       15     4000       0
                stringtext23                       221B     221B       15     4000       0
                stringtext22                       2206     2206       15     4000       0
                stringtext21                       21F1     21F1       15     4000       0
                stringtext20                       21DC     21DC       15     4000       0
                stringtext19                       21C6     21C6       16     4000       0
                stringtext18                       21AF     21AF       17     4000       0
                stringtext17                       2198     2198       17     4000       0
                stringtext16                       2181     2181       17     4000       0
                stringtext15                       216A     216A       17     4000       0
                stringtext14                       2152     2152       18     4000       0
                stringtext13                       213A     213A       18     4000       0
                stringtext12                       2121     2121       19     4000       0
                stringtext11                       2108     2108       19     4000       0
                stringtext10                       20EF     20EF       19     4000       0
                stringtext9                        20D5     20D5       1A     4000       0
                stringtext8                        20BB     20BB       1A     4000       0
                stringtext7                        20A1     20A1       1A     4000       0
                stringtext6                        2085     2085       1C     4000       0
                stringtext5                        2069     2069       1C     4000       0
                stringtext4                        204A     204A       1F     4000       0
                stringtext3                        2025     2025       25     4000       0
                stringtext2                        2000     2000       25     4000       0
                stringtext1                        1800     1800       4A     3000       0
                idataBANK4                         1D8A     1D8A       28     3B14       0
                idataBANK3                         1A7C     1A7C       14     34F8       0
                idataBANK1                         1872     1872        1     30E4       0

TOTAL           Name                               Link     Load   Length     Space
        CLASS   STACK          

        CLASS   CODE           
                end_init                             4A       4A        2         0
                cinit                                4C       4C       46         0
                intentry                              4        4       46         0
                reset_vec                             0        0        2         0
                maintext_split_2                     92       92      5D4         0
                maintext_split_1                    DAE      DAE      252         0
                text122                            1B66     1B66       1B         0
                text121                            1884     1884        4         0
                text120                            1871     1871        1         0
                text119                            1888     1888        4         0
                text118                            1033     1033       41         0
                text117                            1C8D     1C8D       22         0
                text116                            1875     1875        3         0
                text115                            1878     1878        3         0
                text114                            19F5     19F5       10         0
                text113                             7D6      7D6       2A         0
                text112                            1965     1965        D         0
                text111                            1A25     1A25       11         0
                text110                            1A36     1A36       11         0
                text109                            1A47     1A47       11         0
                text108                            1A58     1A58       11         0
                text107                            1AD2     1AD2       18         0
                text106                            1873     1873        2         0
                text105                               2        2        2         0
                text104                            187B     187B        3         0
                text103                            188C     188C        4         0
                text102                            187E     187E        3         0
                text101                            1890     1890        4         0
                text100                            189C     189C        5         0
                text99                             18CE     18CE        6         0
                text98                             1881     1881        3         0
                text97                             1E8F     1E8F       2F         0
                text96                             18A1     18A1        5         0
                text95                             1902     1902        9         0
                text94                             18FA     18FA        8         0
                text93                             1238     1238       57         0
                text92                             1074     1074       46         0
                text91                             18EC     18EC        7         0
                text90                             18A6     18A6        5         0
                text89                             18AB     18AB        5         0
                text88                             18B0     18B0        5         0
                text87                             18B5     18B5        5         0
                text86                             18BA     18BA        5         0
                text85                             18BF     18BF        5         0
                text84                             18C4     18C4        5         0
                text83                             18C9     18C9        5         0
                text82                             1E07     1E07       2D         0
                text81                             1000     1000        3         0
                text80                             1E61     1E61       2E         0
                text79                             1894     1894        4         0
                text77                             1C4B     1C4B       21         0
                text76                              800      800        8         0
                text75                             190B     190B        9         0
                text74                             1914     1914        9         0
                text73                             191D     191D        9         0
                text72                             1926     1926        9         0
                text71                             192F     192F        9         0
                text70                             10BA     10BA       48         0
                text69                             1941     1941        C         0
                text68                             1BEE     1BEE       1F         0
                text67                             1898     1898        4         0
                text66                             1A05     1A05       10         0
                text65                             1C0D     1C0D       1F         0
                text64                             1972     1972        D         0
                text63                             194D     194D        C         0
                text62                             18D4     18D4        6         0
                text61                             18DA     18DA        6         0
                text60                             1A15     1A15       10         0
                text59                             1A90     1A90       15         0
                text58                             1AEA     1AEA       18         0
                text57                             1B02     1B02       18         0
                text56                             1938     1938        9         0
                text55                             1EBE     1EBE       2F         0
                text54                             1B1A     1B1A       19         0
                text53                             1C2C     1C2C       1F         0
                text52                             1195     1195       51         0
                text51                             1DDB     1DDB       2C         0
                text50                             1102     1102       48         0
                text49                             197F     197F        D         0
                text48                             198C     198C        D         0
                text47                             1999     1999        D         0
                text46                             15D9     15D9      105         0
                text45                             14EC     14EC       ED         0
                text44                             1BD2     1BD2       1C         0
                text43                             1E34     1E34       2D         0
                text42                             18F3     18F3        7         0
                text41                             11E6     11E6       52         0
                text40                             1DB2     1DB2       29         0
                text39                             1B4C     1B4C       1A         0
                text38                             12E6     12E6       5C         0
                text37                              666      666      170         0
                text36                             16DE     16DE      122         0
                text35                             1F1C     1F1C       34         0
                text34                             1AA5     1AA5       16         0
                text33                             1D63     1D63       27         0
                text32                             1ABB     1ABB       17         0
                text31                             1342     1342       89         0
                text30                             1EED     1EED       2F         0
                text29                             1B81     1B81       1B         0
                text28                             1B9C     1B9C       1B         0
                text27                             1457     1457       95         0
                text26                              808      808       67         0
                text25                             19A6     19A6        D         0
                text24                             19B3     19B3        D         0
                text23                             19C0     19C0        D         0
                text22                             19CD     19CD        D         0
                text21                             114A     114A       4B         0
                text20                             128F     128F       57         0
                text19                             1CAF     1CAF       23         0
                text18                             1CD2     1CD2       23         0
                text17                             1CF5     1CF5       23         0
                text16                              86F      86F      152         0
                text15                             1BB7     1BB7       1B         0
                text14                              9C1      9C1      1B7         0
                text13                             13CB     13CB       8C         0
                text12                             1B33     1B33       19         0
                text11                             19E7     19E7        E         0
                text10                             1D18     1D18       25         0
                text9                              1F50     1F50       38         0
                text8                              1959     1959        C         0
                text7                              1FC0     1FC0       40         0
                text6                              1D3D     1D3D       26         0
                text5                              1C6C     1C6C       21         0
                text4                              19DA     19DA        D         0
                text3                              1F88     1F88       38         0
                text2                              1003     1003       30         0
                text1                              1A69     1A69       13         0
                maintext                            B78      B78      236         0
                clrtext                            18E0     18E0        6         0
                inittext                           18E6     18E6        6         0
                idataBANK4                         1D8A     1D8A       28         0
                idataBANK3                         1A7C     1A7C       14         0
                idataBANK1                         1872     1872        1         0

        CLASS   STRCODE        
                stringtext121                      279D     279D        3         0
                stringtext120                      2795     2795        8         0
                stringtext119                      278D     278D        8         0
                stringtext118                      2785     2785        8         0
                stringtext117                      277D     277D        8         0
                stringtext116                      2775     2775        8         0
                stringtext115                      276D     276D        8         0
                stringtext114                      2765     2765        8         0
                stringtext113                      275D     275D        8         0
                stringtext112                      2755     2755        8         0
                stringtext111                      274D     274D        8         0
                stringtext110                      2745     2745        8         0
                stringtext109                      273C     273C        9         0
                stringtext108                      2733     2733        9         0
                stringtext107                      272A     272A        9         0
                stringtext106                      2721     2721        9         0
                stringtext105                      2718     2718        9         0
                stringtext104                      270F     270F        9         0
                stringtext103                      2706     2706        9         0
                stringtext102                      26FD     26FD        9         0
                stringtext101                      26F4     26F4        9         0
                stringtext100                      26E9     26E9        B         0
                stringtext99                       26DE     26DE        B         0
                stringtext98                       26D2     26D2        C         0
                stringtext97                       26C6     26C6        C         0
                stringtext96                       26BA     26BA        C         0
                stringtext95                       26AE     26AE        C         0
                stringtext94                       26A2     26A2        C         0
                stringtext93                       2696     2696        C         0
                stringtext92                       268A     268A        C         0
                stringtext91                       267E     267E        C         0
                stringtext90                       2672     2672        C         0
                stringtext89                       2666     2666        C         0
                stringtext88                       265A     265A        C         0
                stringtext87                       264D     264D        D         0
                stringtext86                       2640     2640        D         0
                stringtext85                       2633     2633        D         0
                stringtext84                       2626     2626        D         0
                stringtext83                       2619     2619        D         0
                stringtext82                       260C     260C        D         0
                stringtext81                       25FF     25FF        D         0
                stringtext80                       25F2     25F2        D         0
                stringtext79                       25E5     25E5        D         0
                stringtext78                       25D8     25D8        D         0
                stringtext77                       25CA     25CA        E         0
                stringtext76                       25BC     25BC        E         0
                stringtext75                       25AE     25AE        E         0
                stringtext74                       259F     259F        F         0
                stringtext73                       2590     2590        F         0
                stringtext72                       2581     2581        F         0
                stringtext71                       2572     2572        F         0
                stringtext70                       2563     2563        F         0
                stringtext69                       2554     2554        F         0
                stringtext68                       2545     2545        F         0
                stringtext67                       2536     2536        F         0
                stringtext66                       2526     2526       10         0
                stringtext65                       2516     2516       10         0
                stringtext64                       2505     2505       11         0
                stringtext63                       24F4     24F4       11         0
                stringtext62                       24E3     24E3       11         0
                stringtext61                       24D2     24D2       11         0
                stringtext60                       24C1     24C1       11         0
                stringtext59                       24B0     24B0       11         0
                stringtext58                       249F     249F       11         0
                stringtext57                       248E     248E       11         0
                stringtext56                       247D     247D       11         0
                stringtext55                       246C     246C       11         0
                stringtext54                       245B     245B       11         0
                stringtext53                       244A     244A       11         0
                stringtext52                       2439     2439       11         0
                stringtext51                       2428     2428       11         0
                stringtext50                       2417     2417       11         0
                stringtext49                       2406     2406       11         0
                stringtext48                       23F4     23F4       12         0
                stringtext47                       23E2     23E2       12         0
                stringtext46                       23D0     23D0       12         0
                stringtext45                       23BE     23BE       12         0
                stringtext44                       23AC     23AC       12         0
                stringtext43                       239A     239A       12         0
                stringtext42                       2388     2388       12         0
                stringtext41                       2376     2376       12         0
                stringtext40                       2364     2364       12         0
                stringtext39                       2352     2352       12         0
                stringtext38                       2340     2340       12         0
                stringtext37                       232E     232E       12         0
                stringtext36                       231C     231C       12         0
                stringtext35                       230A     230A       12         0
                stringtext34                       22F8     22F8       12         0
                stringtext33                       22E5     22E5       13         0
                stringtext32                       22D2     22D2       13         0
                stringtext31                       22BF     22BF       13         0
                stringtext30                       22AB     22AB       14         0
                stringtext29                       2297     2297       14         0
                stringtext28                       2283     2283       14         0
                stringtext27                       226F     226F       14         0
                stringtext26                       225A     225A       15         0
                stringtext25                       2245     2245       15         0
                stringtext24                       2230     2230       15         0
                stringtext23                       221B     221B       15         0
                stringtext22                       2206     2206       15         0
                stringtext21                       21F1     21F1       15         0
                stringtext20                       21DC     21DC       15         0
                stringtext19                       21C6     21C6       16         0
                stringtext18                       21AF     21AF       17         0
                stringtext17                       2198     2198       17         0
                stringtext16                       2181     2181       17         0
                stringtext15                       216A     216A       17         0
                stringtext14                       2152     2152       18         0
                stringtext13                       213A     213A       18         0
                stringtext12                       2121     2121       19         0
                stringtext11                       2108     2108       19         0
                stringtext10                       20EF     20EF       19         0
                stringtext9                        20D5     20D5       1A         0
                stringtext8                        20BB     20BB       1A         0
                stringtext7                        20A1     20A1       1A         0
                stringtext6                        2085     2085       1C         0
                stringtext5                        2069     2069       1C         0
                stringtext4                        204A     204A       1F         0
                stringtext3                        2025     2025       25         0
                stringtext2                        2000     2000       25         0
                stringtext1                        1800     1800       4A         0

        CLASS   STRING         

        CLASS   CONST          

        CLASS   ENTRY          

        CLASS   COMMON         
                cstackCOMMON                         70       70        D         1
                bssCOMMON                            7D       7D        1         1

        CLASS   BANK0          
                cstackBANK0                          20       20       4A         1
                bssBANK0                             6A       6A        3         1

        CLASS   BANK1          
                cstackBANK1                          A0       A0       3F         1
                dataBANK1                            EE       EE        1         1
                bssBANK1                             DF       DF        F         1

        CLASS   BANK2          
                cstackBANK2                         120      120       25         1
                bssBANK2                            145      145        8         1

        CLASS   BANK3          
                dataBANK3                           1D9      1D9       14         1
                bssBANK3                            1A0      1A0       39         1

        CLASS   BANK4          
                dataBANK4                           220      220       28         1
                bssBANK4                            248      248       20         1

        CLASS   BANK5          
                cstackBANK5                         2A0      2A0       28         1

        CLASS   BANK6          

        CLASS   BANK7          

        CLASS   BANK8          

        CLASS   BANK9          

        CLASS   BANK10         

        CLASS   BANK11         

        CLASS   BANK12         

        CLASS   BIGRAM         

        CLASS   RAM            

        CLASS   ABS1           
                abs_s1                               7E       7E        2         1

        CLASS   SFR0           

        CLASS   SFR1           

        CLASS   SFR2           

        CLASS   SFR3           

        CLASS   SFR4           

        CLASS   SFR5           

        CLASS   SFR6           

        CLASS   SFR7           

        CLASS   SFR8           

        CLASS   SFR9           

        CLASS   SFR10          

        CLASS   SFR11          

        CLASS   SFR12          

        CLASS   SFR13          

        CLASS   SFR14          

        CLASS   SFR15          

        CLASS   SFR16          

        CLASS   SFR17          

        CLASS   SFR18          

        CLASS   SFR19          

        CLASS   SFR20          

        CLASS   SFR21          

        CLASS   SFR22          

        CLASS   SFR23          

        CLASS   SFR24          

        CLASS   SFR25          

        CLASS   SFR26          

        CLASS   SFR27          

        CLASS   SFR28          

        CLASS   SFR29          

        CLASS   SFR30          

        CLASS   SFR31          

        CLASS   CONFIG         
                config                             8007     8007        2         4

        CLASS   IDLOC          
                idloc                              8000     8000        4         5

        CLASS   EEDATA         

        CLASS   BANK31         

        CLASS   BANK30         

        CLASS   BANK29         

        CLASS   BANK28         

        CLASS   BANK27         

        CLASS   BANK26         

        CLASS   BANK25         

        CLASS   BANK24         

        CLASS   BANK23         

        CLASS   BANK22         

        CLASS   BANK21         

        CLASS   BANK20         

        CLASS   BANK19         

        CLASS   BANK18         

        CLASS   BANK17         

        CLASS   BANK16         

        CLASS   BANK15         

        CLASS   BANK14         

        CLASS   BANK13         



SEGMENTS        Name                           Load    Length   Top    Selector   Space  Class     Delta

                reset_vec                      000000  000004  000004         0       0  CODE        2
                intentry                       000004  000804  000808         8       0  CODE        2
                cstackBANK0                    000020  00004D  00006D        20       1  BANK0       1
                cstackCOMMON                   000070  00000E  00007E        70       1  COMMON      1
                cstackBANK1                    0000A0  00004F  0000EF        A0       1  BANK1       1
                cstackBANK2                    000120  00002D  00014D       120       1  BANK2       1
                bssBANK3                       0001A0  00004D  0001ED       1A0       1  BANK3       1
                dataBANK4                      000220  000048  000268       220       1  BANK4       1
                cstackBANK5                    0002A0  000028  0002C8       2A0       1  BANK5       1
                text26                         000808  000067  00086F      1010       0  CODE        2
                text16                         00086F  000152  0009C1      10DE       0  CODE        2
                text14                         0009C1  0001B7  000B78      1382       0  CODE        2
                maintext                       000B78  000236  000DAE      16F0       0  CODE        2
                maintext_split_1               000DAE  000255  001003      1B5C       0  CODE        2
                text2                          001003  000030  001033      2006       0  CODE        2
                text118                        001033  000041  001074      2066       0  CODE        2
                text92                         001074  000046  0010BA      20E8       0  CODE        2
                text70                         0010BA  000048  001102      2174       0  CODE        2
                text50                         001102  000048  00114A      2204       0  CODE        2
                text21                         00114A  00004B  001195      2294       0  CODE        2
                text52                         001195  000051  0011E6      232A       0  CODE        2
                text41                         0011E6  000052  001238      23CC       0  CODE        2
                text93                         001238  000057  00128F      2470       0  CODE        2
                text20                         00128F  000057  0012E6      251E       0  CODE        2
                text38                         0012E6  00005C  001342      25CC       0  CODE        2
                text31                         001342  000089  0013CB      2684       0  CODE        2
                text13                         0013CB  00008C  001457      2796       0  CODE        2
                text27                         001457  000095  0014EC      28AE       0  CODE        2
                text45                         0014EC  0000ED  0015D9      29D8       0  CODE        2
                text46                         0015D9  000105  0016DE      2BB2       0  CODE        2
                text36                         0016DE  000122  001800      2DBC       0  CODE        2
                stringtext1                    001800  00004A  00184A      3000       0  STRCODE     2
                text120                        001871  000001  001872      30E2       0  CODE        2
                idataBANK1                     001872  000001  001873      30E4       0  CODE        2
                text106                        001873  000002  001875      30E6       0  CODE        2
                text116                        001875  000003  001878      30EA       0  CODE        2
                text115                        001878  000003  00187B      30F0       0  CODE        2
                text104                        00187B  000003  00187E      30F6       0  CODE        2
                text102                        00187E  000003  001881      30FC       0  CODE        2
                text98                         001881  000003  001884      3102       0  CODE        2
                text121                        001884  000004  001888      3108       0  CODE        2
                text119                        001888  000004  00188C      3110       0  CODE        2
                text103                        00188C  000004  001890      3118       0  CODE        2
                text101                        001890  000004  001894      3120       0  CODE        2
                text79                         001894  000004  001898      3128       0  CODE        2
                text67                         001898  000004  00189C      3130       0  CODE        2
                text100                        00189C  000005  0018A1      3138       0  CODE        2
                text96                         0018A1  000005  0018A6      3142       0  CODE        2
                text90                         0018A6  000005  0018AB      314C       0  CODE        2
                text89                         0018AB  000005  0018B0      3156       0  CODE        2
                text88                         0018B0  000005  0018B5      3160       0  CODE        2
                text87                         0018B5  000005  0018BA      316A       0  CODE        2
                text86                         0018BA  000005  0018BF      3174       0  CODE        2
                text85                         0018BF  000005  0018C4      317E       0  CODE        2
                text84                         0018C4  000005  0018C9      3188       0  CODE        2
                text83                         0018C9  000005  0018CE      3192       0  CODE        2
                text99                         0018CE  000006  0018D4      319C       0  CODE        2
                text62                         0018D4  000006  0018DA      31A8       0  CODE        2
                text61                         0018DA  000006  0018E0      31B4       0  CODE        2
                clrtext                        0018E0  000006  0018E6      31C0       0  CODE        2
                inittext                       0018E6  000006  0018EC      31CC       0  CODE        2
                text91                         0018EC  000007  0018F3      31D8       0  CODE        2
                text42                         0018F3  000007  0018FA      31E6       0  CODE        2
                text94                         0018FA  000008  001902      31F4       0  CODE        2
                text95                         001902  000009  00190B      3204       0  CODE        2
                text75                         00190B  000009  001914      3216       0  CODE        2
                text74                         001914  000009  00191D      3228       0  CODE        2
                text73                         00191D  000009  001926      323A       0  CODE        2
                text72                         001926  000009  00192F      324C       0  CODE        2
                text71                         00192F  000009  001938      325E       0  CODE        2
                text56                         001938  000009  001941      3270       0  CODE        2
                text69                         001941  00000C  00194D      3282       0  CODE        2
                text63                         00194D  00000C  001959      329A       0  CODE        2
                text8                          001959  00000C  001965      32B2       0  CODE        2
                text112                        001965  00000D  001972      32CA       0  CODE        2
                text64                         001972  00000D  00197F      32E4       0  CODE        2
                text49                         00197F  00000D  00198C      32FE       0  CODE        2
                text48                         00198C  00000D  001999      3318       0  CODE        2
                text47                         001999  00000D  0019A6      3332       0  CODE        2
                text25                         0019A6  00000D  0019B3      334C       0  CODE        2
                text24                         0019B3  00000D  0019C0      3366       0  CODE        2
                text23                         0019C0  00000D  0019CD      3380       0  CODE        2
                text22                         0019CD  00000D  0019DA      339A       0  CODE        2
                text4                          0019DA  00000D  0019E7      33B4       0  CODE        2
                text11                         0019E7  00000E  0019F5      33CE       0  CODE        2
                text114                        0019F5  000010  001A05      33EA       0  CODE        2
                text66                         001A05  000010  001A15      340A       0  CODE        2
                text60                         001A15  000010  001A25      342A       0  CODE        2
                text111                        001A25  000011  001A36      344A       0  CODE        2
                text110                        001A36  000011  001A47      346C       0  CODE        2
                text109                        001A47  000011  001A58      348E       0  CODE        2
                text108                        001A58  000011  001A69      34B0       0  CODE        2
                text1                          001A69  000013  001A7C      34D2       0  CODE        2
                idataBANK3                     001A7C  000014  001A90      34F8       0  CODE        2
                text59                         001A90  000015  001AA5      3520       0  CODE        2
                text34                         001AA5  000016  001ABB      354A       0  CODE        2
                text32                         001ABB  000017  001AD2      3576       0  CODE        2
                text107                        001AD2  000018  001AEA      35A4       0  CODE        2
                text58                         001AEA  000018  001B02      35D4       0  CODE        2
                text57                         001B02  000018  001B1A      3604       0  CODE        2
                text54                         001B1A  000019  001B33      3634       0  CODE        2
                text12                         001B33  000019  001B4C      3666       0  CODE        2
                text39                         001B4C  00001A  001B66      3698       0  CODE        2
                text122                        001B66  00001B  001B81      36CC       0  CODE        2
                text29                         001B81  00001B  001B9C      3702       0  CODE        2
                text28                         001B9C  00001B  001BB7      3738       0  CODE        2
                text15                         001BB7  00001B  001BD2      376E       0  CODE        2
                text44                         001BD2  00001C  001BEE      37A4       0  CODE        2
                text68                         001BEE  00001F  001C0D      37DC       0  CODE        2
                text65                         001C0D  00001F  001C2C      381A       0  CODE        2
                text53                         001C2C  00001F  001C4B      3858       0  CODE        2
                text77                         001C4B  000021  001C6C      3896       0  CODE        2
                text5                          001C6C  000021  001C8D      38D8       0  CODE        2
                text117                        001C8D  000022  001CAF      391A       0  CODE        2
                text19                         001CAF  000023  001CD2      395E       0  CODE        2
                text18                         001CD2  000023  001CF5      39A4       0  CODE        2
                text17                         001CF5  000023  001D18      39EA       0  CODE        2
                text10                         001D18  000025  001D3D      3A30       0  CODE        2
                text6                          001D3D  000026  001D63      3A7A       0  CODE        2
                text33                         001D63  000027  001D8A      3AC6       0  CODE        2
                idataBANK4                     001D8A  000028  001DB2      3B14       0  CODE        2
                text40                         001DB2  000029  001DDB      3B64       0  CODE        2
                text51                         001DDB  00002C  001E07      3BB6       0  CODE        2
                text82                         001E07  00002D  001E34      3C0E       0  CODE        2
                text43                         001E34  00002D  001E61      3C68       0  CODE        2
                text80                         001E61  00002E  001E8F      3CC2       0  CODE        2
                text97                         001E8F  00002F  001EBE      3D1E       0  CODE        2
                text55                         001EBE  00002F  001EED      3D7C       0  CODE        2
                text30                         001EED  00002F  001F1C      3DDA       0  CODE        2
                text35                         001F1C  000034  001F50      3E38       0  CODE        2
                text9                          001F50  000038  001F88      3EA0       0  CODE        2
                text3                          001F88  000038  001FC0      3F10       0  CODE        2
                text7                          001FC0  000040  002000      3F80       0  CODE        2
                stringtext2                    002000  0007A0  0027A0      4000       0  STRCODE     2


UNUSED ADDRESS RANGES

        Name                Unused          Largest block    Delta
        BANK0            000006D-000006F                 3           1
        BANK1            00000EF-00000EF                 1           1
        BANK10           0000520-000056F                50           1
        BANK11           00005A0-00005EF                50           1
        BANK12           0000620-000064F                30           1
        BANK2            000014D-000016F                23           1
        BANK3            00001ED-00001EF                 3           1
        BANK4            0000268-000026F                 8           1
        BANK5            00002C8-00002EF                28           1
        BANK6            0000320-000036F                50           1
        BANK7            00003A0-00003EF                50           1
        BANK8            0000420-000046F                50           1
        BANK9            00004A0-00004EF                50           1
        BIGRAM           0002000-00023EF               3F0           1
        CODE             000184A-0001870                27           2
                         00027A0-0003FFF               800
        CONST            000184A-0001870                27           2
                         00027A0-0003FFF               100
        EEDATA           000F000-000F0FF               100           2
        ENTRY            000184A-0001870                27           2
                         00027A0-0003FFF               100
        RAM              000006D-000006F                 3           1
                         00000EF-00000EF                 1
                         000014D-000016F                23
                         00001ED-00001EF                 3
                         0000268-000026F                 8
                         00002C8-00002EF                28
                         0000320-000036F                50
                         00003A0-00003EF                50
                         0000420-000046F                50
                         00004A0-00004EF                50
                         0000520-000056F                50
                         00005A0-00005EF                50
                         0000620-000064F                30
        SFR0             0000000-000001F                20           1
        SFR1             0000080-000009F                20           1
        SFR10            0000500-000051F                20           1
        SFR11            0000580-000059F                20           1
        SFR12            0000600-000061F                20           1
        SFR13            0000680-00006EF                70           1
        SFR14            0000700-000076F                70           1
        SFR15            0000780-00007EF                70           1
        SFR16            0000800-000086F                70           1
        SFR17            0000880-00008EF                70           1
        SFR18            0000900-000096F                70           1
        SFR19            0000980-00009EF                70           1
        SFR2             0000100-000011F                20           1
        SFR20            0000A00-0000A6F                70           1
        SFR21            0000A80-0000AEF                70           1
        SFR22            0000B00-0000B6F                70           1
        SFR23            0000B80-0000BEF                70           1
        SFR24            0000C00-0000C6F                70           1
        SFR25            0000C80-0000CEF                70           1
        SFR26            0000D00-0000D6F                70           1
        SFR27            0000D80-0000DEF                70           1
        SFR28            0000E00-0000E6F                70           1
        SFR29            0000E80-0000EEF                70           1
        SFR3             0000180-000019F                20           1
        SFR30            0000F00-0000F6F                70           1
        SFR31            0000F80-0000FEF                70           1
        SFR4             0000200-000021F                20           1
        SFR5             0000280-000029F                20           1
        SFR6             0000300-000031F                20           1
        SFR7             0000380-000039F                20           1
        SFR8             0000400-000041F                20           1
        SFR9             0000480-000049F                20           1
        STACK            00021B8-00023EF               238           1
        STRCODE          000184A-0001870                27           2
                         00027A0-0003FFF              1860
        STRING           000184A-0001870                27           2
                         00027A0-0003FFF               100

                                  Symbol Table

?_ADC_GetConversion                            cstackBANK0      0000023
?___aodiv                                      cstackBANK0      0000023
?___aomod                                      cstackBANK0      0000023
?_abs                                          cstackBANK0      0000036
?_dtoa                                         cstackBANK0      000003F
?_pad                                          cstackBANK0      0000036
?_printf                                       cstackBANK1      00000AD
?_sprintf                                      cstackBANK1      00000AD
?_strcat                                       cstackBANK0      0000033
?_strlen                                       cstackBANK0      0000023
?_vfpfcnvrt                                    cstackBANK0      000005D
?_vfprintf                                     cstackBANK0      0000064
ADC_GetConversion@channel                      cstackBANK0      0000026
EUSART_Read@readValue                          cstackBANK0      0000024
EUSART_SetErrorHandler@interruptHandler        cstackBANK0      0000023
EUSART_SetFramingErrorHandler@interruptHandler cstackBANK0      0000023
EUSART_SetOverrunErrorHandler@interruptHandler cstackBANK0      0000023
EUSART_SetRxInterruptHandler@interruptHandler  cstackBANK0      0000023
EUSART_SetTxInterruptHandler@interruptHandler  cstackBANK0      0000023
EUSART_Write@txData                            cstackBANK0      0000024
I2C_CallbackReturnReset@funPtr                 cstackCOMMON     0000079
I2C_MasterSendTxData@data                      cstackCOMMON     0000070
I2C_Master_Write@data                          cstackBANK0      0000023
I2C_SetBuffer@buffer                           cstackCOMMON     0000073
I2C_SetBuffer@bufferSize                       cstackCOMMON     0000070
I2C_SetCallback@cb                             cstackCOMMON     0000070
I2C_SetCallback@idx                            cstackCOMMON     0000074
I2C_SetCallback@ptr                            cstackCOMMON     0000072
I2C_SetDataCompleteCallback@cb                 cstackCOMMON     0000075
I2C_SetDataCompleteCallback@ptr                cstackCOMMON     0000077
IO_Expander_Write@Data                         cstackBANK0      0000024
LCD_CMD@CMD                                    cstackBANK0      0000028
LCD_Init@I2C_Add                               cstackBANK0      000002B
LCD_Set_Cursor@COL                             cstackBANK0      0000029
LCD_Set_Cursor@ROW                             cstackBANK0      000002C
LCD_Write_4Bit@Nibble                          cstackBANK0      0000026
LCD_Write_Char@Data                            cstackBANK0      0000028
LCD_Write_String@Str                           cstackBANK0      0000029
LCD_Write_String@i                             cstackBANK0      000002C
_ACKDT                                         (abs)            00010B5
_ACKEN                                         (abs)            00010B4
_ACKSTAT                                       (abs)            00010B6
_ADCON0                                        (abs)            000009D
_ADCON0bits                                    (abs)            000009D
_ADCON1                                        (abs)            000009E
_ADC_GetConversion                             text77           0001C4B
_ADC_Initialize                                text76           0000800
_ADRESH                                        (abs)            000009C
_ADRESL                                        (abs)            000009B
_ANSELA                                        (abs)            000018C
_ANSELB                                        (abs)            000018D
_ANSELD                                        (abs)            000018F
_ANSELE                                        (abs)            0000190
_APFCON                                        (abs)            000011D
_BAUDCON                                       (abs)            000019F
_BORCON                                        (abs)            0000116
_BackLight_State                               dataBANK1        00000EE
_EEADRH                                        (abs)            0000192
_EEADRL                                        (abs)            0000191
_EECON1bits                                    (abs)            0000195
_EECON2                                        (abs)            0000196
_EEDATH                                        (abs)            0000194
_EEDATL                                        (abs)            0000193
_EUSART_DefaultErrorHandler                    text121          0001884
_EUSART_DefaultFramingErrorHandler             text120          0001871
_EUSART_DefaultOverrunErrorHandler             text119          0001888
_EUSART_ErrorHandler                           bssBANK2         0000145
_EUSART_FramingErrorHandler                    bssBANK2         0000149
_EUSART_Initialize                             text70           00010BA
_EUSART_OverrunErrorHandler                    bssBANK2         0000147
_EUSART_Read                                   text30           0001EED
_EUSART_Receive_ISR                            text118          0001033
_EUSART_RxDataHandler                          text122          0001B66
_EUSART_RxDefaultInterruptHandler              bssBANK2         000014B
_EUSART_SetErrorHandler                        text75           000190B
_EUSART_SetFramingErrorHandler                 text74           0001914
_EUSART_SetOverrunErrorHandler                 text73           000191D
_EUSART_SetRxInterruptHandler                  text72           0001926
_EUSART_SetTxInterruptHandler                  text71           000192F
_EUSART_Transmit_ISR                           text117          0001C8D
_EUSART_TxDefaultInterruptHandler              bssBANK1         00000E5
_EUSART_Write                                  text43           0001E34
_GIE                                           (abs)            000005F
_I2C_CallbackReturnReset                       text105          0000002
_I2C_CallbackReturnStop                        text106          0001873
_I2C_DO_ADDRESS_NACK                           text82           0001E07
_I2C_DO_IDLE                                   text96           00018A1
_I2C_DO_RCEN                                   text91           00018EC
_I2C_DO_RESET                                  text83           00018C9
_I2C_DO_RX                                     text92           0001074
_I2C_DO_RX_ACK                                 text86           00018BA
_I2C_DO_RX_NACK_RESTART                        text84           00018C4
_I2C_DO_RX_NACK_STOP                           text85           00018BF
_I2C_DO_SEND_ADR_READ                          text95           0001902
_I2C_DO_SEND_ADR_WRITE                         text94           00018FA
_I2C_DO_SEND_RESTART                           text88           00018B0
_I2C_DO_SEND_RESTART_READ                      text90           00018A6
_I2C_DO_SEND_RESTART_WRITE                     text89           00018AB
_I2C_DO_SEND_STOP                              text87           00018B5
_I2C_DO_TX                                     text93           0001238
_I2C_DO_TX_EMPTY                               text97           0001E8F
_I2C_MasterClearIrq                            text81           0001000
_I2C_MasterEnableRestart                       text116          0001875
_I2C_MasterFsm                                 text80           0001E61
_I2C_MasterGetRxData                           text102          000187E
_I2C_MasterIsNack                              text99           00018CE
_I2C_MasterIsr                                 text79           0001894
_I2C_MasterSendAck                             text101          0001890
_I2C_MasterSendNack                            text103          000188C
_I2C_MasterSendTxData                          text100          000189C
_I2C_MasterSetIrq                              text98           0001881
_I2C_MasterStartRx                             text104          000187B
_I2C_MasterStop                                text115          0001878
_I2C_Master_Start                              text62           00018D4
_I2C_Master_Stop                               text61           00018DA
[...]
alerteDefautEtape16@autom                      cstackBANK1      00000DB
alerteDefautEtape16@eol                        cstackBANK2      0000120
alerteDefautEtape16@error                      cstackBANK2      000012A
alerteDefautEtape16@etape                      cstackBANK1      00000D7
alerteDefautEtape16@prog                       cstackBANK1      00000DC
alerteDefautEtape16@reponse                    cstackBANK2      0000140
alerteDefautEtape16@testAct                    cstackBANK1      00000D9
alerteDefautEtape16@testVoy                    cstackBANK1      00000DA
alimenter@active                               cstackBANK0      0000023
analyseCodeBLE@bleCode                         cstackBANK0      0000023
attenteAquittement@autom                       cstackBANK1      00000B0
attenteAquittement@reception                   cstackBANK1      00000B6
attenteAquittement@repOperateur                cstackBANK1      00000B7
attenteAquittement@testAct                     cstackBANK1      00000B2
attenteDemarrage2@autom                        cstackBANK1      00000B6
attenteDemarrage2@prog                         cstackBANK1      00000B1
attenteDemarrage2@reception                    cstackBANK1      00000B4
attenteDemarrage2@repOperateur                 cstackBANK1      00000B5
attenteDemarrage2@testAct                      cstackBANK1      00000B0
btemp                                          (abs)            000007E
clear_ram0                                     clrtext          00018E0
displayManager@s1                              cstackBANK0      000002E
displayManager@s2                              cstackBANK0      0000030
displayManager@s3                              cstackBANK0      0000032
displayManager@s4                              cstackBANK0      0000034
displayManagerMaster@s1                        cstackBANK0      0000038
displayManagerMaster@s2                        cstackBANK0      000003A
displayManagerMaster@s3                        cstackBANK0      000003C
displayManagerMaster@s4                        cstackBANK0      000003E
dtoa@d                                         cstackBANK0      000003F
dtoa@fp                                        cstackBANK0      000004A
dtoa@i                                         cstackBANK0      000005B
dtoa@n                                         cstackBANK0      0000053
dtoa@p                                         cstackBANK0      000004D
dtoa@s                                         cstackBANK0      0000051
dtoa@w                                         cstackBANK0      000004F
end_of_initialization                          cinit            000008E
errorAlert@i                                   cstackBANK0      000002A
errorAlert@j                                   cstackBANK0      0000028
fputc@c                                        cstackBANK0      0000026
fputc@fp                                       cstackBANK0      0000028
fputs@c                                        cstackBANK0      0000032
fputs@fp                                       cstackBANK0      000002E
fputs@i                                        cstackBANK0      0000033
fputs@s                                        cstackBANK0      0000035
getBLEindentifier@bleCode                      cstackBANK0      0000035
getBLEindentifier@i                            cstackBANK0      0000033
getCharacterFormRx@N                           cstackBANK0      000002E
getCharacterFormRx@i                           cstackBANK0      000002F
getCharacterFormRx@reading                     cstackBANK0      000002C
init_ram                                       inittext         00018E6
initialConditions@autom                        cstackBANK1      00000B4
initialConditions@prog                         cstackBANK1      00000B6
initialConditions@testAct                      cstackBANK1      00000B0
initialConditions@testVoy                      cstackBANK1      00000B2
int$flags                                      (abs)            000007E
intlevel0                                      functab          0000000
intlevel1                                      functab          0000000
intlevel2                                      functab          0000000
intlevel3                                      functab          0000000
intlevel4                                      functab          0000000
intlevel5                                      functab          0000000
ledConforme@active                             cstackBANK0      0000023
ledNonConforme@active                          cstackBANK0      0000023
ledProgession@active                           cstackBANK0      0000023
main@automatique                               cstackBANK5      00002C5
main@bleCode                                   cstackBANK5      00002A0
main@buffer                                    cstackBANK5      00002B5
main@buffer_1720                               cstackBANK5      00002B7
main@lectureAN1                                cstackBANK5      00002C2
main@master                                    cstackBANK5      00002B9
main@programmation                             cstackBANK5      00002C4
main@slaveInTest                               cstackBANK5      00002BA
main@slaveWaiting                              cstackBANK5      00002BB
main@slectureAN1                               cstackBANK5      00002BC
main@testActif                                 cstackBANK5      00002C7
main@testLeds                                  cstackBANK5      00002C1
main@testVoyants                               cstackBANK5      00002C6
okAlert@i                                      cstackBANK1      00000B1
pad@buf                                        cstackBANK0      0000036
pad@fp                                         cstackBANK0      000003E
pad@i                                          cstackBANK0      000003A
pad@p                                          cstackBANK0      0000037
pad@w                                          cstackBANK0      000003C
pnum$maintext                                  (abs)            0000090
pnum$maintext_split_1                          (abs)            000010D
pnum$maintext_split_2                          (abs)            000010E
pressBP1@active                                cstackBANK0      0000023
pressBP2@active                                cstackBANK0      0000023
printf@ap                                      cstackBANK1      00000AF
printf@fmt                                     cstackBANK1      00000AD
psplit$0                                       (abs)            090010D
psplit$1                                       (abs)            10D010E
putch@txData                                   cstackBANK0      0000025
rd1RegCompleteHandler@ptr                      cstackCOMMON     0000079
rd2RegCompleteHandler@ptr                      cstackCOMMON     0000079
rdBlkRegCompleteHandler@ptr                    cstackCOMMON     0000079
reponseOperateur@automatique                   cstackBANK0      0000028
reponseOperateur@reception                     cstackBANK0      0000027
reponseOperateur@repOperateur                  cstackBANK0      000002A
reponseOperateur@reponse                       cstackBANK0      0000029
reset_vec                                      reset_vec        0000000
setCharacterBit@K                              cstackBANK0      0000025
setCharacterBit@N                              cstackBANK0      0000028
setCharacterBit@reading                        cstackBANK0      0000023
setHorloge@active                              cstackBANK0      0000023
setP1@active                                   cstackBANK0      0000023
setP2@active                                   cstackBANK0      0000023
sortieErreur@autom                             cstackBANK1      00000B8
sortieErreur@prog                              cstackBANK1      00000BE
sortieErreur@testAct                           cstackBANK1      00000BA
sortieErreur@testVoy                           cstackBANK1      00000BC
sprintf@ap                                     cstackBANK1      00000B3
sprintf@f                                      cstackBANK1      00000B5
sprintf@fmt                                    cstackBANK1      00000AD
sprintf@ret                                    cstackBANK1      00000B1
sprintf@s                                      cstackBANK1      00000B4
start                                          init             000004A
startAlert@i                                   cstackBANK0      0000028
startPhaseBLE@i                                cstackBANK0      0000026
startPhaseBLE@phase                            cstackBANK0      0000023
start_initialization                           cinit            000004C
strcat@dest                                    cstackBANK0      0000033
strcat@src                                     cstackBANK0      0000035
strcpy@d                                       cstackBANK0      0000031
strcpy@dest                                    cstackBANK0      0000027
strcpy@s                                       cstackBANK0      000002F
strcpy@src                                     cstackBANK0      0000029
strlen@a                                       cstackBANK0      0000025
strlen@s                                       cstackBANK0      0000023
testNOK@active                                 cstackBANK0      0000024
testNOK@result                                 cstackBANK0      0000023
testOK@active                                  cstackBANK0      0000024
testOK@result                                  cstackBANK0      0000023
testR1@active                                  cstackBANK0      0000024
testR1@result                                  cstackBANK0      0000023
testR2@active                                  cstackBANK0      0000024
testR2@result                                  cstackBANK0      0000023
testR3@active                                  cstackBANK0      0000024
testR3@result                                  cstackBANK0      0000023
vfpfcnvrt@ap                                   cstackBANK0      000005E
vfpfcnvrt@fmt                                  cstackBANK0      000005D
vfpfcnvrt@fp                                   cstackBANK1      00000A9
vfpfcnvrt@ll                                   cstackBANK1      00000A0
vfpfcnvrt@vp                                   cstackBANK1      00000A8
vfprintf@ap                                    cstackBANK0      0000066
vfprintf@cfmt                                  cstackBANK1      00000AB
vfprintf@fmt                                   cstackBANK0      0000064
vfprintf@fp                                    cstackBANK1      00000AA
wr1RegCompleteHandler@ptr                      cstackCOMMON     0000079
wr2RegCompleteHandler@ptr                      cstackCOMMON     0000079
wtemp0                                         (abs)            000007E


MODULE INFORMATION

Module		Function		Class		Link	Load	Size
C:\Program Files\Microchip\xc8\v2.32\pic\sources\c99\common\nf_sprintf.c
		_sprintf       		CODE           	1F88	0000	56

C:\Program Files\Microchip\xc8\v2.32\pic\sources\c99\common\nf_sprintf.c estimated size: 56

C:\Program Files\Microchip\xc8\v2.32\pic\sources\c99\common\doprnt.c
		_vfpfcnvrt     		CODE           	16DE	0000	290
		_pad           		CODE           	12E6	0000	92
		_dtoa          		CODE           	0666	0000	368
		_vfprintf      		CODE           	1F1C	0000	52

C:\Program Files\Microchip\xc8\v2.32\pic\sources\c99\common\doprnt.c estimated size: 802

mcc_generated_files/interrupt_manager.c
		_INTERRUPT_InterruptManager		CODE           	0004	0000	70

mcc_generated_files/interrupt_manager.c estimated size: 70

mcc_generated_files/examples/i2c_master_example.c
		_wr1RegCompleteHandler		CODE           	1A58	0000	17
		_wr2RegCompleteHandler		CODE           	1A25	0000	17
		_rdBlkRegCompleteHandler		CODE           	1AD2	0000	24
		_rd1RegCompleteHandler		CODE           	1A36	0000	17
		_rd2RegCompleteHandler		CODE           	1A47	0000	17

mcc_generated_files/examples/i2c_master_example.c estimated size: 92

mcc_generated_files/pin_manager.c
		_PIN_MANAGER_Initialize		CODE           	1BEE	0000	31

mcc_generated_files/pin_manager.c estimated size: 31

C:\Program Files\Microchip\xc8\v2.32\pic\sources\c99\common\nf_fputs.c
		_fputs         		CODE           	1DB2	0000	41

C:\Program Files\Microchip\xc8\v2.32\pic\sources\c99\common\nf_fputs.c estimated size: 41

mcc_generated_files/adc.c
		_ADC_Initialize		CODE           	0800	0000	8
		_ADC_GetConversion		CODE           	1C4B	0000	33

mcc_generated_files/adc.c estimated size: 41

C:\Program Files\Microchip\xc8\v2.32\pic\sources\c99\common\abs.c
		_abs           		CODE           	1BD2	0000	28

C:\Program Files\Microchip\xc8\v2.32\pic\sources\c99\common\abs.c estimated size: 28

C:\Program Files\Microchip\xc8\v2.32\pic\sources\c99\common\aomod.c
		___aomod       		CODE           	14EC	0000	237

C:\Program Files\Microchip\xc8\v2.32\pic\sources\c99\common\aomod.c estimated size: 237

shared
		__initialization		CODE           	004C	0000	66
		_i2c_fsmStateTable		STRCODE        	1800	0000	32

shared estimated size: 98

I2C_LCD.c
		_LCD_Init      		CODE           	13CB	0000	140
		_LCD_Write_4Bit		CODE           	1AEA	0000	24
		_LCD_Write_Char		CODE           	1B1A	0000	25
		_LCD_CMD       		CODE           	1B02	0000	24
		_I2C_Master_Wait		CODE           	194D	0000	12
		_I2C_Master_Stop		CODE           	18DA	0000	6
		_LCD_Set_Cursor		CODE           	1EBE	0000	47
		_LCD_Clear     		CODE           	1938	0000	9
		_IO_Expander_Write		CODE           	1A90	0000	21
		_I2C_Master_Write		CODE           	1A15	0000	16
		_I2C_Master_Start		CODE           	18D4	0000	6
		_LCD_Write_String		CODE           	1C2C	0000	31

I2C_LCD.c estimated size: 361

mcc_generated_files/mcc.c
		_WDT_Initialize		CODE           	1898	0000	4
		_OSCILLATOR_Initialize		CODE           	1941	0000	12
		_SYSTEM_Initialize		CODE           	1A05	0000	16

mcc_generated_files/mcc.c estimated size: 32

display.c
		_displayManagerMaster		CODE           	1B33	0000	25
		_displayManager		CODE           	1195	0000	81

display.c estimated size: 106

C:\Program Files\Microchip\xc8\v2.32\pic\sources\c99\common\strcat.c
		_strcat        		CODE           	1ABB	0000	23

C:\Program Files\Microchip\xc8\v2.32\pic\sources\c99\common\strcat.c estimated size: 23

mcc_generated_files/i2c_master.c
		_I2C_MasterStartRx		CODE           	187B	0000	3
		_I2C_DO_SEND_ADR_WRITE		CODE           	18FA	0000	8
		_I2C_DO_SEND_STOP		CODE           	18B5	0000	5
		_I2C_MasterSendNack		CODE           	188C	0000	4
		_I2C_CallbackReturnStop		CODE           	1873	0000	2
		_I2C_DO_SEND_ADR_READ		CODE           	1902	0000	9
		_I2C_DO_RX_NACK_STOP		CODE           	18BF	0000	5
		_I2C_DO_SEND_RESTART		CODE           	18B0	0000	5
		_I2C_DO_RX     		CODE           	1074	0000	70
		_I2C_DO_TX     		CODE           	1238	0000	87
		_I2C_DO_IDLE   		CODE           	18A1	0000	5
		_I2C_DO_RCEN   		CODE           	18EC	0000	7
		_I2C_DO_RESET  		CODE           	18C9	0000	5
		_I2C_DO_RX_ACK 		CODE           	18BA	0000	5
		_I2C_MasterClearIrq		CODE           	1000	0000	3
		_I2C_MasterGetRxData		CODE           	187E	0000	3
		_I2C_SetCallback		CODE           	07D6	0000	42
		_I2C_DO_ADDRESS_NACK		CODE           	1E07	0000	45
		_I2C_MasterEnableRestart		CODE           	1875	0000	3
		_I2C_CallbackReturnReset		CODE           	0002	0000	2
		_I2C_DO_TX_EMPTY		CODE           	1E8F	0000	47
		_I2C_DO_SEND_RESTART_WRITE		CODE           	18AB	0000	5
		_I2C_MasterIsNack		CODE           	18CE	0000	6
		_I2C_SetDataCompleteCallback		CODE           	1965	0000	13
		_I2C_DO_RX_NACK_RESTART		CODE           	18C4	0000	5
		_I2C_MasterSendAck		CODE           	1890	0000	4
		_I2C_MasterFsm 		CODE           	1E61	0000	46
		_I2C_MasterIsr 		CODE           	1894	0000	4
		_I2C_MasterSetIrq		CODE           	1881	0000	3
		_I2C_DO_SEND_RESTART_READ		CODE           	18A6	0000	5
		_I2C_SetBuffer 		CODE           	19F5	0000	16
		_I2C_MasterSendTxData		CODE           	189C	0000	5
		_I2C_MasterStop		CODE           	1878	0000	3

mcc_generated_files/i2c_master.c estimated size: 480

mcc_generated_files/eusart.c
		_EUSART_SetRxInterruptHandler		CODE           	1926	0000	9
		_EUSART_SetTxInterruptHandler		CODE           	192F	0000	9
		_putch         		CODE           	18F3	0000	7
		_EUSART_Read   		CODE           	1EED	0000	47
		_EUSART_DefaultOverrunErrorHandler		CODE           	1888	0000	4
		_EUSART_Write  		CODE           	1E34	0000	45
		_EUSART_DefaultErrorHandler		CODE           	1884	0000	4
		_EUSART_Transmit_ISR		CODE           	1C8D	0000	34
		_EUSART_Initialize		CODE           	10BA	0000	72
		_EUSART_SetFramingErrorHandler		CODE           	1914	0000	9
		_EUSART_SetErrorHandler		CODE           	190B	0000	9
		_EUSART_SetOverrunErrorHandler		CODE           	191D	0000	9
		_EUSART_Receive_ISR		CODE           	1033	0000	65
		_EUSART_RxDataHandler		CODE           	1B66	0000	27
		_EUSART_DefaultFramingErrorHandler		CODE           	1871	0000	1

mcc_generated_files/eusart.c estimated size: 351

C:\Program Files\Microchip\xc8\v2.32\pic\sources\c99\common\printf.c
		_printf        		CODE           	1AA5	0000	22

C:\Program Files\Microchip\xc8\v2.32\pic\sources\c99\common\printf.c estimated size: 22

C:\Program Files\Microchip\xc8\v2.32\pic\sources\c99\common\nf_fputc.c
		_fputc         		CODE           	11E6	0000	82

C:\Program Files\Microchip\xc8\v2.32\pic\sources\c99\common\nf_fputc.c estimated size: 82

tester.c
		_okAlert       		CODE           	1C6C	0000	33
		_testR3        		CODE           	1CF5	0000	35
		_alerteDefaut  		CODE           	1342	0000	137
		_initialConditions		CODE           	114A	0000	75
		_attenteDemarrage2		CODE           	09C1	0000	439
		_setHorloge    		CODE           	19DA	0000	13
		_errorAlert    		CODE           	1102	0000	72
		_alimenter     		CODE           	1972	0000	13
		_testR1        		CODE           	1CAF	0000	35
		_ledProgession 		CODE           	1999	0000	13
		_attenteAquittement		CODE           	0808	0000	103
		_getBLEindentifier		CODE           	1FC0	0000	64
		_activeCLK     		CODE           	19E7	0000	14
		_getCharacterFormRx		CODE           	1F50	0000	56
		_startAlert    		CODE           	1D3D	0000	38
		_pressBP1      		CODE           	19A6	0000	13
		_pressBP2      		CODE           	19B3	0000	13
		_setCharacterBit		CODE           	1D18	0000	37
		_releaseCLK    		CODE           	1959	0000	12
		_testNOK       		CODE           	1B81	0000	27
		_ledConforme   		CODE           	197F	0000	13
		_alerteDefautEtape16		CODE           	086F	0000	338
		_testR2        		CODE           	1CD2	0000	35
		_waitForBleAcq 		CODE           	1A69	0000	19
		_ledNonConforme		CODE           	198C	0000	13
		_setP1         		CODE           	19C0	0000	13
		_testOK        		CODE           	1B9C	0000	27
		_activerTouche 		CODE           	1C0D	0000	31
		_activerBuzzer 		CODE           	1DDB	0000	44
		_startPhaseBLE 		CODE           	1003	0000	48
		_sortieErreur  		CODE           	128F	0000	87
		_setP2         		CODE           	19CD	0000	13
		_analyseCodeBLE		CODE           	1BB7	0000	27
		_reponseOperateur		CODE           	1457	0000	149

tester.c estimated size: 2099

C:\Program Files\Microchip\xc8\v2.32\pic\sources\c99\common\aodiv.c
		___aodiv       		CODE           	15D9	0000	261

C:\Program Files\Microchip\xc8\v2.32\pic\sources\c99\common\aodiv.c estimated size: 261

main.c
		_main          		CODE           	0B78	0000	2652

main.c estimated size: 2652

C:\Program Files\Microchip\xc8\v2.32\pic\sources\c99\common\strlen.c
		_strlen        		CODE           	1B4C	0000	26

C:\Program Files\Microchip\xc8\v2.32\pic\sources\c99\common\strlen.c estimated size: 26

C:\Program Files\Microchip\xc8\v2.32\pic\sources\c99\common\strcpy.c
		_strcpy        		CODE           	1D63	0000	39

C:\Program Files\Microchip\xc8\v2.32\pic\sources\c99\common\strcpy.c estimated size: 39

