Microchip MPLAB XC8 Compiler V2.32

Linker command line:

-W-3 --edf=C:\Program Files\Microchip\xc8\v2.32\pic\dat\en_msgs.txt -cn \
  -h+dist/default/production\galeoTesterBiModuleMasterBLE.X.production.sym \
  --cmf=dist/default/production\galeoTesterBiModuleMasterBLE.X.production.cmf \
  -z -Q16LF1939 -oC:\Users\Michel\AppData\Local\Temp\xcAs590.4 \
  --defsym=__MPLAB_BUILD=1 \
  -Mdist/default/production/galeoTesterBiModuleMasterBLE.X.production.map \
  -E1 -ver=XC8 Compiler --acfsm=1493 -ASTACK=021DBh-023EFh -pstack=STACK \
  -ACODE=00h-07FFhx8 -ASTRCODE=00h-03FFFh -ASTRING=00h-0FFhx64 \
  -ACONST=00h-0FFhx64 -AENTRY=00h-0FFhx64 -ACOMMON=070h-07Fh \
  -ABANK0=020h-06Fh -ABANK1=0A0h-0EFh -ABANK2=0120h-016Fh \
  -ABANK3=01A0h-01EFh -ABANK4=0220h-026Fh -ABANK5=02A0h-02EFh \
  -ABANK6=0320h-036Fh -ABANK7=03A0h-03EFh -ABANK8=0420h-046Fh \
  -ABANK9=04A0h-04EFh -ABANK10=0520h-056Fh -ABANK11=05A0h-05EFh \
  -ABANK12=0620h-064Fh -ABIGRAM=02000h-023EFh \
  -ARAM=020h-06Fh,0A0h-0EFh,0120h-016Fh,01A0h-01EFh,0220h-026Fh,02A0h-02EFh,0320h-036Fh,03A0h-03EFh,0420h-046Fh,04A0h-04EFh,0520h-056Fh,05A0h-05EFh,0620h-064Fh \
  -AABS1=020h-07Fh,0A0h-0EFh,0120h-016Fh,01A0h-01EFh,0220h-026Fh,02A0h-02EFh,0320h-036Fh,03A0h-03EFh,0420h-046Fh,04A0h-04EFh,0520h-056Fh,05A0h-05EFh,0620h-064Fh \
  -ASFR0=00h-01Fh -ASFR1=080h-09Fh -ASFR2=0100h-011Fh -ASFR3=0180h-019Fh \
  -ASFR4=0200h-021Fh -ASFR5=0280h-029Fh -ASFR6=0300h-031Fh \
  -ASFR7=0380h-039Fh -ASFR8=0400h-041Fh -ASFR9=0480h-049Fh \
  -ASFR10=0500h-051Fh -ASFR11=0580h-059Fh -ASFR12=0600h-061Fh \
  -ASFR13=0680h-06EFh -ASFR14=0700h-076Fh -ASFR15=0780h-07EFh \
  -ASFR16=0800h-086Fh -ASFR17=0880h-08EFh -ASFR18=0900h-096Fh \
  -ASFR19=0980h-09EFh -ASFR20=0A00h-0A6Fh -ASFR21=0A80h-0AEFh \
  -ASFR22=0B00h-0B6Fh -ASFR23=0B80h-0BEFh -ASFR24=0C00h-0C6Fh \
  -ASFR25=0C80h-0CEFh -ASFR26=0D00h-0D6Fh -ASFR27=0D80h-0DEFh \
  -ASFR28=0E00h-0E6Fh -ASFR29=0E80h-0EEFh -ASFR30=0F00h-0F6Fh \
  -ASFR31=0F80h-0FEFh -ACONFIG=08007h-08008h -DCONFIG=2 \
  -AIDLOC=08000h-08003h -DIDLOC=2 -AEEDATA=00h-0FFh/0F000h \
  -peeprom_data=EEDATA -DEEDATA=2 -DCODE=2 -DSTRCODE=2 -DSTRING=2 -DCONST=2 \
  -DENTRY=2 -preset_vec=00h,intentry=04h,init,end_init -ppowerup=CODE \
  -pcinit=CODE -pfunctab=ENTRY -k \
  C:\Users\Michel\AppData\Local\Temp\xcAs590.o \
  dist/default/production\galeoTesterBiModuleMasterBLE.X.production.o 

Object code version is 3.11

Machine type is 16LF1939



                Name                               Link     Load   Length Selector   Space Scale
C:\Users\Michel\AppData\Local\Temp\xcAs590.o
                end_init                             4A       4A        2        8       0
                reset_vec                             0        0        2        0       0
                config                             8007     8007        2        0       4
                idloc                              8000     8000        4        0       5
dist/default/production\galeoTesterBiModuleMasterBLE.X.production.o
                cinit                                4C       4C       43        8       0
                intentry                              4        4       46        8       0
                maintext_split_3                    807      807      7F9     100E       0
                maintext_split_2                   14E0     14E0      320     29C0       0
                maintext_split_1                   1C70     1C70      11C     38E0       0
                config                             8007     8007        2        0       4
                idloc                              8000     8000        4        0       5
                text136                            2039     2039       1B     4072       0
                text135                            2D08     2D08        4     5A10       0
                text134                            2CF2     2CF2        1     59E4       0
                text133                            2D0C     2D0C        4     5A18       0
                text132                            1004     1004       41     2008       0
                text131                            2160     2160       22     42C0       0
                text130                            2CF6     2CF6        3     59EC       0
                text129                            2CF9     2CF9        3     59F2       0
                text128                            2EBD     2EBD       10     5D7A       0
                text127                            2286     2286       2A     450C       0
                text126                            2E0F     2E0F        D     5C1E       0
                text125                            2EED     2EED       11     5DDA       0
                text124                            2EFE     2EFE       11     5DFC       0
                text123                            2F0F     2F0F       11     5E1E       0
                text122                            2F20     2F20       11     5E40       0
                text121                            2F86     2F86       18     5F0C       0
                text120                            2CF4     2CF4        2     59E8       0
                text119                               2        2        2        0       0
                text118                            2CFC     2CFC        3     59F8       0
                text117                            2D10     2D10        4     5A20       0
                text116                            2CFF     2CFF        3     59FE       0
                text115                            2D14     2D14        4     5A28       0
                text114                            2D18     2D18        5     5A30       0
                text113                            2D68     2D68        6     5AD0       0
                text112                            2D02     2D02        3     5A04       0
                text111                            2364     2364       2F     46C8       0
                text110                            2D1D     2D1D        5     5A3A       0
                text109                            2D97     2D97        9     5B2E       0
                text108                            2D87     2D87        8     5B0E       0
                text107                            26F6     26F6       57     4DEC       0
                text106                            2537     2537       46     4A6E       0
                text105                            2D80     2D80        7     5B00       0
                text104                            2D22     2D22        5     5A44       0
                text103                            2D27     2D27        5     5A4E       0
                text102                            2D2C     2D2C        5     5A58       0
                text101                            2D31     2D31        5     5A62       0
                text100                            2D36     2D36        5     5A6C       0
                text99                             2D3B     2D3B        5     5A76       0
                text98                             2D40     2D40        5     5A80       0
                text97                             2D45     2D45        5     5A8A       0
                text96                             22DC     22DC       2D     45B8       0
                text95                             2D05     2D05        3     5A0A       0
                text94                             2336     2336       2E     466C       0
                text93                             1800     1800        4     29C0       0
                text91                             211E     211E       21     423C       0
                text90                             2DE0     2DE0        B     5BC0       0
                text89                             2E9F     2E9F        F     5D3E       0
                text88                             2D8F     2D8F        8     5B1E       0
                text87                             2DA0     2DA0        9     5B40       0
                text86                             2DA9     2DA9        9     5B52       0
                text85                             2DB2     2DB2        9     5B64       0
                text84                             2DBB     2DBB        9     5B76       0
                text83                             2DC4     2DC4        9     5B88       0
                text82                             25C3     25C3       48     4B86       0
                text81                             2DEB     2DEB        C     5BD6       0
                text80                             20C1     20C1       1F     4182       0
                text79                             1000     1000        4     100E       0
                text78                             2ECD     2ECD       10     5D9A       0
                text77                             20E0     20E0       1F     41C0       0
                text76                             2E1C     2E1C        D     5C38       0
                text75                             2DF7     2DF7        C     5BEE       0
                text74                             2D6E     2D6E        6     5ADC       0
                text73                             2D74     2D74        6     5AE8       0
                text72                             2EDD     2EDD       10     5DBA       0
                text71                             2F44     2F44       15     5E88       0
                text70                             2F9E     2F9E       18     5F3C       0
                text69                             2FB6     2FB6       18     5F6C       0
                text68                             2DCD     2DCD        9     5B9A       0
                text67                             2393     2393       2F     4726       0
                text66                             2FCE     2FCE       19     5F9C       0
                text65                             20FF     20FF       1F     41FE       0
                text64                             2653     2653       51     4CA6       0
                text63                             22B0     22B0       2C     4560       0
                text62                             260B     260B       48     4C16       0
                text61                             2E29     2E29        D     5C52       0
                text60                             2E36     2E36        D     5C6C       0
                text59                             2E43     2E43        D     5C86       0
                text58                             1B6B     1B6B      105     36D6       0
                text57                             1980     1980       ED     3300       0
                text56                             20A5     20A5       1C     414A       0
                text55                             2309     2309       2D     4612       0
                text54                              800      800        7     1000       0
                text53                             26A4     26A4       52     4D48       0
                text52                             225D     225D       29     44BA       0
                text51                             201F     201F       1A     403E       0
                text50                             27A4     27A4       5C     4F48       0
                text49                             10DA     10DA      170     21B4       0
                text48                             1D8C     1D8C      122     3B18       0
                text47                             2453     2453       34     48A6       0
                text46                             2F59     2F59       16     5EB2       0
                text45                             2236     2236       27     446C       0
                text44                             2F6F     2F6F       17     5EDE       0
                text43                             186B     186B       89     30D6       0
                text42                             23C2     23C2       2F     4784       0
                text41                             2054     2054       1B     40A8       0
                text40                             206F     206F       1B     40DE       0
                text39                             1045     1045       95     208A       0
                text38                             1804     1804       67     3008       0
                text37                             2E50     2E50        D     5CA0       0
                text36                             2E5D     2E5D        D     5CBA       0
                text35                             2E6A     2E6A        D     5CD4       0
                text34                             2E77     2E77        D     5CEE       0
                text33                              7B0      7B0       4B        8       0
                text32                             274D     274D       57     4E9A       0
                text31                             2182     2182       23     4304       0
                text30                             21A5     21A5       23     434A       0
                text29                             21C8     21C8       23     4390       0
                text28                             1EAE     1EAE      152     3D5C       0
                text27                             208A     208A       1B     4114       0
                text26                             257D     257D       46     4AFA       0
                text25                             2D4A     2D4A        5     5A94       0
                text24                             18F4     18F4       8C     31E8       0
                text23                             2FE7     2FE7       19     5FCE       0
                text22                               8F       8F      3B2        8       0
                text21                             2D4F     2D4F        5     5A9E       0
                text20                             2D54     2D54        5     5AA8       0
                text19                             2D59     2D59        5     5AB2       0
                text18                             2D5E     2D5E        5     5ABC       0
                text17                             2D63     2D63        5     5AC6       0
                text16                              441      441      36F        8       0
                text15                             2006     2006       19     400C       0
                text14                             2E91     2E91        E     5D22       0
                text13                             21EB     21EB       25     43D6       0
                text12                             2487     2487       38     490E       0
                text11                             2E03     2E03        C     5C06       0
                text10                             24F7     24F7       40     49EE       0
                text9                              2EAE     2EAE        F     5D5C       0
                text8                               7FB      7FB        5        8       0
                text7                              2210     2210       26     4420       0
                text6                              213F     213F       21     427E       0
                text5                              1A6D     1A6D       FE     34DA       0
                text4                              2E84     2E84        D     5D08       0
                text3                              24BF     24BF       38     497E       0
                text2                              23F1     23F1       30     47E2       0
                text1                              2F31     2F31       13     5E62       0
                maintext                           124A     124A      296     2494       0
                cstackBANK0                          20       20       4A       20       1
                cstackCOMMON                         70       70        D       70       1
                cstackBANK1                          A0       A0       3F       A0       1
                cstackBANK2                         120      120       25      120       1
                cstackBANK5                         2A0      2A0       2B      2A0       1
                clrtext                            2D7A     2D7A        6     5AF4       0
                inittext                           2000     2000        6     3D5C       0
                bssBANK5                            2CB      2CB       20      2A0       1
                dataBANK4                           220      220       32      220       1
                dataBANK3                           1DD      1DD        A      1A0       1
                bssBANK3                            1A0      1A0       3D      1A0       1
                bssBANK2                            145      145        4      120       1
                dataBANK1                            EE       EE        1       A0       1
                bssBANK1                             DF       DF        F       A0       1
                bssBANK0                             6A       6A        3       20       1
                bssCOMMON                            7D       7D        1       70       1
                stringtext121                      3672     3672        3     6000       0
                stringtext120                      366A     366A        8     6000       0
                stringtext119                      3662     3662        8     6000       0
                stringtext118                      365A     365A        8     6000       0
                stringtext117                      3652     3652        8     6000       0
                stringtext116                      364A     364A        8     6000       0
                stringtext115                      3642     3642        8     6000       0
                stringtext114                      363A     363A        8     6000       0
                stringtext113                      3632     3632        8     6000       0
                stringtext112                      362A     362A        8     6000       0
                stringtext111                      3622     3622        8     6000       0
                stringtext110                      361A     361A        8     6000       0
                stringtext109                      3611     3611        9     6000       0
                stringtext108                      3608     3608        9     6000       0
                stringtext107                      35FF     35FF        9     6000       0
                stringtext106                      35F6     35F6        9     6000       0
                stringtext105                      35ED     35ED        9     6000       0
                stringtext104                      35E4     35E4        9     6000       0
                stringtext103                      35DB     35DB        9     6000       0
                stringtext102                      35D2     35D2        9     6000       0
                stringtext101                      35C9     35C9        9     6000       0
                stringtext100                      35BE     35BE        B     6000       0
                stringtext99                       35B3     35B3        B     6000       0
                stringtext98                       35A7     35A7        C     6000       0
                stringtext97                       359B     359B        C     6000       0
                stringtext96                       358F     358F        C     6000       0
                stringtext95                       3583     3583        C     6000       0
                stringtext94                       3577     3577        C     6000       0
                stringtext93                       356B     356B        C     6000       0
                stringtext92                       355F     355F        C     6000       0
                stringtext91                       3553     3553        C     6000       0
                stringtext90                       3547     3547        C     6000       0
                stringtext89                       353B     353B        C     6000       0
                stringtext88                       352F     352F        C     6000       0
                stringtext87                       3522     3522        D     6000       0
                stringtext86                       3515     3515        D     6000       0
                stringtext85                       3508     3508        D     6000       0
                stringtext84                       34FB     34FB        D     6000       0
                stringtext83                       34EE     34EE        D     6000       0
                stringtext82                       34E1     34E1        D     6000       0
                stringtext81                       34D4     34D4        D     6000       0
                stringtext80                       34C7     34C7        D     6000       0
                stringtext79                       34BA     34BA        D     6000       0
                stringtext78                       34AD     34AD        D     6000       0
                stringtext77                       349F     349F        E     6000       0
                stringtext76                       3491     3491        E     6000       0
                stringtext75                       3483     3483        E     6000       0
                stringtext74                       3474     3474        F     6000       0
                stringtext73                       3465     3465        F     6000       0
                stringtext72                       3456     3456        F     6000       0
                stringtext71                       3447     3447        F     6000       0
                stringtext70                       3438     3438        F     6000       0
                stringtext69                       3429     3429        F     6000       0
                stringtext68                       341A     341A        F     6000       0
                stringtext67                       340B     340B        F     6000       0
                stringtext66                       33FC     33FC        F     6000       0
                stringtext65                       33EC     33EC       10     6000       0
                stringtext64                       33DC     33DC       10     6000       0
                stringtext63                       33CB     33CB       11     6000       0
                stringtext62                       33BA     33BA       11     6000       0
                stringtext61                       33A9     33A9       11     6000       0
                stringtext60                       3398     3398       11     6000       0
                stringtext59                       3387     3387       11     6000       0
                stringtext58                       3376     3376       11     6000       0
                stringtext57                       3365     3365       11     6000       0
                stringtext56                       3354     3354       11     6000       0
                stringtext55                       3343     3343       11     6000       0
                stringtext54                       3332     3332       11     6000       0
                stringtext53                       3321     3321       11     6000       0
                stringtext52                       3310     3310       11     6000       0
                stringtext51                       32FF     32FF       11     6000       0
                stringtext50                       32EE     32EE       11     6000       0
                stringtext49                       32DD     32DD       11     6000       0
                stringtext48                       32CC     32CC       11     6000       0
                stringtext47                       32BA     32BA       12     6000       0
                stringtext46                       32A8     32A8       12     6000       0
                stringtext45                       3296     3296       12     6000       0
                stringtext44                       3284     3284       12     6000       0
                stringtext43                       3272     3272       12     6000       0
                stringtext42                       3260     3260       12     6000       0
                stringtext41                       324E     324E       12     6000       0
                stringtext40                       323C     323C       12     6000       0
                stringtext39                       322A     322A       12     6000       0
                stringtext38                       3218     3218       12     6000       0
                stringtext37                       3206     3206       12     6000       0
                stringtext36                       31F4     31F4       12     6000       0
                stringtext35                       31E2     31E2       12     6000       0
                stringtext34                       31D0     31D0       12     6000       0
                stringtext33                       31BE     31BE       12     6000       0
                stringtext32                       31AB     31AB       13     6000       0
                stringtext31                       3198     3198       13     6000       0
                stringtext30                       3185     3185       13     6000       0
                stringtext29                       3171     3171       14     6000       0
                stringtext28                       315D     315D       14     6000       0
                stringtext27                       3149     3149       14     6000       0
                stringtext26                       3135     3135       14     6000       0
                stringtext25                       3120     3120       15     6000       0
                stringtext24                       310B     310B       15     6000       0
                stringtext23                       30F6     30F6       15     6000       0
                stringtext22                       30E1     30E1       15     6000       0
                stringtext21                       30CC     30CC       15     6000       0
                stringtext20                       30B7     30B7       15     6000       0
                stringtext19                       30A2     30A2       15     6000       0
                stringtext18                       308C     308C       16     6000       0
                stringtext17                       3075     3075       17     6000       0
                stringtext16                       305E     305E       17     6000       0
                stringtext15                       3047     3047       17     6000       0
                stringtext14                       3030     3030       17     6000       0
                stringtext13                       3018     3018       18     6000       0
                stringtext12                       3000     3000       18     6000       0
                stringtext11                       294F     294F       19     5000       0
                stringtext10                       2936     2936       19     5000       0
                stringtext9                        291D     291D       19     5000       0
                stringtext8                        2903     2903       1A     5000       0
                stringtext7                        28E9     28E9       1A     5000       0
                stringtext6                        28CF     28CF       1A     5000       0
                stringtext5                        28B3     28B3       1C     5000       0
                stringtext4                        2894     2894       1F     5000       0
                stringtext3                        286F     286F       25     5000       0
                stringtext2                        284A     284A       25     5000       0
                stringtext1                        2800     2800       4A     5000       0
                idataBANK4                         2421     2421       32     4842       0
                idataBANK3                         2DD6     2DD6        A     5BAC       0
                idataBANK1                         2CF3     2CF3        1     59E6       0

TOTAL           Name                               Link     Load   Length     Space
        CLASS   STACK          

        CLASS   CODE           
                end_init                             4A       4A        2         0
                cinit                                4C       4C       43         0
                intentry                              4        4       46         0
                reset_vec                             0        0        2         0
                maintext_split_3                    807      807      7F9         0
                maintext_split_2                   14E0     14E0      320         0
                maintext_split_1                   1C70     1C70      11C         0
                text136                            2039     2039       1B         0
                text135                            2D08     2D08        4         0
                text134                            2CF2     2CF2        1         0
                text133                            2D0C     2D0C        4         0
                text132                            1004     1004       41         0
                text131                            2160     2160       22         0
                text130                            2CF6     2CF6        3         0
                text129                            2CF9     2CF9        3         0
                text128                            2EBD     2EBD       10         0
                text127                            2286     2286       2A         0
                text126                            2E0F     2E0F        D         0
                text125                            2EED     2EED       11         0
                text124                            2EFE     2EFE       11         0
                text123                            2F0F     2F0F       11         0
                text122                            2F20     2F20       11         0
                text121                            2F86     2F86       18         0
                text120                            2CF4     2CF4        2         0
                text119                               2        2        2         0
                text118                            2CFC     2CFC        3         0
                text117                            2D10     2D10        4         0
                text116                            2CFF     2CFF        3         0
                text115                            2D14     2D14        4         0
                text114                            2D18     2D18        5         0
                text113                            2D68     2D68        6         0
                text112                            2D02     2D02        3         0
                text111                            2364     2364       2F         0
                text110                            2D1D     2D1D        5         0
                text109                            2D97     2D97        9         0
                text108                            2D87     2D87        8         0
                text107                            26F6     26F6       57         0
                text106                            2537     2537       46         0
                text105                            2D80     2D80        7         0
                text104                            2D22     2D22        5         0
                text103                            2D27     2D27        5         0
                text102                            2D2C     2D2C        5         0
                text101                            2D31     2D31        5         0
                text100                            2D36     2D36        5         0
                text99                             2D3B     2D3B        5         0
                text98                             2D40     2D40        5         0
                text97                             2D45     2D45        5         0
                text96                             22DC     22DC       2D         0
                text95                             2D05     2D05        3         0
                text94                             2336     2336       2E         0
                text93                             1800     1800        4         0
                text91                             211E     211E       21         0
                text90                             2DE0     2DE0        B         0
                text89                             2E9F     2E9F        F         0
                text88                             2D8F     2D8F        8         0
                text87                             2DA0     2DA0        9         0
                text86                             2DA9     2DA9        9         0
                text85                             2DB2     2DB2        9         0
                text84                             2DBB     2DBB        9         0
                text83                             2DC4     2DC4        9         0
                text82                             25C3     25C3       48         0
                text81                             2DEB     2DEB        C         0
                text80                             20C1     20C1       1F         0
                text79                             1000     1000        4         0
                text78                             2ECD     2ECD       10         0
                text77                             20E0     20E0       1F         0
                text76                             2E1C     2E1C        D         0
                text75                             2DF7     2DF7        C         0
                text74                             2D6E     2D6E        6         0
                text73                             2D74     2D74        6         0
                text72                             2EDD     2EDD       10         0
                text71                             2F44     2F44       15         0
                text70                             2F9E     2F9E       18         0
                text69                             2FB6     2FB6       18         0
                text68                             2DCD     2DCD        9         0
                text67                             2393     2393       2F         0
                text66                             2FCE     2FCE       19         0
                text65                             20FF     20FF       1F         0
                text64                             2653     2653       51         0
                text63                             22B0     22B0       2C         0
                text62                             260B     260B       48         0
                text61                             2E29     2E29        D         0
                text60                             2E36     2E36        D         0
                text59                             2E43     2E43        D         0
                text58                             1B6B     1B6B      105         0
                text57                             1980     1980       ED         0
                text56                             20A5     20A5       1C         0
                text55                             2309     2309       2D         0
                text54                              800      800        7         0
                text53                             26A4     26A4       52         0
                text52                             225D     225D       29         0
                text51                             201F     201F       1A         0
                text50                             27A4     27A4       5C         0
                text49                             10DA     10DA      170         0
                text48                             1D8C     1D8C      122         0
                text47                             2453     2453       34         0
                text46                             2F59     2F59       16         0
                text45                             2236     2236       27         0
                text44                             2F6F     2F6F       17         0
                text43                             186B     186B       89         0
                text42                             23C2     23C2       2F         0
                text41                             2054     2054       1B         0
                text40                             206F     206F       1B         0
                text39                             1045     1045       95         0
                text38                             1804     1804       67         0
                text37                             2E50     2E50        D         0
                text36                             2E5D     2E5D        D         0
                text35                             2E6A     2E6A        D         0
                text34                             2E77     2E77        D         0
                text33                              7B0      7B0       4B         0
                text32                             274D     274D       57         0
                text31                             2182     2182       23         0
                text30                             21A5     21A5       23         0
                text29                             21C8     21C8       23         0
                text28                             1EAE     1EAE      152         0
                text27                             208A     208A       1B         0
                text26                             257D     257D       46         0
                text25                             2D4A     2D4A        5         0
                text24                             18F4     18F4       8C         0
                text23                             2FE7     2FE7       19         0
                text22                               8F       8F      3B2         0
                text21                             2D4F     2D4F        5         0
                text20                             2D54     2D54        5         0
                text19                             2D59     2D59        5         0
                text18                             2D5E     2D5E        5         0
                text17                             2D63     2D63        5         0
                text16                              441      441      36F         0
                text15                             2006     2006       19         0
                text14                             2E91     2E91        E         0
                text13                             21EB     21EB       25         0
                text12                             2487     2487       38         0
                text11                             2E03     2E03        C         0
                text10                             24F7     24F7       40         0
                text9                              2EAE     2EAE        F         0
                text8                               7FB      7FB        5         0
                text7                              2210     2210       26         0
                text6                              213F     213F       21         0
                text5                              1A6D     1A6D       FE         0
                text4                              2E84     2E84        D         0
                text3                              24BF     24BF       38         0
                text2                              23F1     23F1       30         0
                text1                              2F31     2F31       13         0
                maintext                           124A     124A      296         0
                clrtext                            2D7A     2D7A        6         0
                inittext                           2000     2000        6         0
                idataBANK4                         2421     2421       32         0
                idataBANK3                         2DD6     2DD6        A         0
                idataBANK1                         2CF3     2CF3        1         0

        CLASS   STRCODE        
                stringtext121                      3672     3672        3         0
                stringtext120                      366A     366A        8         0
                stringtext119                      3662     3662        8         0
                stringtext118                      365A     365A        8         0
                stringtext117                      3652     3652        8         0
                stringtext116                      364A     364A        8         0
                stringtext115                      3642     3642        8         0
                stringtext114                      363A     363A        8         0
                stringtext113                      3632     3632        8         0
                stringtext112                      362A     362A        8         0
                stringtext111                      3622     3622        8         0
                stringtext110                      361A     361A        8         0
                stringtext109                      3611     3611        9         0
                stringtext108                      3608     3608        9         0
                stringtext107                      35FF     35FF        9         0
                stringtext106                      35F6     35F6        9         0
                stringtext105                      35ED     35ED        9         0
                stringtext104                      35E4     35E4        9         0
                stringtext103                      35DB     35DB        9         0
                stringtext102                      35D2     35D2        9         0
                stringtext101                      35C9     35C9        9         0
                stringtext100                      35BE     35BE        B         0
                stringtext99                       35B3     35B3        B         0
                stringtext98                       35A7     35A7        C         0
                stringtext97                       359B     359B        C         0
                stringtext96                       358F     358F        C         0
                stringtext95                       3583     3583        C         0
                stringtext94                       3577     3577        C         0
                stringtext93                       356B     356B        C         0
                stringtext92                       355F     355F        C         0
                stringtext91                       3553     3553        C         0
                stringtext90                       3547     3547        C         0
                stringtext89                       353B     353B        C         0
                stringtext88                       352F     352F        C         0
                stringtext87                       3522     3522        D         0
                stringtext86                       3515     3515        D         0
                stringtext85                       3508     3508        D         0
                stringtext84                       34FB     34FB        D         0
                stringtext83                       34EE     34EE        D         0
                stringtext82                       34E1     34E1        D         0
                stringtext81                       34D4     34D4        D         0
                stringtext80                       34C7     34C7        D         0
                stringtext79                       34BA     34BA        D         0
                stringtext78                       34AD     34AD        D         0
                stringtext77                       349F     349F        E         0
                stringtext76                       3491     3491        E         0
                stringtext75                       3483     3483        E         0
                stringtext74                       3474     3474        F         0
                stringtext73                       3465     3465        F         0
                stringtext72                       3456     3456        F         0
                stringtext71                       3447     3447        F         0
                stringtext70                       3438     3438        F         0
                stringtext69                       3429     3429        F         0
                stringtext68                       341A     341A        F         0
                stringtext67                       340B     340B        F         0
                stringtext66                       33FC     33FC        F         0
                stringtext65                       33EC     33EC       10         0
                stringtext64                       33DC     33DC       10         0
                stringtext63                       33CB     33CB       11         0
                stringtext62                       33BA     33BA       11         0
                stringtext61                       33A9     33A9       11         0
                stringtext60                       3398     3398       11         0
                stringtext59                       3387     3387       11         0
                stringtext58                       3376     3376       11         0
                stringtext57                       3365     3365       11         0
                stringtext56                       3354     3354       11         0
                stringtext55                       3343     3343       11         0
                stringtext54                       3332     3332       11         0
                stringtext53                       3321     3321       11         0
                stringtext52                       3310     3310       11         0
                stringtext51                       32FF     32FF       11         0
                stringtext50                       32EE     32EE       11         0
                stringtext49                       32DD     32DD       11         0
                stringtext48                       32CC     32CC       11         0
                stringtext47                       32BA     32BA       12         0
                stringtext46                       32A8     32A8       12         0
                stringtext45                       3296     3296       12         0
                stringtext44                       3284     3284       12         0
                stringtext43                       3272     3272       12         0
                stringtext42                       3260     3260       12         0
                stringtext41                       324E     324E       12         0
                stringtext40                       323C     323C       12         0
                stringtext39                       322A     322A       12         0
                stringtext38                       3218     3218       12         0
                stringtext37                       3206     3206       12         0
                stringtext36                       31F4     31F4       12         0
                stringtext35                       31E2     31E2       12         0
                stringtext34                       31D0     31D0       12         0
                stringtext33                       31BE     31BE       12         0
                stringtext32                       31AB     31AB       13         0
                stringtext31                       3198     3198       13         0
                stringtext30                       3185     3185       13         0
                stringtext29                       3171     3171       14         0
                stringtext28                       315D     315D       14         0
                stringtext27                       3149     3149       14         0
                stringtext26                       3135     3135       14         0
                stringtext25                       3120     3120       15         0
                stringtext24                       310B     310B       15         0
                stringtext23                       30F6     30F6       15         0
                stringtext22                       30E1     30E1       15         0
                stringtext21                       30CC     30CC       15         0
                stringtext20                       30B7     30B7       15         0
                stringtext19                       30A2     30A2       15         0
                stringtext18                       308C     308C       16         0
                stringtext17                       3075     3075       17         0
                stringtext16                       305E     305E       17         0
                stringtext15                       3047     3047       17         0
                stringtext14                       3030     3030       17         0
                stringtext13                       3018     3018       18         0
                stringtext12                       3000     3000       18         0
                stringtext11                       294F     294F       19         0
                stringtext10                       2936     2936       19         0
                stringtext9                        291D     291D       19         0
                stringtext8                        2903     2903       1A         0
                stringtext7                        28E9     28E9       1A         0
                stringtext6                        28CF     28CF       1A         0
                stringtext5                        28B3     28B3       1C         0
                stringtext4                        2894     2894       1F         0
                stringtext3                        286F     286F       25         0
                stringtext2                        284A     284A       25         0
                stringtext1                        2800     2800       4A         0

        CLASS   STRING         

        CLASS   CONST          

        CLASS   ENTRY          

        CLASS   COMMON         
                cstackCOMMON                         70       70        D         1
                bssCOMMON                            7D       7D        1         1

        CLASS   BANK0          
                cstackBANK0                          20       20       4A         1
                bssBANK0                             6A       6A        3         1

        CLASS   BANK1          
                cstackBANK1                          A0       A0       3F         1
                dataBANK1                            EE       EE        1         1
                bssBANK1                             DF       DF        F         1

        CLASS   BANK2          
                cstackBANK2                         120      120       25         1
                bssBANK2                            145      145        4         1

        CLASS   BANK3          
                dataBANK3                           1DD      1DD        A         1
                bssBANK3                            1A0      1A0       3D         1

        CLASS   BANK4          
                dataBANK4                           220      220       32         1

        CLASS   BANK5          
                cstackBANK5                         2A0      2A0       2B         1
                bssBANK5                            2CB      2CB       20         1

        CLASS   BANK6          

        CLASS   BANK7          

        CLASS   BANK8          

        CLASS   BANK9          

        CLASS   BANK10         

        CLASS   BANK11         

        CLASS   BANK12         

        CLASS   BIGRAM         

        CLASS   RAM            

        CLASS   ABS1           
                abs_s1                               7E       7E        2         1

        CLASS   SFR0           

        CLASS   SFR1           

        CLASS   SFR2           

        CLASS   SFR3           

        CLASS   SFR4           

        CLASS   SFR5           

        CLASS   SFR6           

        CLASS   SFR7           

        CLASS   SFR8           

        CLASS   SFR9           

        CLASS   SFR10          

        CLASS   SFR11          

        CLASS   SFR12          

        CLASS   SFR13          

        CLASS   SFR14          

        CLASS   SFR15          

        CLASS   SFR16          

        CLASS   SFR17          

        CLASS   SFR18          

        CLASS   SFR19          

        CLASS   SFR20          

        CLASS   SFR21          

        CLASS   SFR22          

        CLASS   SFR23          

        CLASS   SFR24          

        CLASS   SFR25          

        CLASS   SFR26          

        CLASS   SFR27          

        CLASS   SFR28          

        CLASS   SFR29          

        CLASS   SFR30          

        CLASS   SFR31          

        CLASS   CONFIG         
                config                             8007     8007        2         4

        CLASS   IDLOC          
                idloc                              8000     8000        4         5

        CLASS   EEDATA         

        CLASS   BANK31         

        CLASS   BANK30         

        CLASS   BANK29         

        CLASS   BANK28         

        CLASS   BANK27         

        CLASS   BANK26         

        CLASS   BANK25         

        CLASS   BANK24         

        CLASS   BANK23         

        CLASS   BANK22         

        CLASS   BANK21         

        CLASS   BANK20         

        CLASS   BANK19         

        CLASS   BANK18         

        CLASS   BANK17         

        CLASS   BANK16         

        CLASS   BANK15         

        CLASS   BANK14         

        CLASS   BANK13         



SEGMENTS        Name                           Load    Length   Top    Selector   Space  Class     Delta

                reset_vec                      000000  000004  000004         0       0  CODE        2
                intentry                       000004  0007FC  000800         8       0  CODE        2
                cstackBANK0                    000020  00004D  00006D        20       1  BANK0       1
                cstackCOMMON                   000070  00000E  00007E        70       1  COMMON      1
                cstackBANK1                    0000A0  00004F  0000EF        A0       1  BANK1       1
                cstackBANK2                    000120  000029  000149       120       1  BANK2       1
                bssBANK3                       0001A0  000047  0001E7       1A0       1  BANK3       1
                dataBANK4                      000220  000032  000252       220       1  BANK4       1
                cstackBANK5                    0002A0  00004B  0002EB       2A0       1  BANK5       1
                text54                         000800  000007  000807      1000       0  CODE        2
                maintext_split_3               000807  0007FD  001004      100E       0  CODE        2
                text132                        001004  000041  001045      2008       0  CODE        2
                text39                         001045  000095  0010DA      208A       0  CODE        2
                text49                         0010DA  000170  00124A      21B4       0  CODE        2
                maintext                       00124A  000296  0014E0      2494       0  CODE        2
                maintext_split_2               0014E0  000324  001804      29C0       0  CODE        2
                text38                         001804  000067  00186B      3008       0  CODE        2
                text43                         00186B  000089  0018F4      30D6       0  CODE        2
                text24                         0018F4  00008C  001980      31E8       0  CODE        2
                text57                         001980  0000ED  001A6D      3300       0  CODE        2
                text5                          001A6D  0000FE  001B6B      34DA       0  CODE        2
                text58                         001B6B  000105  001C70      36D6       0  CODE        2
                maintext_split_1               001C70  00011C  001D8C      38E0       0  CODE        2
                text48                         001D8C  000122  001EAE      3B18       0  CODE        2
                text28                         001EAE  000158  002006      3D5C       0  CODE        2
                text15                         002006  000019  00201F      400C       0  CODE        2
                text51                         00201F  00001A  002039      403E       0  CODE        2
                text136                        002039  00001B  002054      4072       0  CODE        2
                text41                         002054  00001B  00206F      40A8       0  CODE        2
                text40                         00206F  00001B  00208A      40DE       0  CODE        2
                text27                         00208A  00001B  0020A5      4114       0  CODE        2
                text56                         0020A5  00001C  0020C1      414A       0  CODE        2
                text80                         0020C1  00001F  0020E0      4182       0  CODE        2
                text77                         0020E0  00001F  0020FF      41C0       0  CODE        2
                text65                         0020FF  00001F  00211E      41FE       0  CODE        2
                text91                         00211E  000021  00213F      423C       0  CODE        2
                text6                          00213F  000021  002160      427E       0  CODE        2
                text131                        002160  000022  002182      42C0       0  CODE        2
                text31                         002182  000023  0021A5      4304       0  CODE        2
                text30                         0021A5  000023  0021C8      434A       0  CODE        2
                text29                         0021C8  000023  0021EB      4390       0  CODE        2
                text13                         0021EB  000025  002210      43D6       0  CODE        2
                text7                          002210  000026  002236      4420       0  CODE        2
                text45                         002236  000027  00225D      446C       0  CODE        2
                text52                         00225D  000029  002286      44BA       0  CODE        2
                text127                        002286  00002A  0022B0      450C       0  CODE        2
                text63                         0022B0  00002C  0022DC      4560       0  CODE        2
                text96                         0022DC  00002D  002309      45B8       0  CODE        2
                text55                         002309  00002D  002336      4612       0  CODE        2
                text94                         002336  00002E  002364      466C       0  CODE        2
                text111                        002364  00002F  002393      46C8       0  CODE        2
                text67                         002393  00002F  0023C2      4726       0  CODE        2
                text42                         0023C2  00002F  0023F1      4784       0  CODE        2
                text2                          0023F1  000030  002421      47E2       0  CODE        2
                idataBANK4                     002421  000032  002453      4842       0  CODE        2
                text47                         002453  000034  002487      48A6       0  CODE        2
                text12                         002487  000038  0024BF      490E       0  CODE        2
                text3                          0024BF  000038  0024F7      497E       0  CODE        2
                text10                         0024F7  000040  002537      49EE       0  CODE        2
                text106                        002537  000046  00257D      4A6E       0  CODE        2
                text26                         00257D  000046  0025C3      4AFA       0  CODE        2
                text82                         0025C3  000048  00260B      4B86       0  CODE        2
                text62                         00260B  000048  002653      4C16       0  CODE        2
                text64                         002653  000051  0026A4      4CA6       0  CODE        2
                text53                         0026A4  000052  0026F6      4D48       0  CODE        2
                text107                        0026F6  000057  00274D      4DEC       0  CODE        2
                text32                         00274D  000057  0027A4      4E9A       0  CODE        2
                text50                         0027A4  00005C  002800      4F48       0  CODE        2
                stringtext1                    002800  000168  002968      5000       0  STRCODE     2
                text134                        002CF2  000001  002CF3      59E4       0  CODE        2
                idataBANK1                     002CF3  000001  002CF4      59E6       0  CODE        2
                text120                        002CF4  000002  002CF6      59E8       0  CODE        2
                text130                        002CF6  000003  002CF9      59EC       0  CODE        2
                text129                        002CF9  000003  002CFC      59F2       0  CODE        2
                text118                        002CFC  000003  002CFF      59F8       0  CODE        2
                text116                        002CFF  000003  002D02      59FE       0  CODE        2
                text112                        002D02  000003  002D05      5A04       0  CODE        2
                text95                         002D05  000003  002D08      5A0A       0  CODE        2
                text135                        002D08  000004  002D0C      5A10       0  CODE        2
                text133                        002D0C  000004  002D10      5A18       0  CODE        2
                text117                        002D10  000004  002D14      5A20       0  CODE        2
                text115                        002D14  000004  002D18      5A28       0  CODE        2
                text114                        002D18  000005  002D1D      5A30       0  CODE        2
                text110                        002D1D  000005  002D22      5A3A       0  CODE        2
                text104                        002D22  000005  002D27      5A44       0  CODE        2
                text103                        002D27  000005  002D2C      5A4E       0  CODE        2
                text102                        002D2C  000005  002D31      5A58       0  CODE        2
                text101                        002D31  000005  002D36      5A62       0  CODE        2
                text100                        002D36  000005  002D3B      5A6C       0  CODE        2
                text99                         002D3B  000005  002D40      5A76       0  CODE        2
                text98                         002D40  000005  002D45      5A80       0  CODE        2
                text97                         002D45  000005  002D4A      5A8A       0  CODE        2
                text25                         002D4A  000005  002D4F      5A94       0  CODE        2
                text21                         002D4F  000005  002D54      5A9E       0  CODE        2
                text20                         002D54  000005  002D59      5AA8       0  CODE        2
                text19                         002D59  000005  002D5E      5AB2       0  CODE        2
                text18                         002D5E  000005  002D63      5ABC       0  CODE        2
                text17                         002D63  000005  002D68      5AC6       0  CODE        2
                text113                        002D68  000006  002D6E      5AD0       0  CODE        2
                text74                         002D6E  000006  002D74      5ADC       0  CODE        2
                text73                         002D74  000006  002D7A      5AE8       0  CODE        2
                clrtext                        002D7A  000006  002D80      5AF4       0  CODE        2
                text105                        002D80  000007  002D87      5B00       0  CODE        2
                text108                        002D87  000008  002D8F      5B0E       0  CODE        2
                text88                         002D8F  000008  002D97      5B1E       0  CODE        2
                text109                        002D97  000009  002DA0      5B2E       0  CODE        2
                text87                         002DA0  000009  002DA9      5B40       0  CODE        2
                text86                         002DA9  000009  002DB2      5B52       0  CODE        2
                text85                         002DB2  000009  002DBB      5B64       0  CODE        2
                text84                         002DBB  000009  002DC4      5B76       0  CODE        2
                text83                         002DC4  000009  002DCD      5B88       0  CODE        2
                text68                         002DCD  000009  002DD6      5B9A       0  CODE        2
                idataBANK3                     002DD6  00000A  002DE0      5BAC       0  CODE        2
                text90                         002DE0  00000B  002DEB      5BC0       0  CODE        2
                text81                         002DEB  00000C  002DF7      5BD6       0  CODE        2
                text75                         002DF7  00000C  002E03      5BEE       0  CODE        2
                text11                         002E03  00000C  002E0F      5C06       0  CODE        2
                text126                        002E0F  00000D  002E1C      5C1E       0  CODE        2
                text76                         002E1C  00000D  002E29      5C38       0  CODE        2
                text61                         002E29  00000D  002E36      5C52       0  CODE        2
                text60                         002E36  00000D  002E43      5C6C       0  CODE        2
                text59                         002E43  00000D  002E50      5C86       0  CODE        2
                text37                         002E50  00000D  002E5D      5CA0       0  CODE        2
                text36                         002E5D  00000D  002E6A      5CBA       0  CODE        2
                text35                         002E6A  00000D  002E77      5CD4       0  CODE        2
                text34                         002E77  00000D  002E84      5CEE       0  CODE        2
                text4                          002E84  00000D  002E91      5D08       0  CODE        2
                text14                         002E91  00000E  002E9F      5D22       0  CODE        2
                text89                         002E9F  00000F  002EAE      5D3E       0  CODE        2
                text9                          002EAE  00000F  002EBD      5D5C       0  CODE        2
                text128                        002EBD  000010  002ECD      5D7A       0  CODE        2
                text78                         002ECD  000010  002EDD      5D9A       0  CODE        2
                text72                         002EDD  000010  002EED      5DBA       0  CODE        2
                text125                        002EED  000011  002EFE      5DDA       0  CODE        2
                text124                        002EFE  000011  002F0F      5DFC       0  CODE        2
                text123                        002F0F  000011  002F20      5E1E       0  CODE        2
                text122                        002F20  000011  002F31      5E40       0  CODE        2
                text1                          002F31  000013  002F44      5E62       0  CODE        2
                text71                         002F44  000015  002F59      5E88       0  CODE        2
                text46                         002F59  000016  002F6F      5EB2       0  CODE        2
                text44                         002F6F  000017  002F86      5EDE       0  CODE        2
                text121                        002F86  000018  002F9E      5F0C       0  CODE        2
                text70                         002F9E  000018  002FB6      5F3C       0  CODE        2
                text69                         002FB6  000018  002FCE      5F6C       0  CODE        2
                text66                         002FCE  000019  002FE7      5F9C       0  CODE        2
                text23                         002FE7  000019  003000      5FCE       0  CODE        2
                stringtext12                   003000  000675  003675      6000       0  STRCODE     2


UNUSED ADDRESS RANGES

        Name                Unused          Largest block    Delta
        BANK0            000006D-000006F                 3           1
        BANK1            00000EF-00000EF                 1           1
        BANK10           0000520-000056F                50           1
        BANK11           00005A0-00005EF                50           1
        BANK12           0000620-000064F                30           1
        BANK2            0000149-000016F                27           1
        BANK3            00001E7-00001EF                 9           1
        BANK4            0000252-000026F                1E           1
        BANK5            00002EB-00002EF                 5           1
        BANK6            0000320-000036F                50           1
        BANK7            00003A0-00003EF                50           1
        BANK8            0000420-000046F                50           1
        BANK9            00004A0-00004EF                50           1
        BIGRAM           0002000-00023EF               3F0           1
        CODE             0002968-0002CF1               38A           2
                         0003675-0003FFF               18B
        CONST            0002968-0002CF1               100           2
                         0003675-0003FFF               100
        EEDATA           000F000-000F0FF               100           2
        ENTRY            0002968-0002CF1               100           2
                         0003675-0003FFF               100
        RAM              000006D-000006F                 3           1
                         00000EF-00000EF                 1
                         0000149-000016F                27
                         00001E7-00001EF                 9
                         0000252-000026F                1E
                         00002EB-00002EF                 5
                         0000320-000036F                50
                         00003A0-00003EF                50
                         0000420-000046F                50
                         00004A0-00004EF                50
                         0000520-000056F                50
                         00005A0-00005EF                50
                         0000620-000064F                30
        SFR0             0000000-000001F                20           1
        SFR1             0000080-000009F                20           1
        SFR10            0000500-000051F                20           1
        SFR11            0000580-000059F                20           1
        SFR12            0000600-000061F                20           1
        SFR13            0000680-00006EF                70           1
        SFR14            0000700-000076F                70           1
        SFR15            0000780-00007EF                70           1
        SFR16            0000800-000086F                70           1
        SFR17            0000880-00008EF                70           1
        SFR18            0000900-000096F                70           1
        SFR19            0000980-00009EF                70           1
        SFR2             0000100-000011F                20           1
        SFR20            0000A00-0000A6F                70           1
        SFR21            0000A80-0000AEF                70           1
        SFR22            0000B00-0000B6F                70           1
        SFR23            0000B80-0000BEF                70           1
        SFR24            0000C00-0000C6F                70           1
        SFR25            0000C80-0000CEF                70           1
        SFR26            0000D00-0000D6F                70           1
        SFR27            0000D80-0000DEF                70           1
        SFR28            0000E00-0000E6F                70           1
        SFR29            0000E80-0000EEF                70           1
        SFR3             0000180-000019F                20           1
        SFR30            0000F00-0000F6F                70           1
        SFR31            0000F80-0000FEF                70           1
        SFR4             0000200-000021F                20           1
        SFR5             0000280-000029F                20           1
        SFR6             0000300-000031F                20           1
        SFR7             0000380-000039F                20           1
        SFR8             0000400-000041F                20           1
        SFR9             0000480-000049F                20           1
        STACK            00021DB-00023EF               215           1
        STRCODE          0002968-0002CF1               38A           2
                         0003675-0003FFF               98B
        STRING           0002968-0002CF1               100           2
                         0003675-0003FFF               100

                                  Symbol Table

?_ADC_GetConversion                            cstackBANK0      0000023
?___aodiv                                      cstackBANK0      0000023
?___aomod                                      cstackBANK0      0000023
?_abs                                          cstackBANK0      0000036
?_dtoa                                         cstackBANK0      000003F
?_pad                                          cstackBANK0      0000036
?_printf                                       cstackBANK1      00000AD
?_sprintf                                      cstackBANK1      00000AD
?_strcat                                       cstackBANK0      0000033
?_strlen                                       cstackBANK0      0000023
?_vfpfcnvrt                                    cstackBANK0      000005D
?_vfprintf                                     cstackBANK0      0000064
ADC_GetConversion@channel                      cstackBANK0      0000026
EUSART_Read@readValue                          cstackBANK0      0000024
EUSART_SetErrorHandler@interruptHandler        cstackBANK0      0000023
EUSART_SetFramingErrorHandler@interruptHandler cstackBANK0      0000023
EUSART_SetOverrunErrorHandler@interruptHandler cstackBANK0      0000023
EUSART_SetRxInterruptHandler@interruptHandler  cstackBANK0      0000023
EUSART_SetTxInterruptHandler@interruptHandler  cstackBANK0      0000023
EUSART_Write@txData                            cstackBANK0      0000024
I2C_CallbackReturnReset@funPtr                 cstackCOMMON     0000079
I2C_MasterSendTxData@data                      cstackCOMMON     0000070
I2C_Master_Write@data                          cstackBANK0      0000023
I2C_SetBuffer@buffer                           cstackCOMMON     0000073
I2C_SetBuffer@bufferSize                       cstackCOMMON     0000070
I2C_SetCallback@cb                             cstackCOMMON     0000070
I2C_SetCallback@idx                            cstackCOMMON     0000074
I2C_SetCallback@ptr                            cstackCOMMON     0000072
I2C_SetDataCompleteCallback@cb                 cstackCOMMON     0000075
I2C_SetDataCompleteCallback@ptr                cstackCOMMON     0000077
IO_Expander_Write@Data                         cstackBANK0      0000024
LCD_CMD@CMD                                    cstackBANK0      0000028
LCD_Init@I2C_Add                               cstackBANK0      000002B
LCD_Set_Cursor@COL                             cstackBANK0      0000029
LCD_Set_Cursor@ROW                             cstackBANK0      000002C
LCD_Write_4Bit@Nibble                          cstackBANK0      0000026
LCD_Write_Char@Data                            cstackBANK0      0000028
LCD_Write_String@Str                           cstackBANK0      0000029
LCD_Write_String@i                             cstackBANK0      000002C
_ACKDT                                         (abs)            00010B5
_ACKEN                                         (abs)            00010B4
_ACKSTAT                                       (abs)            00010B6
_ADCON0                                        (abs)            000009D
_ADCON0bits                                    (abs)            000009D
_ADCON1                                        (abs)            000009E
_ADC_GetConversion                             text91           000211E
_ADC_Initialize                                text88           0002D8F
_ADRESH                                        (abs)            000009C
_ADRESL                                        (abs)            000009B
_ANSELA                                        (abs)            000018C
_ANSELB                                        (abs)            000018D
_ANSELD                                        (abs)            000018F
_ANSELE                                        (abs)            0000190
_APFCON                                        (abs)            000011D
_BAUDCON                                       (abs)            000019F
_BORCON                                        (abs)            0000116
_BackLight_State                               dataBANK1        00000EE
_EEADRH                                        (abs)            0000192
_EEADRL                                        (abs)            0000191
_EECON1bits                                    (abs)            0000195
[...]
dtoa@d                                         cstackBANK0      000003F
dtoa@fp                                        cstackBANK0      000004A
dtoa@i                                         cstackBANK0      000005B
dtoa@n                                         cstackBANK0      0000053
dtoa@p                                         cstackBANK0      000004D
dtoa@s                                         cstackBANK0      0000051
dtoa@w                                         cstackBANK0      000004F
end_of_initialization                          cinit            000008B
errorAlert@i                                   cstackBANK0      000002A
errorAlert@j                                   cstackBANK0      0000028
fputc@c                                        cstackBANK0      0000026
fputc@fp                                       cstackBANK0      0000028
fputs@c                                        cstackBANK0      0000032
fputs@fp                                       cstackBANK0      000002E
fputs@i                                        cstackBANK0      0000033
fputs@s                                        cstackBANK0      0000035
getBLEindentifier@bleCode                      cstackBANK0      0000035
getBLEindentifier@i                            cstackBANK0      0000033
getCharacterFormRx@N                           cstackBANK0      000002E
getCharacterFormRx@i                           cstackBANK0      000002F
getCharacterFormRx@reading                     cstackBANK0      000002C
getRS232@reception                             cstackBANK0      0000026
getSlaveStatus@code                            cstackBANK0      0000024
getSlaveStatus@slaveResponse                   cstackBANK0      0000025
init_ram                                       inittext         0002000
initialConditions@autom                        cstackBANK1      00000B4
initialConditions@prog                         cstackBANK1      00000B6
initialConditions@testAct                      cstackBANK1      00000B0
initialConditions@testVoy                      cstackBANK1      00000B2
int$flags                                      (abs)            000007E
intlevel0                                      functab          0000000
intlevel1                                      functab          0000000
intlevel2                                      functab          0000000
intlevel3                                      functab          0000000
intlevel4                                      functab          0000000
intlevel5                                      functab          0000000
ledConforme@active                             cstackBANK0      0000023
ledNonConforme@active                          cstackBANK0      0000023
ledProgession@active                           cstackBANK0      0000023
main@automatique                               cstackBANK5      00002C9
main@bleCode                                   cstackBANK5      00002A0
main@buffer                                    cstackBANK5      00002B5
main@buffer_1770                               cstackBANK5      00002B7
main@lectureAN1                                cstackBANK5      00002C1
main@master                                    cstackBANK5      00002B9
main@orderFormWin                              cstackBANK5      00002C5
main@pap                                       cstackBANK5      00002BF
main@programmation                             cstackBANK5      00002C8
main@slaveInTest                               cstackBANK5      00002C6
main@slaveSummary                              cstackBANK5      00002C4
main@slaveWaiting                              cstackBANK5      00002C3
main@slectureAN1                               cstackBANK5      00002BA
main@testActif                                 cstackBANK5      00002CA
main@testLeds                                  cstackBANK5      00002C0
main@testVoyants                               cstackBANK5      00002C7
okAlert@i                                      cstackBANK1      00000B1
pad@buf                                        cstackBANK0      0000036
pad@fp                                         cstackBANK0      000003E
pad@i                                          cstackBANK0      000003A
pad@p                                          cstackBANK0      0000037
pad@w                                          cstackBANK0      000003C
pnum$maintext                                  (abs)            0000090
pnum$maintext_split_1                          (abs)            000011B
pnum$maintext_split_2                          (abs)            000011C
pnum$maintext_split_3                          (abs)            000011D
pressBP1@active                                cstackBANK0      0000023
pressBP2@active                                cstackBANK0      0000023
printf@ap                                      cstackBANK1      00000AF
printf@fmt                                     cstackBANK1      00000AD
processActionForSlave@autom                    cstackBANK1      00000BA
processActionForSlave@echo_2371                cstackBANK1      00000B7
processActionForSlave@ordreFromWin             cstackBANK1      00000B3
processActionForSlave@prog                     cstackBANK1      00000B1
processActionForSlave@responseSlave            cstackBANK1      00000B6
processActionForSlave@responseSlave_2373       cstackBANK1      00000B8
processActionForSlave@responseSlave_2380       cstackBANK1      00000B9
processActionForSlave@testAct                  cstackBANK1      00000B0
processActionForSlave@testSlaveActive          cstackBANK1      00000B2
processSlaveResponse@repSlave                  cstackBANK1      00000B4
processSlaveResponse@slaveIsWaiting            cstackBANK1      00000B0
psplit$0                                       (abs)            090011B
psplit$1                                       (abs)            11B011C
psplit$2                                       (abs)            11C011D
putch@txData                                   cstackBANK0      0000025
rd1RegCompleteHandler@ptr                      cstackCOMMON     0000079
rd2RegCompleteHandler@ptr                      cstackCOMMON     0000079
rdBlkRegCompleteHandler@ptr                    cstackCOMMON     0000079
reponseOperateur@automatique                   cstackBANK0      0000028
reponseOperateur@reception                     cstackBANK0      0000027
reponseOperateur@repOperateur                  cstackBANK0      000002A
reponseOperateur@reponse                       cstackBANK0      0000029
reset_vec                                      reset_vec        0000000
setCharacterBit@K                              cstackBANK0      0000025
setCharacterBit@N                              cstackBANK0      0000028
setCharacterBit@reading                        cstackBANK0      0000023
setHorloge@active                              cstackBANK0      0000023
setP1@active                                   cstackBANK0      0000023
setP2@active                                   cstackBANK0      0000023
sortieErreur@autom                             cstackBANK1      00000B8
sortieErreur@prog                              cstackBANK1      00000BE
sortieErreur@testAct                           cstackBANK1      00000BA
sortieErreur@testVoy                           cstackBANK1      00000BC
sprintf@ap                                     cstackBANK1      00000B3
sprintf@f                                      cstackBANK1      00000B5
sprintf@fmt                                    cstackBANK1      00000AD
sprintf@ret                                    cstackBANK1      00000B1
sprintf@s                                      cstackBANK1      00000B4
start                                          init             000004A
startAlert@i                                   cstackBANK0      0000028
startPhaseBLE@i                                cstackBANK0      0000026
startPhaseBLE@phase                            cstackBANK0      0000023
start_initialization                           cinit            000004C
strcat@dest                                    cstackBANK0      0000033
strcat@src                                     cstackBANK0      0000035
strcpy@d                                       cstackBANK0      0000031
strcpy@dest                                    cstackBANK0      0000027
strcpy@s                                       cstackBANK0      000002F
strcpy@src                                     cstackBANK0      0000029
strlen@a                                       cstackBANK0      0000025
strlen@s                                       cstackBANK0      0000023
testNOK@active                                 cstackBANK0      0000024
testNOK@result                                 cstackBANK0      0000023
testOK@active                                  cstackBANK0      0000024
testOK@result                                  cstackBANK0      0000023
testR1@active                                  cstackBANK0      0000024
testR1@result                                  cstackBANK0      0000023
testR2@active                                  cstackBANK0      0000024
testR2@result                                  cstackBANK0      0000023
testR3@active                                  cstackBANK0      0000024
testR3@result                                  cstackBANK0      0000023
vfpfcnvrt@ap                                   cstackBANK0      000005E
vfpfcnvrt@fmt                                  cstackBANK0      000005D
vfpfcnvrt@fp                                   cstackBANK1      00000A9
vfpfcnvrt@ll                                   cstackBANK1      00000A0
vfpfcnvrt@vp                                   cstackBANK1      00000A8
vfprintf@ap                                    cstackBANK0      0000066
vfprintf@cfmt                                  cstackBANK1      00000AB
vfprintf@fmt                                   cstackBANK0      0000064
vfprintf@fp                                    cstackBANK1      00000AA
wr1RegCompleteHandler@ptr                      cstackCOMMON     0000079
wr2RegCompleteHandler@ptr                      cstackCOMMON     0000079
wtemp0                                         (abs)            000007E


MODULE INFORMATION

Module		Function		Class		Link	Load	Size
C:\Program Files\Microchip\xc8\v2.32\pic\sources\c99\common\nf_sprintf.c
		_sprintf       		CODE           	24BF	0000	56

C:\Program Files\Microchip\xc8\v2.32\pic\sources\c99\common\nf_sprintf.c estimated size: 56

C:\Program Files\Microchip\xc8\v2.32\pic\sources\c99\common\doprnt.c
		_vfpfcnvrt     		CODE           	1D8C	0000	290
		_pad           		CODE           	27A4	0000	92
		_dtoa          		CODE           	10DA	0000	368
		_vfprintf      		CODE           	2453	0000	52

C:\Program Files\Microchip\xc8\v2.32\pic\sources\c99\common\doprnt.c estimated size: 802

mcc_generated_files/interrupt_manager.c
		_INTERRUPT_InterruptManager		CODE           	0004	0000	70

mcc_generated_files/interrupt_manager.c estimated size: 70

mcc_generated_files/examples/i2c_master_example.c
		_wr1RegCompleteHandler		CODE           	2F20	0000	17
		_wr2RegCompleteHandler		CODE           	2EED	0000	17
		_rdBlkRegCompleteHandler		CODE           	2F86	0000	24
		_rd1RegCompleteHandler		CODE           	2EFE	0000	17
		_rd2RegCompleteHandler		CODE           	2F0F	0000	17

mcc_generated_files/examples/i2c_master_example.c estimated size: 92

mcc_generated_files/pin_manager.c
		_PIN_MANAGER_Initialize		CODE           	20C1	0000	31

mcc_generated_files/pin_manager.c estimated size: 31

C:\Program Files\Microchip\xc8\v2.32\pic\sources\c99\common\nf_fputs.c
		_fputs         		CODE           	225D	0000	41

C:\Program Files\Microchip\xc8\v2.32\pic\sources\c99\common\nf_fputs.c estimated size: 41

mcc_generated_files/adc.c
		_ADC_Initialize		CODE           	2D8F	0000	8
		_ADC_GetConversion		CODE           	211E	0000	33

mcc_generated_files/adc.c estimated size: 41

I2C-tester.c
		_sendACQToSlave		CODE           	2D4F	0000	5
		_sendOKToSlave 		CODE           	2D59	0000	5
		_getSlaveSummary		CODE           	07FB	0000	5
		_sendNOKToSlave		CODE           	2D54	0000	5
		_startTestSlave		CODE           	2D63	0000	5
		_endProgSlave  		CODE           	2D4A	0000	5
		_getSlaveStatus		CODE           	257D	0000	70
		_startProgSlave		CODE           	2D5E	0000	5

I2C-tester.c estimated size: 105

C:\Program Files\Microchip\xc8\v2.32\pic\sources\c99\common\abs.c
		_abs           		CODE           	20A5	0000	28

C:\Program Files\Microchip\xc8\v2.32\pic\sources\c99\common\abs.c estimated size: 28

C:\Program Files\Microchip\xc8\v2.32\pic\sources\c99\common\aomod.c
		___aomod       		CODE           	1980	0000	237

C:\Program Files\Microchip\xc8\v2.32\pic\sources\c99\common\aomod.c estimated size: 237

shared
		__initialization		CODE           	004C	0000	63
		_i2c_fsmStateTable		STRCODE        	2800	0000	32

shared estimated size: 95

I2C_LCD.c
		_LCD_Init      		CODE           	18F4	0000	140
		_LCD_Write_4Bit		CODE           	2F9E	0000	24
		_LCD_Write_Char		CODE           	2FCE	0000	25
		_LCD_CMD       		CODE           	2FB6	0000	24
		_I2C_Master_Wait		CODE           	2DF7	0000	12
		_I2C_Master_Init		CODE           	2DE0	0000	11
		_I2C_Master_Stop		CODE           	2D74	0000	6
		_I2C_Slave_Init		CODE           	2E9F	0000	15
		_LCD_Set_Cursor		CODE           	2393	0000	47
		_LCD_Clear     		CODE           	2DCD	0000	9
		_IO_Expander_Write		CODE           	2F44	0000	21
		_I2C_Master_Write		CODE           	2EDD	0000	16
		_I2C_Master_Start		CODE           	2D6E	0000	6
		_LCD_Write_String		CODE           	20FF	0000	31

I2C_LCD.c estimated size: 387

mcc_generated_files/mcc.c
		_WDT_Initialize		CODE           	1000	0000	4
		_OSCILLATOR_Initialize		CODE           	2DEB	0000	12
		_SYSTEM_Initialize		CODE           	2ECD	0000	16

mcc_generated_files/mcc.c estimated size: 32

display.c
		_displayManagerMaster		CODE           	2006	0000	25
		_displayManagerSlave		CODE           	2FE7	0000	25
		_displayManager		CODE           	2653	0000	81

display.c estimated size: 131

C:\Program Files\Microchip\xc8\v2.32\pic\sources\c99\common\strcat.c
		_strcat        		CODE           	2F6F	0000	23

C:\Program Files\Microchip\xc8\v2.32\pic\sources\c99\common\strcat.c estimated size: 23

mcc_generated_files/i2c_master.c
		_I2C_MasterStartRx		CODE           	2CFC	0000	3
		_I2C_DO_SEND_ADR_WRITE		CODE           	2D87	0000	8
		_I2C_DO_SEND_STOP		CODE           	2D31	0000	5
		_I2C_MasterSendNack		CODE           	2D10	0000	4
		_I2C_CallbackReturnStop		CODE           	2CF4	0000	2
		_I2C_DO_SEND_ADR_READ		CODE           	2D97	0000	9
		_I2C_DO_RX_NACK_STOP		CODE           	2D3B	0000	5
		_I2C_DO_SEND_RESTART		CODE           	2D2C	0000	5
		_I2C_DO_RX     		CODE           	2537	0000	70
		_I2C_DO_TX     		CODE           	26F6	0000	87
		_I2C_DO_IDLE   		CODE           	2D1D	0000	5
		_I2C_DO_RCEN   		CODE           	2D80	0000	7
		_I2C_DO_RESET  		CODE           	2D45	0000	5
		_I2C_DO_RX_ACK 		CODE           	2D36	0000	5
		_I2C_MasterClearIrq		CODE           	2D05	0000	3
		_I2C_MasterGetRxData		CODE           	2CFF	0000	3
		_I2C_SetCallback		CODE           	2286	0000	42
		_I2C_DO_ADDRESS_NACK		CODE           	22DC	0000	45
		_I2C_MasterEnableRestart		CODE           	2CF6	0000	3
		_I2C_CallbackReturnReset		CODE           	0002	0000	2
		_I2C_DO_TX_EMPTY		CODE           	2364	0000	47
		_I2C_DO_SEND_RESTART_WRITE		CODE           	2D27	0000	5
		_I2C_MasterIsNack		CODE           	2D68	0000	6
		_I2C_SetDataCompleteCallback		CODE           	2E0F	0000	13
		_I2C_DO_RX_NACK_RESTART		CODE           	2D40	0000	5
		_I2C_MasterSendAck		CODE           	2D14	0000	4
		_I2C_MasterFsm 		CODE           	2336	0000	46
		_I2C_MasterIsr 		CODE           	1800	0000	4
		_I2C_MasterSetIrq		CODE           	2D02	0000	3
		_I2C_DO_SEND_RESTART_READ		CODE           	2D22	0000	5
		_I2C_SetBuffer 		CODE           	2EBD	0000	16
		_I2C_MasterSendTxData		CODE           	2D18	0000	5
		_I2C_MasterStop		CODE           	2CF9	0000	3

mcc_generated_files/i2c_master.c estimated size: 480

mcc_generated_files/eusart.c
		_EUSART_SetRxInterruptHandler		CODE           	2DBB	0000	9
		_EUSART_SetTxInterruptHandler		CODE           	2DC4	0000	9
		_putch         		CODE           	0800	0000	7
		_EUSART_Read   		CODE           	23C2	0000	47
		_EUSART_DefaultOverrunErrorHandler		CODE           	2D0C	0000	4
		_EUSART_Write  		CODE           	2309	0000	45
		_EUSART_DefaultErrorHandler		CODE           	2D08	0000	4
		_EUSART_Transmit_ISR		CODE           	2160	0000	34
		_EUSART_Initialize		CODE           	25C3	0000	72
		_EUSART_SetFramingErrorHandler		CODE           	2DA9	0000	9
		_EUSART_SetErrorHandler		CODE           	2DA0	0000	9
		_EUSART_SetOverrunErrorHandler		CODE           	2DB2	0000	9
		_EUSART_Receive_ISR		CODE           	1004	0000	65
		_EUSART_RxDataHandler		CODE           	2039	0000	27
		_EUSART_DefaultFramingErrorHandler		CODE           	2CF2	0000	1

mcc_generated_files/eusart.c estimated size: 351

C:\Program Files\Microchip\xc8\v2.32\pic\sources\c99\common\printf.c
		_printf        		CODE           	2F59	0000	22

C:\Program Files\Microchip\xc8\v2.32\pic\sources\c99\common\printf.c estimated size: 22

C:\Program Files\Microchip\xc8\v2.32\pic\sources\c99\common\nf_fputc.c
		_fputc         		CODE           	26A4	0000	82

C:\Program Files\Microchip\xc8\v2.32\pic\sources\c99\common\nf_fputc.c estimated size: 82

tester.c
		_okAlert       		CODE           	213F	0000	33
		_testR3        		CODE           	21C8	0000	35
		_processActionForSlave		CODE           	1A6D	0000	254
		_alerteDefaut  		CODE           	186B	0000	137
		_initialConditions		CODE           	07B0	0000	75
		_attenteDemarrage3		CODE           	0441	0000	879
		_setHorloge    		CODE           	2E84	0000	13
		_errorAlert    		CODE           	260B	0000	72
		_alimenter     		CODE           	2E1C	0000	13
		_testR1        		CODE           	2182	0000	35
		_ledProgession 		CODE           	2E43	0000	13
		_attenteAquittement		CODE           	1804	0000	103
		_getBLEindentifier		CODE           	24F7	0000	64
		_activeCLK     		CODE           	2E91	0000	14
		_getCharacterFormRx		CODE           	2487	0000	56
		_startAlert    		CODE           	2210	0000	38
		_processSlaveResponse		CODE           	008F	0000	946
		_pressBP1      		CODE           	2E50	0000	13
		_pressBP2      		CODE           	2E5D	0000	13
		_setCharacterBit		CODE           	21EB	0000	37
		_releaseCLK    		CODE           	2E03	0000	12
		_testNOK       		CODE           	2054	0000	27
		_ledConforme   		CODE           	2E29	0000	13
		_alerteDefautEtape16		CODE           	1EAE	0000	338
		_testR2        		CODE           	21A5	0000	35
		_waitForBleAcq 		CODE           	2F31	0000	19
		_ledNonConforme		CODE           	2E36	0000	13
		_setP1         		CODE           	2E6A	0000	13
		_testOK        		CODE           	206F	0000	27
		_activerTouche 		CODE           	20E0	0000	31
		_activerBuzzer 		CODE           	22B0	0000	44
		_startPhaseBLE 		CODE           	23F1	0000	48
		_sortieErreur  		CODE           	274D	0000	87
		_setP2         		CODE           	2E77	0000	13
		_getRS232      		CODE           	2EAE	0000	15
		_analyseCodeBLE		CODE           	208A	0000	27
		_reponseOperateur		CODE           	1045	0000	149

tester.c estimated size: 3754

C:\Program Files\Microchip\xc8\v2.32\pic\sources\c99\common\aodiv.c
		___aodiv       		CODE           	1B6B	0000	261

C:\Program Files\Microchip\xc8\v2.32\pic\sources\c99\common\aodiv.c estimated size: 261

main.c
		_main          		CODE           	124A	0000	3787

main.c estimated size: 3787

C:\Program Files\Microchip\xc8\v2.32\pic\sources\c99\common\strlen.c
		_strlen        		CODE           	201F	0000	26

C:\Program Files\Microchip\xc8\v2.32\pic\sources\c99\common\strlen.c estimated size: 26

C:\Program Files\Microchip\xc8\v2.32\pic\sources\c99\common\strcpy.c
		_strcpy        		CODE           	2236	0000	39

C:\Program Files\Microchip\xc8\v2.32\pic\sources\c99\common\strcpy.c estimated size: 39

