Microchip MPLAB XC8 Compiler V2.32

Linker command line:

-W-3 --edf=C:\Program Files\Microchip\xc8\v2.32\pic\dat\en_msgs.txt -cn \
  -h+dist/default/production\galeoTesterBiModuleSimpleBLE.X.production.sym \
  --cmf=dist/default/production\galeoTesterBiModuleSimpleBLE.X.production.cmf \
  -z -Q16LF1939 -oC:\Users\Michel\AppData\Local\Temp\xcAsm9g.4 \
  --defsym=__MPLAB_BUILD=1 \
  -Mdist/default/production/galeoTesterBiModuleSimpleBLE.X.production.map \
  -E1 -ver=XC8 Compiler --acfsm=1493 -ASTACK=021B9h-023EFh -pstack=STACK \
  -ACODE=00h-07FFhx8 -ASTRCODE=00h-03FFFh -ASTRING=00h-0FFhx64 \
  -ACONST=00h-0FFhx64 -AENTRY=00h-0FFhx64 -ACOMMON=070h-07Fh \
  -ABANK0=020h-06Fh -ABANK1=0A0h-0EFh -ABANK2=0120h-016Fh \
  -ABANK3=01A0h-01EFh -ABANK4=0220h-026Fh -ABANK5=02A0h-02EFh \
  -ABANK6=0320h-036Fh -ABANK7=03A0h-03EFh -ABANK8=0420h-046Fh \
  -ABANK9=04A0h-04EFh -ABANK10=0520h-056Fh -ABANK11=05A0h-05EFh \
  -ABANK12=0620h-064Fh -ABIGRAM=02000h-023EFh \
  -ARAM=020h-06Fh,0A0h-0EFh,0120h-016Fh,01A0h-01EFh,0220h-026Fh,02A0h-02EFh,0320h-036Fh,03A0h-03EFh,0420h-046Fh,04A0h-04EFh,0520h-056Fh,05A0h-05EFh,0620h-064Fh \
  -AABS1=020h-07Fh,0A0h-0EFh,0120h-016Fh,01A0h-01EFh,0220h-026Fh,02A0h-02EFh,0320h-036Fh,03A0h-03EFh,0420h-046Fh,04A0h-04EFh,0520h-056Fh,05A0h-05EFh,0620h-064Fh \
  -ASFR0=00h-01Fh -ASFR1=080h-09Fh -ASFR2=0100h-011Fh -ASFR3=0180h-019Fh \
  -ASFR4=0200h-021Fh -ASFR5=0280h-029Fh -ASFR6=0300h-031Fh \
  -ASFR7=0380h-039Fh -ASFR8=0400h-041Fh -ASFR9=0480h-049Fh \
  -ASFR10=0500h-051Fh -ASFR11=0580h-059Fh -ASFR12=0600h-061Fh \
  -ASFR13=0680h-06EFh -ASFR14=0700h-076Fh -ASFR15=0780h-07EFh \
  -ASFR16=0800h-086Fh -ASFR17=0880h-08EFh -ASFR18=0900h-096Fh \
  -ASFR19=0980h-09EFh -ASFR20=0A00h-0A6Fh -ASFR21=0A80h-0AEFh \
  -ASFR22=0B00h-0B6Fh -ASFR23=0B80h-0BEFh -ASFR24=0C00h-0C6Fh \
  -ASFR25=0C80h-0CEFh -ASFR26=0D00h-0D6Fh -ASFR27=0D80h-0DEFh \
  -ASFR28=0E00h-0E6Fh -ASFR29=0E80h-0EEFh -ASFR30=0F00h-0F6Fh \
  -ASFR31=0F80h-0FEFh -ACONFIG=08007h-08008h -DCONFIG=2 \
  -AIDLOC=08000h-08003h -DIDLOC=2 -AEEDATA=00h-0FFh/0F000h \
  -peeprom_data=EEDATA -DEEDATA=2 -DCODE=2 -DSTRCODE=2 -DSTRING=2 -DCONST=2 \
  -DENTRY=2 -preset_vec=00h,intentry=04h,init,end_init -ppowerup=CODE \
  -pcinit=CODE -pfunctab=ENTRY -k \
  C:\Users\Michel\AppData\Local\Temp\xcAsm9g.o \
  dist/default/production\galeoTesterBiModuleSimpleBLE.X.production.o 

Object code version is 3.11

Machine type is 16LF1939



                Name                               Link     Load   Length Selector   Space Scale
C:\Users\Michel\AppData\Local\Temp\xcAsm9g.o
                end_init                             4A       4A        2        8       0
                reset_vec                             0        0        2        0       0
                config                             8007     8007        2        0       4
                idloc                              8000     8000        4        0       5
dist/default/production\galeoTesterBiModuleSimpleBLE.X.production.o
                cinit                                4C       4C       45        8       0
                intentry                              4        4       46        8       0
                maintext_split_2                     91       91      5F9        8       0
                maintext_split_1                    DAE      DAE      252     1B5C       0
                config                             8007     8007        2        0       4
                idloc                              8000     8000        4        0       5
                text126                            1AE6     1AE6       1B     35CC       0
                text125                            2FC5     2FC5        4     5F8A       0
                text124                            2FB1     2FB1        1     5F62       0
                text123                            2FC9     2FC9        4     5F92       0
                text122                            1FBF     1FBF       41     3F7E       0
                text121                            1BF2     1BF2       22     37E4       0
                text120                            2FB3     2FB3        3     5F66       0
                text119                            2FB6     2FB6        3     5F6C       0
                text118                            1960     1960       10     32C0       0
                text117                            1D40     1D40       2A     3A80       0
                text116                            18D0     18D0        D     31A0       0
                text115                            1990     1990       11     3320       0
                text114                            19A1     19A1       11     3342       0
                text113                            19B2     19B2       11     3364       0
                text112                            19C3     19C3       11     3386       0
                text111                            1A52     1A52       18     34A4       0
                text110                            27D5     27D5        2     4FAA       0
                text109                               2        2        2        0       0
                text108                            2FB9     2FB9        3     5F72       0
                text107                            2FCD     2FCD        4     5F9A       0
                text106                            2FBC     2FBC        3     5F78       0
                text105                            2FD1     2FD1        4     5FA2       0
                text104                            2FDD     2FDD        5     5FBA       0
                text103                            27E1     27E1        6     4FC2       0
                text102                            2FBF     2FBF        3     5F7E       0
                text101                            1E1E     1E1E       2F     3C3C       0
                text100                            2FE2     2FE2        5     5FC4       0
                text99                             1862     1862        9     30C4       0
                text98                             1852     1852        8     30A4       0
                text97                             11DF     11DF       57     23BE       0
                text96                             101B     101B       46     2036       0
                text95                             27F9     27F9        7     4FF2       0
                text94                             2FE7     2FE7        5     5FCE       0
                text93                             2FEC     2FEC        5     5FD8       0
                text92                             2FF1     2FF1        5     5FE2       0
                text91                             2FF6     2FF6        5     5FEC       0
                text90                             2FFB     2FFB        5     5FF6       0
                text89                             27D7     27D7        5     4FAE       0
                text88                             27DC     27DC        5     4FB8       0
                text87                              800      800        5        8       0
                text86                             1D96     1D96       2D     3B2C       0
                text85                             2FC2     2FC2        3     5F84       0
                text84                             1DF0     1DF0       2E     3BE0       0
                text83                             2FD5     2FD5        4     5FAA       0
                text81                             1BB0     1BB0       21     3760       0
                text80                             18A1     18A1        B     3142       0
                text79                             185A     185A        8     30B4       0
                text78                             186B     186B        9     30D6       0
                text77                             1874     1874        9     30E8       0
                text76                             187D     187D        9     30FA       0
                text75                             1886     1886        9     310C       0
                text74                             188F     188F        9     311E       0
                text73                             1061     1061       48     20C2       0
                text72                             18AC     18AC        C     3158       0
                text71                             1B53     1B53       1F     36A6       0
                text70                             2FD9     2FD9        4     5FB2       0
                text69                             1970     1970       10     32E0       0
                text68                             1B72     1B72       1F     36E4       0
                text67                             18DD     18DD        D     31BA       0
                text66                             18B8     18B8        C     3170       0
                text65                             27E7     27E7        6     4FCE       0
                text64                             27ED     27ED        6     4FDA       0
                text63                             1980     1980       10     3300       0
                text62                             19FB     19FB       15     33F6       0
                text61                             1A6A     1A6A       18     34D4       0
                text60                             1A82     1A82       18     3504       0
                text59                             1898     1898        9     3130       0
                text58                             1E4D     1E4D       2F     3C9A       0
                text57                             1A9A     1A9A       19     3534       0
                text56                             1B91     1B91       1F     3722       0
                text55                             113C     113C       51     2278       0
                text54                             1D6A     1D6A       2C     3AD4       0
                text53                             10A9     10A9       48     2152       0
                text52                             18EA     18EA        D     31D4       0
                text51                             18F7     18F7        D     31EE       0
                text50                             1904     1904        D     3208       0
                text49                             15D9     15D9      105     2BB2       0
                text48                             14EC     14EC       ED     29D8       0
                text47                             1B37     1B37       1C     366E       0
                text46                             1DC3     1DC3       2D     3B86       0
                text45                             184B     184B        7     3096       0
                text44                             118D     118D       52     231A       0
                text43                             1D17     1D17       29     3A2E       0
                text42                             1ACC     1ACC       1A     3598       0
                text41                             12E6     12E6       5C     25CC       0
                text40                              68A      68A      170        8       0
                text39                             16DE     16DE      122     2DBC       0
                text38                             1EDB     1EDB       34     3DB6       0
                text37                             1A25     1A25       16     344A       0
                text36                             1CC8     1CC8       27     3990       0
                text35                             1A3B     1A3B       17     3476       0
                text34                             1342     1342       89     2684       0
                text33                             1E7C     1E7C       2F     3CF8       0
                text32                             1B01     1B01       1B     3602       0
                text31                             1B1C     1B1C       1B     3638       0
                text30                             1457     1457       95     28AE       0
                text29                              805      805       67     100A       0
                text28                             1911     1911        D     3222       0
                text27                             191E     191E        D     323C       0
                text26                             192B     192B        D     3256       0
                text25                             1938     1938        D     3270       0
                text24                             10F1     10F1       4B     21E2       0
                text23                             1236     1236       57     246C       0
                text22                             1C14     1C14       23     3828       0
                text21                             1C37     1C37       23     386E       0
                text20                             1C5A     1C5A       23     38B4       0
                text19                              86C      86C      152     10D8       0
                text18                             1000     1000       1B     1B5C       0
                text17                              9BE      9BE      1B7     137C       0
                text16                             13CB     13CB       8C     2796       0
                text15                             1AB3     1AB3       19     3566       0
                text14                             1952     1952        E     32A4       0
                text13                             1C7D     1C7D       25     38FA       0
                text12                             1F0F     1F0F       38     3E1E       0
                text11                             18C4     18C4        C     3188       0
                text10                             1F7F     1F7F       40     3EFE       0
                text9                              1CA2     1CA2       26     3944       0
                text8                              1BD1     1BD1       21     37A2       0
                text7                              2FB2     2FB2        1     5F64       0
                text6                              1A10     1A10       15     3420       0
                text5                              1945     1945        D     328A       0
                text4                              1F47     1F47       38     3E8E       0
                text3                              1EAB     1EAB       30     3D56       0
                text2                              19D4     19D4       13     33A8       0
                text1                              128D     128D       59     251A       0
                maintext                            B75      B75      239     16EA       0
                cstackBANK0                          20       20       4A       20       1
                cstackCOMMON                         70       70        D       70       1
                cstackBANK1                          A0       A0       3F       A0       1
                cstackBANK2                         120      120       25      120       1
                cstackBANK5                         2A0      2A0       29      2A0       1
                clrtext                            27F3     27F3        6     4FE6       0
                inittext                            7FA      7FA        6        8       0
                dataBANK4                           220      220       28      220       1
                bssBANK4                            248      248       20      220       1
                dataBANK3                           1DB      1DB       14      1A0       1
                bssBANK3                            1A0      1A0       3B      1A0       1
                bssBANK2                            145      145        6      120       1
                dataBANK1                            EE       EE        1       A0       1
                bssBANK1                             DF       DF        F       A0       1
                bssBANK0                             6A       6A        3       20       1
                bssCOMMON                            7D       7D        1       70       1
                stringtext124                      3000     3000        3     6000       0
                stringtext123                      27CD     27CD        8     4000       0
                stringtext122                      27C5     27C5        8     4000       0
                stringtext121                      27BD     27BD        8     4000       0
                stringtext120                      27B5     27B5        8     4000       0
                stringtext119                      27AD     27AD        8     4000       0
                stringtext118                      27A5     27A5        8     4000       0
                stringtext117                      279D     279D        8     4000       0
                stringtext116                      2795     2795        8     4000       0
                stringtext115                      278D     278D        8     4000       0
                stringtext114                      2785     2785        8     4000       0
                stringtext113                      277C     277C        9     4000       0
                stringtext112                      2773     2773        9     4000       0
                stringtext111                      276A     276A        9     4000       0
                stringtext110                      2761     2761        9     4000       0
                stringtext109                      2758     2758        9     4000       0
                stringtext108                      274F     274F        9     4000       0
                stringtext107                      2746     2746        9     4000       0
                stringtext106                      273D     273D        9     4000       0
                stringtext105                      2734     2734        9     4000       0
                stringtext104                      2729     2729        B     4000       0
                stringtext103                      271E     271E        B     4000       0
                stringtext102                      2712     2712        C     4000       0
                stringtext101                      2706     2706        C     4000       0
                stringtext100                      26FA     26FA        C     4000       0
                stringtext99                       26EE     26EE        C     4000       0
                stringtext98                       26E2     26E2        C     4000       0
                stringtext97                       26D6     26D6        C     4000       0
                stringtext96                       26CA     26CA        C     4000       0
                stringtext95                       26BE     26BE        C     4000       0
                stringtext94                       26B2     26B2        C     4000       0
                stringtext93                       26A6     26A6        C     4000       0
                stringtext92                       269A     269A        C     4000       0
                stringtext91                       268D     268D        D     4000       0
                stringtext90                       2680     2680        D     4000       0
                stringtext89                       2673     2673        D     4000       0
                stringtext88                       2666     2666        D     4000       0
                stringtext87                       2659     2659        D     4000       0
                stringtext86                       264C     264C        D     4000       0
                stringtext85                       263F     263F        D     4000       0
                stringtext84                       2632     2632        D     4000       0
                stringtext83                       2625     2625        D     4000       0
                stringtext82                       2618     2618        D     4000       0
                stringtext81                       260A     260A        E     4000       0
                stringtext80                       25FC     25FC        E     4000       0
                stringtext79                       25EE     25EE        E     4000       0
                stringtext78                       25E0     25E0        E     4000       0
                stringtext77                       25D1     25D1        F     4000       0
                stringtext76                       25C2     25C2        F     4000       0
                stringtext75                       25B3     25B3        F     4000       0
                stringtext74                       25A4     25A4        F     4000       0
                stringtext73                       2595     2595        F     4000       0
                stringtext72                       2586     2586        F     4000       0
                stringtext71                       2577     2577        F     4000       0
                stringtext70                       2568     2568        F     4000       0
                stringtext69                       2559     2559        F     4000       0
                stringtext68                       2549     2549       10     4000       0
                stringtext67                       2539     2539       10     4000       0
                stringtext66                       2528     2528       11     4000       0
                stringtext65                       2517     2517       11     4000       0
                stringtext64                       2506     2506       11     4000       0
                stringtext63                       24F5     24F5       11     4000       0
                stringtext62                       24E4     24E4       11     4000       0
                stringtext61                       24D3     24D3       11     4000       0
                stringtext60                       24C2     24C2       11     4000       0
                stringtext59                       24B1     24B1       11     4000       0
                stringtext58                       24A0     24A0       11     4000       0
                stringtext57                       248F     248F       11     4000       0
                stringtext56                       247E     247E       11     4000       0
                stringtext55                       246D     246D       11     4000       0
                stringtext54                       245C     245C       11     4000       0
                stringtext53                       244B     244B       11     4000       0
                stringtext52                       243A     243A       11     4000       0
                stringtext51                       2429     2429       11     4000       0
                stringtext50                       2418     2418       11     4000       0
                stringtext49                       2406     2406       12     4000       0
                stringtext48                       23F4     23F4       12     4000       0
                stringtext47                       23E2     23E2       12     4000       0
                stringtext46                       23D0     23D0       12     4000       0
                stringtext45                       23BE     23BE       12     4000       0
                stringtext44                       23AC     23AC       12     4000       0
                stringtext43                       239A     239A       12     4000       0
                stringtext42                       2388     2388       12     4000       0
                stringtext41                       2376     2376       12     4000       0
                stringtext40                       2364     2364       12     4000       0
                stringtext39                       2352     2352       12     4000       0
                stringtext38                       2340     2340       12     4000       0
                stringtext37                       232E     232E       12     4000       0
                stringtext36                       231C     231C       12     4000       0
                stringtext35                       230A     230A       12     4000       0
                stringtext34                       22F8     22F8       12     4000       0
                stringtext33                       22E5     22E5       13     4000       0
                stringtext32                       22D2     22D2       13     4000       0
                stringtext31                       22BF     22BF       13     4000       0
                stringtext30                       22AB     22AB       14     4000       0
                stringtext29                       2297     2297       14     4000       0
                stringtext28                       2283     2283       14     4000       0
                stringtext27                       226F     226F       14     4000       0
                stringtext26                       225A     225A       15     4000       0
                stringtext25                       2245     2245       15     4000       0
                stringtext24                       2230     2230       15     4000       0
                stringtext23                       221B     221B       15     4000       0
                stringtext22                       2206     2206       15     4000       0
                stringtext21                       21F1     21F1       15     4000       0
                stringtext20                       21DC     21DC       15     4000       0
                stringtext19                       21C6     21C6       16     4000       0
                stringtext18                       21AF     21AF       17     4000       0
                stringtext17                       2198     2198       17     4000       0
                stringtext16                       2181     2181       17     4000       0
                stringtext15                       216A     216A       17     4000       0
                stringtext14                       2152     2152       18     4000       0
                stringtext13                       213A     213A       18     4000       0
                stringtext12                       2121     2121       19     4000       0
                stringtext11                       2108     2108       19     4000       0
                stringtext10                       20EF     20EF       19     4000       0
                stringtext9                        20D5     20D5       1A     4000       0
                stringtext8                        20BB     20BB       1A     4000       0
                stringtext7                        20A1     20A1       1A     4000       0
                stringtext6                        2085     2085       1C     4000       0
                stringtext5                        2069     2069       1C     4000       0
                stringtext4                        204A     204A       1F     4000       0
                stringtext3                        2025     2025       25     4000       0
                stringtext2                        2000     2000       25     4000       0
                stringtext1                        1800     1800       4A     3000       0
                idataBANK4                         1CEF     1CEF       28     39DE       0
                idataBANK3                         19E7     19E7       14     33CE       0
                idataBANK1                         184A     184A        1     3094       0

TOTAL           Name                               Link     Load   Length     Space
        CLASS   STACK          

        CLASS   CODE           
                end_init                             4A       4A        2         0
                cinit                                4C       4C       45         0
                intentry                              4        4       46         0
                reset_vec                             0        0        2         0
                maintext_split_2                     91       91      5F9         0
                maintext_split_1                    DAE      DAE      252         0
                text126                            1AE6     1AE6       1B         0
                text125                            2FC5     2FC5        4         0
                text124                            2FB1     2FB1        1         0
                text123                            2FC9     2FC9        4         0
                text122                            1FBF     1FBF       41         0
                text121                            1BF2     1BF2       22         0
                text120                            2FB3     2FB3        3         0
                text119                            2FB6     2FB6        3         0
                text118                            1960     1960       10         0
                text117                            1D40     1D40       2A         0
                text116                            18D0     18D0        D         0
                text115                            1990     1990       11         0
                text114                            19A1     19A1       11         0
                text113                            19B2     19B2       11         0
                text112                            19C3     19C3       11         0
                text111                            1A52     1A52       18         0
                text110                            27D5     27D5        2         0
                text109                               2        2        2         0
                text108                            2FB9     2FB9        3         0
                text107                            2FCD     2FCD        4         0
                text106                            2FBC     2FBC        3         0
                text105                            2FD1     2FD1        4         0
                text104                            2FDD     2FDD        5         0
                text103                            27E1     27E1        6         0
                text102                            2FBF     2FBF        3         0
                text101                            1E1E     1E1E       2F         0
                text100                            2FE2     2FE2        5         0
                text99                             1862     1862        9         0
                text98                             1852     1852        8         0
                text97                             11DF     11DF       57         0
                text96                             101B     101B       46         0
                text95                             27F9     27F9        7         0
                text94                             2FE7     2FE7        5         0
                text93                             2FEC     2FEC        5         0
                text92                             2FF1     2FF1        5         0
                text91                             2FF6     2FF6        5         0
                text90                             2FFB     2FFB        5         0
                text89                             27D7     27D7        5         0
                text88                             27DC     27DC        5         0
                text87                              800      800        5         0
                text86                             1D96     1D96       2D         0
                text85                             2FC2     2FC2        3         0
                text84                             1DF0     1DF0       2E         0
                text83                             2FD5     2FD5        4         0
                text81                             1BB0     1BB0       21         0
                text80                             18A1     18A1        B         0
                text79                             185A     185A        8         0
                text78                             186B     186B        9         0
                text77                             1874     1874        9         0
                text76                             187D     187D        9         0
                text75                             1886     1886        9         0
                text74                             188F     188F        9         0
                text73                             1061     1061       48         0
                text72                             18AC     18AC        C         0
                text71                             1B53     1B53       1F         0
                text70                             2FD9     2FD9        4         0
                text69                             1970     1970       10         0
                text68                             1B72     1B72       1F         0
                text67                             18DD     18DD        D         0
                text66                             18B8     18B8        C         0
                text65                             27E7     27E7        6         0
                text64                             27ED     27ED        6         0
                text63                             1980     1980       10         0
                text62                             19FB     19FB       15         0
                text61                             1A6A     1A6A       18         0
                text60                             1A82     1A82       18         0
                text59                             1898     1898        9         0
                text58                             1E4D     1E4D       2F         0
                text57                             1A9A     1A9A       19         0
                text56                             1B91     1B91       1F         0
                text55                             113C     113C       51         0
                text54                             1D6A     1D6A       2C         0
                text53                             10A9     10A9       48         0
                text52                             18EA     18EA        D         0
                text51                             18F7     18F7        D         0
                text50                             1904     1904        D         0
                text49                             15D9     15D9      105         0
                text48                             14EC     14EC       ED         0
                text47                             1B37     1B37       1C         0
                text46                             1DC3     1DC3       2D         0
                text45                             184B     184B        7         0
                text44                             118D     118D       52         0
                text43                             1D17     1D17       29         0
                text42                             1ACC     1ACC       1A         0
                text41                             12E6     12E6       5C         0
                text40                              68A      68A      170         0
                text39                             16DE     16DE      122         0
                text38                             1EDB     1EDB       34         0
                text37                             1A25     1A25       16         0
                text36                             1CC8     1CC8       27         0
                text35                             1A3B     1A3B       17         0
                text34                             1342     1342       89         0
                text33                             1E7C     1E7C       2F         0
                text32                             1B01     1B01       1B         0
                text31                             1B1C     1B1C       1B         0
                text30                             1457     1457       95         0
                text29                              805      805       67         0
                text28                             1911     1911        D         0
                text27                             191E     191E        D         0
                text26                             192B     192B        D         0
                text25                             1938     1938        D         0
                text24                             10F1     10F1       4B         0
                text23                             1236     1236       57         0
                text22                             1C14     1C14       23         0
                text21                             1C37     1C37       23         0
                text20                             1C5A     1C5A       23         0
                text19                              86C      86C      152         0
                text18                             1000     1000       1B         0
                text17                              9BE      9BE      1B7         0
                text16                             13CB     13CB       8C         0
                text15                             1AB3     1AB3       19         0
                text14                             1952     1952        E         0
                text13                             1C7D     1C7D       25         0
                text12                             1F0F     1F0F       38         0
                text11                             18C4     18C4        C         0
                text10                             1F7F     1F7F       40         0
                text9                              1CA2     1CA2       26         0
                text8                              1BD1     1BD1       21         0
                text7                              2FB2     2FB2        1         0
                text6                              1A10     1A10       15         0
                text5                              1945     1945        D         0
                text4                              1F47     1F47       38         0
                text3                              1EAB     1EAB       30         0
                text2                              19D4     19D4       13         0
                text1                              128D     128D       59         0
                maintext                            B75      B75      239         0
                clrtext                            27F3     27F3        6         0
                inittext                            7FA      7FA        6         0
                idataBANK4                         1CEF     1CEF       28         0
                idataBANK3                         19E7     19E7       14         0
                idataBANK1                         184A     184A        1         0

        CLASS   STRCODE        
                stringtext124                      3000     3000        3         0
                stringtext123                      27CD     27CD        8         0
                stringtext122                      27C5     27C5        8         0
                stringtext121                      27BD     27BD        8         0
                stringtext120                      27B5     27B5        8         0
                stringtext119                      27AD     27AD        8         0
                stringtext118                      27A5     27A5        8         0
                stringtext117                      279D     279D        8         0
                stringtext116                      2795     2795        8         0
                stringtext115                      278D     278D        8         0
                stringtext114                      2785     2785        8         0
                stringtext113                      277C     277C        9         0
                stringtext112                      2773     2773        9         0
                stringtext111                      276A     276A        9         0
                stringtext110                      2761     2761        9         0
                stringtext109                      2758     2758        9         0
                stringtext108                      274F     274F        9         0
                stringtext107                      2746     2746        9         0
                stringtext106                      273D     273D        9         0
                stringtext105                      2734     2734        9         0
                stringtext104                      2729     2729        B         0
                stringtext103                      271E     271E        B         0
                stringtext102                      2712     2712        C         0
                stringtext101                      2706     2706        C         0
                stringtext100                      26FA     26FA        C         0
                stringtext99                       26EE     26EE        C         0
                stringtext98                       26E2     26E2        C         0
                stringtext97                       26D6     26D6        C         0
                stringtext96                       26CA     26CA        C         0
                stringtext95                       26BE     26BE        C         0
                stringtext94                       26B2     26B2        C         0
                stringtext93                       26A6     26A6        C         0
                stringtext92                       269A     269A        C         0
                stringtext91                       268D     268D        D         0
                stringtext90                       2680     2680        D         0
                stringtext89                       2673     2673        D         0
                stringtext88                       2666     2666        D         0
                stringtext87                       2659     2659        D         0
                stringtext86                       264C     264C        D         0
                stringtext85                       263F     263F        D         0
                stringtext84                       2632     2632        D         0
                stringtext83                       2625     2625        D         0
                stringtext82                       2618     2618        D         0
                stringtext81                       260A     260A        E         0
                stringtext80                       25FC     25FC        E         0
                stringtext79                       25EE     25EE        E         0
                stringtext78                       25E0     25E0        E         0
                stringtext77                       25D1     25D1        F         0
                stringtext76                       25C2     25C2        F         0
                stringtext75                       25B3     25B3        F         0
                stringtext74                       25A4     25A4        F         0
                stringtext73                       2595     2595        F         0
                stringtext72                       2586     2586        F         0
                stringtext71                       2577     2577        F         0
                stringtext70                       2568     2568        F         0
                stringtext69                       2559     2559        F         0
                stringtext68                       2549     2549       10         0
                stringtext67                       2539     2539       10         0
                stringtext66                       2528     2528       11         0
                stringtext65                       2517     2517       11         0
                stringtext64                       2506     2506       11         0
                stringtext63                       24F5     24F5       11         0
                stringtext62                       24E4     24E4       11         0
                stringtext61                       24D3     24D3       11         0
                stringtext60                       24C2     24C2       11         0
                stringtext59                       24B1     24B1       11         0
                stringtext58                       24A0     24A0       11         0
                stringtext57                       248F     248F       11         0
                stringtext56                       247E     247E       11         0
                stringtext55                       246D     246D       11         0
                stringtext54                       245C     245C       11         0
                stringtext53                       244B     244B       11         0
                stringtext52                       243A     243A       11         0
                stringtext51                       2429     2429       11         0
                stringtext50                       2418     2418       11         0
                stringtext49                       2406     2406       12         0
                stringtext48                       23F4     23F4       12         0
                stringtext47                       23E2     23E2       12         0
                stringtext46                       23D0     23D0       12         0
                stringtext45                       23BE     23BE       12         0
                stringtext44                       23AC     23AC       12         0
                stringtext43                       239A     239A       12         0
                stringtext42                       2388     2388       12         0
                stringtext41                       2376     2376       12         0
                stringtext40                       2364     2364       12         0
                stringtext39                       2352     2352       12         0
                stringtext38                       2340     2340       12         0
                stringtext37                       232E     232E       12         0
                stringtext36                       231C     231C       12         0
                stringtext35                       230A     230A       12         0
                stringtext34                       22F8     22F8       12         0
                stringtext33                       22E5     22E5       13         0
                stringtext32                       22D2     22D2       13         0
                stringtext31                       22BF     22BF       13         0
                stringtext30                       22AB     22AB       14         0
                stringtext29                       2297     2297       14         0
                stringtext28                       2283     2283       14         0
                stringtext27                       226F     226F       14         0
                stringtext26                       225A     225A       15         0
                stringtext25                       2245     2245       15         0
                stringtext24                       2230     2230       15         0
                stringtext23                       221B     221B       15         0
                stringtext22                       2206     2206       15         0
                stringtext21                       21F1     21F1       15         0
                stringtext20                       21DC     21DC       15         0
                stringtext19                       21C6     21C6       16         0
                stringtext18                       21AF     21AF       17         0
                stringtext17                       2198     2198       17         0
                stringtext16                       2181     2181       17         0
                stringtext15                       216A     216A       17         0
                stringtext14                       2152     2152       18         0
                stringtext13                       213A     213A       18         0
                stringtext12                       2121     2121       19         0
                stringtext11                       2108     2108       19         0
                stringtext10                       20EF     20EF       19         0
                stringtext9                        20D5     20D5       1A         0
                stringtext8                        20BB     20BB       1A         0
                stringtext7                        20A1     20A1       1A         0
                stringtext6                        2085     2085       1C         0
                stringtext5                        2069     2069       1C         0
                stringtext4                        204A     204A       1F         0
                stringtext3                        2025     2025       25         0
                stringtext2                        2000     2000       25         0
                stringtext1                        1800     1800       4A         0

        CLASS   STRING         

        CLASS   CONST          

        CLASS   ENTRY          

        CLASS   COMMON         
                cstackCOMMON                         70       70        D         1
                bssCOMMON                            7D       7D        1         1

        CLASS   BANK0          
                cstackBANK0                          20       20       4A         1
                bssBANK0                             6A       6A        3         1

        CLASS   BANK1          
                cstackBANK1                          A0       A0       3F         1
                dataBANK1                            EE       EE        1         1
                bssBANK1                             DF       DF        F         1

        CLASS   BANK2          
                cstackBANK2                         120      120       25         1
                bssBANK2                            145      145        6         1

        CLASS   BANK3          
                dataBANK3                           1DB      1DB       14         1
                bssBANK3                            1A0      1A0       3B         1

        CLASS   BANK4          
                dataBANK4                           220      220       28         1
                bssBANK4                            248      248       20         1

        CLASS   BANK5          
                cstackBANK5                         2A0      2A0       29         1

        CLASS   BANK6          

        CLASS   BANK7          

        CLASS   BANK8          

        CLASS   BANK9          

        CLASS   BANK10         

        CLASS   BANK11         

        CLASS   BANK12         

        CLASS   BIGRAM         

        CLASS   RAM            

        CLASS   ABS1           
                abs_s1                               7E       7E        2         1

        CLASS   SFR0           

        CLASS   SFR1           

        CLASS   SFR2           

        CLASS   SFR3           

        CLASS   SFR4           

        CLASS   SFR5           

        CLASS   SFR6           

        CLASS   SFR7           

        CLASS   SFR8           

        CLASS   SFR9           

        CLASS   SFR10          

        CLASS   SFR11          

        CLASS   SFR12          

        CLASS   SFR13          

        CLASS   SFR14          

        CLASS   SFR15          

        CLASS   SFR16          

        CLASS   SFR17          

        CLASS   SFR18          

        CLASS   SFR19          

        CLASS   SFR20          

        CLASS   SFR21          

        CLASS   SFR22          

        CLASS   SFR23          

        CLASS   SFR24          

        CLASS   SFR25          

        CLASS   SFR26          

        CLASS   SFR27          

        CLASS   SFR28          

        CLASS   SFR29          

        CLASS   SFR30          

        CLASS   SFR31          

        CLASS   CONFIG         
                config                             8007     8007        2         4

        CLASS   IDLOC          
                idloc                              8000     8000        4         5

        CLASS   EEDATA         

        CLASS   BANK31         

        CLASS   BANK30         

        CLASS   BANK29         

        CLASS   BANK28         

        CLASS   BANK27         

        CLASS   BANK26         

        CLASS   BANK25         

        CLASS   BANK24         

        CLASS   BANK23         

        CLASS   BANK22         

        CLASS   BANK21         

        CLASS   BANK20         

        CLASS   BANK19         

        CLASS   BANK18         

        CLASS   BANK17         

        CLASS   BANK16         

        CLASS   BANK15         

        CLASS   BANK14         

        CLASS   BANK13         



SEGMENTS        Name                           Load    Length   Top    Selector   Space  Class     Delta

                reset_vec                      000000  000004  000004         0       0  CODE        2
                intentry                       000004  000801  000805         8       0  CODE        2
                cstackBANK0                    000020  00004D  00006D        20       1  BANK0       1
                cstackCOMMON                   000070  00000E  00007E        70       1  COMMON      1
                cstackBANK1                    0000A0  00004F  0000EF        A0       1  BANK1       1
                cstackBANK2                    000120  00002B  00014B       120       1  BANK2       1
                bssBANK3                       0001A0  00004F  0001EF       1A0       1  BANK3       1
                dataBANK4                      000220  000048  000268       220       1  BANK4       1
                cstackBANK5                    0002A0  000029  0002C9       2A0       1  BANK5       1
                text29                         000805  000067  00086C      100A       0  CODE        2
                text19                         00086C  000152  0009BE      10D8       0  CODE        2
                text17                         0009BE  0001B7  000B75      137C       0  CODE        2
                maintext                       000B75  000239  000DAE      16EA       0  CODE        2
                maintext_split_1               000DAE  00026D  00101B      1B5C       0  CODE        2
                text96                         00101B  000046  001061      2036       0  CODE        2
                text73                         001061  000048  0010A9      20C2       0  CODE        2
                text53                         0010A9  000048  0010F1      2152       0  CODE        2
                text24                         0010F1  00004B  00113C      21E2       0  CODE        2
                text55                         00113C  000051  00118D      2278       0  CODE        2
                text44                         00118D  000052  0011DF      231A       0  CODE        2
                text97                         0011DF  000057  001236      23BE       0  CODE        2
                text23                         001236  000057  00128D      246C       0  CODE        2
                text1                          00128D  000059  0012E6      251A       0  CODE        2
                text41                         0012E6  00005C  001342      25CC       0  CODE        2
                text34                         001342  000089  0013CB      2684       0  CODE        2
                text16                         0013CB  00008C  001457      2796       0  CODE        2
                text30                         001457  000095  0014EC      28AE       0  CODE        2
                text48                         0014EC  0000ED  0015D9      29D8       0  CODE        2
                text49                         0015D9  000105  0016DE      2BB2       0  CODE        2
                text39                         0016DE  000122  001800      2DBC       0  CODE        2
                stringtext1                    001800  00004A  00184A      3000       0  STRCODE     2
                idataBANK1                     00184A  000001  00184B      3094       0  CODE        2
                text45                         00184B  000007  001852      3096       0  CODE        2
                text98                         001852  000008  00185A      30A4       0  CODE        2
                text79                         00185A  000008  001862      30B4       0  CODE        2
                text99                         001862  000009  00186B      30C4       0  CODE        2
                text78                         00186B  000009  001874      30D6       0  CODE        2
                text77                         001874  000009  00187D      30E8       0  CODE        2
                text76                         00187D  000009  001886      30FA       0  CODE        2
                text75                         001886  000009  00188F      310C       0  CODE        2
                text74                         00188F  000009  001898      311E       0  CODE        2
                text59                         001898  000009  0018A1      3130       0  CODE        2
                text80                         0018A1  00000B  0018AC      3142       0  CODE        2
                text72                         0018AC  00000C  0018B8      3158       0  CODE        2
                text66                         0018B8  00000C  0018C4      3170       0  CODE        2
                text11                         0018C4  00000C  0018D0      3188       0  CODE        2
                text116                        0018D0  00000D  0018DD      31A0       0  CODE        2
                text67                         0018DD  00000D  0018EA      31BA       0  CODE        2
                text52                         0018EA  00000D  0018F7      31D4       0  CODE        2
                text51                         0018F7  00000D  001904      31EE       0  CODE        2
                text50                         001904  00000D  001911      3208       0  CODE        2
                text28                         001911  00000D  00191E      3222       0  CODE        2
                text27                         00191E  00000D  00192B      323C       0  CODE        2
                text26                         00192B  00000D  001938      3256       0  CODE        2
                text25                         001938  00000D  001945      3270       0  CODE        2
                text5                          001945  00000D  001952      328A       0  CODE        2
                text14                         001952  00000E  001960      32A4       0  CODE        2
                text118                        001960  000010  001970      32C0       0  CODE        2
                text69                         001970  000010  001980      32E0       0  CODE        2
                text63                         001980  000010  001990      3300       0  CODE        2
                text115                        001990  000011  0019A1      3320       0  CODE        2
                text114                        0019A1  000011  0019B2      3342       0  CODE        2
                text113                        0019B2  000011  0019C3      3364       0  CODE        2
                text112                        0019C3  000011  0019D4      3386       0  CODE        2
                text2                          0019D4  000013  0019E7      33A8       0  CODE        2
                idataBANK3                     0019E7  000014  0019FB      33CE       0  CODE        2
                text62                         0019FB  000015  001A10      33F6       0  CODE        2
                text6                          001A10  000015  001A25      3420       0  CODE        2
                text37                         001A25  000016  001A3B      344A       0  CODE        2
                text35                         001A3B  000017  001A52      3476       0  CODE        2
                text111                        001A52  000018  001A6A      34A4       0  CODE        2
                text61                         001A6A  000018  001A82      34D4       0  CODE        2
                text60                         001A82  000018  001A9A      3504       0  CODE        2
                text57                         001A9A  000019  001AB3      3534       0  CODE        2
                text15                         001AB3  000019  001ACC      3566       0  CODE        2
                text42                         001ACC  00001A  001AE6      3598       0  CODE        2
                text126                        001AE6  00001B  001B01      35CC       0  CODE        2
                text32                         001B01  00001B  001B1C      3602       0  CODE        2
                text31                         001B1C  00001B  001B37      3638       0  CODE        2
                text47                         001B37  00001C  001B53      366E       0  CODE        2
                text71                         001B53  00001F  001B72      36A6       0  CODE        2
                text68                         001B72  00001F  001B91      36E4       0  CODE        2
                text56                         001B91  00001F  001BB0      3722       0  CODE        2
                text81                         001BB0  000021  001BD1      3760       0  CODE        2
                text8                          001BD1  000021  001BF2      37A2       0  CODE        2
                text121                        001BF2  000022  001C14      37E4       0  CODE        2
                text22                         001C14  000023  001C37      3828       0  CODE        2
                text21                         001C37  000023  001C5A      386E       0  CODE        2
                text20                         001C5A  000023  001C7D      38B4       0  CODE        2
                text13                         001C7D  000025  001CA2      38FA       0  CODE        2
                text9                          001CA2  000026  001CC8      3944       0  CODE        2
                text36                         001CC8  000027  001CEF      3990       0  CODE        2
                idataBANK4                     001CEF  000028  001D17      39DE       0  CODE        2
                text43                         001D17  000029  001D40      3A2E       0  CODE        2
                text117                        001D40  00002A  001D6A      3A80       0  CODE        2
                text54                         001D6A  00002C  001D96      3AD4       0  CODE        2
                text86                         001D96  00002D  001DC3      3B2C       0  CODE        2
                text46                         001DC3  00002D  001DF0      3B86       0  CODE        2
                text84                         001DF0  00002E  001E1E      3BE0       0  CODE        2
                text101                        001E1E  00002F  001E4D      3C3C       0  CODE        2
                text58                         001E4D  00002F  001E7C      3C9A       0  CODE        2
                text33                         001E7C  00002F  001EAB      3CF8       0  CODE        2
                text3                          001EAB  000030  001EDB      3D56       0  CODE        2
                text38                         001EDB  000034  001F0F      3DB6       0  CODE        2
                text12                         001F0F  000038  001F47      3E1E       0  CODE        2
                text4                          001F47  000038  001F7F      3E8E       0  CODE        2
                text10                         001F7F  000040  001FBF      3EFE       0  CODE        2
                text122                        001FBF  000041  002000      3F7E       0  CODE        2
                stringtext2                    002000  0007D5  0027D5      4000       0  STRCODE     2
                text110                        0027D5  000002  0027D7      4FAA       0  CODE        2
                text89                         0027D7  000005  0027DC      4FAE       0  CODE        2
                text88                         0027DC  000005  0027E1      4FB8       0  CODE        2
                text103                        0027E1  000006  0027E7      4FC2       0  CODE        2
                text65                         0027E7  000006  0027ED      4FCE       0  CODE        2
                text64                         0027ED  000006  0027F3      4FDA       0  CODE        2
                clrtext                        0027F3  000006  0027F9      4FE6       0  CODE        2
                text95                         0027F9  000007  002800      4FF2       0  CODE        2
                text124                        002FB1  000001  002FB2      5F62       0  CODE        2
                text7                          002FB2  000001  002FB3      5F64       0  CODE        2
                text120                        002FB3  000003  002FB6      5F66       0  CODE        2
                text119                        002FB6  000003  002FB9      5F6C       0  CODE        2
                text108                        002FB9  000003  002FBC      5F72       0  CODE        2
                text106                        002FBC  000003  002FBF      5F78       0  CODE        2
                text102                        002FBF  000003  002FC2      5F7E       0  CODE        2
                text85                         002FC2  000003  002FC5      5F84       0  CODE        2
                text125                        002FC5  000004  002FC9      5F8A       0  CODE        2
                text123                        002FC9  000004  002FCD      5F92       0  CODE        2
                text107                        002FCD  000004  002FD1      5F9A       0  CODE        2
                text105                        002FD1  000004  002FD5      5FA2       0  CODE        2
                text83                         002FD5  000004  002FD9      5FAA       0  CODE        2
                text70                         002FD9  000004  002FDD      5FB2       0  CODE        2
                text104                        002FDD  000005  002FE2      5FBA       0  CODE        2
                text100                        002FE2  000005  002FE7      5FC4       0  CODE        2
                text94                         002FE7  000005  002FEC      5FCE       0  CODE        2
                text93                         002FEC  000005  002FF1      5FD8       0  CODE        2
                text92                         002FF1  000005  002FF6      5FE2       0  CODE        2
                text91                         002FF6  000005  002FFB      5FEC       0  CODE        2
                text90                         002FFB  000005  003000      5FF6       0  CODE        2
                stringtext124                  003000  000003  003003      6000       0  STRCODE     2


UNUSED ADDRESS RANGES

        Name                Unused          Largest block    Delta
        BANK0            000006D-000006F                 3           1
        BANK1            00000EF-00000EF                 1           1
        BANK10           0000520-000056F                50           1
        BANK11           00005A0-00005EF                50           1
        BANK12           0000620-000064F                30           1
        BANK2            000014B-000016F                25           1
        BANK3            00001EF-00001EF                 1           1
        BANK4            0000268-000026F                 8           1
        BANK5            00002C9-00002EF                27           1
        BANK6            0000320-000036F                50           1
        BANK7            00003A0-00003EF                50           1
        BANK8            0000420-000046F                50           1
        BANK9            00004A0-00004EF                50           1
        BIGRAM           0002000-00023EF               3F0           1
        CODE             0002800-0002FB0               7B1           2
                         0003003-0003FFF               7FD
        CONST            0002800-0002FB0               100           2
                         0003003-0003FFF               100
        EEDATA           000F000-000F0FF               100           2
        ENTRY            0002800-0002FB0               100           2
                         0003003-0003FFF               100
        RAM              000006D-000006F                 3           1
                         00000EF-00000EF                 1
                         000014B-000016F                25
                         00001EF-00001EF                 1
                         0000268-000026F                 8
                         00002C9-00002EF                27
                         0000320-000036F                50
                         00003A0-00003EF                50
                         0000420-000046F                50
                         00004A0-00004EF                50
                         0000520-000056F                50
                         00005A0-00005EF                50
                         0000620-000064F                30
        SFR0             0000000-000001F                20           1
        SFR1             0000080-000009F                20           1
        SFR10            0000500-000051F                20           1
        SFR11            0000580-000059F                20           1
        SFR12            0000600-000061F                20           1
        SFR13            0000680-00006EF                70           1
        SFR14            0000700-000076F                70           1
        SFR15            0000780-00007EF                70           1
        SFR16            0000800-000086F                70           1
        SFR17            0000880-00008EF                70           1
        SFR18            0000900-000096F                70           1
        SFR19            0000980-00009EF                70           1
        SFR2             0000100-000011F                20           1
        SFR20            0000A00-0000A6F                70           1
        SFR21            0000A80-0000AEF                70           1
        SFR22            0000B00-0000B6F                70           1
        SFR23            0000B80-0000BEF                70           1
        SFR24            0000C00-0000C6F                70           1
        SFR25            0000C80-0000CEF                70           1
        SFR26            0000D00-0000D6F                70           1
        SFR27            0000D80-0000DEF                70           1
        SFR28            0000E00-0000E6F                70           1
        SFR29            0000E80-0000EEF                70           1
        SFR3             0000180-000019F                20           1
        SFR30            0000F00-0000F6F                70           1
        SFR31            0000F80-0000FEF                70           1
        SFR4             0000200-000021F                20           1
        SFR5             0000280-000029F                20           1
        SFR6             0000300-000031F                20           1
        SFR7             0000380-000039F                20           1
        SFR8             0000400-000041F                20           1
        SFR9             0000480-000049F                20           1
        STACK            00021B9-00023EF               237           1
        STRCODE          0002800-0002FB0               7B1           2
                         0003003-0003FFF               FFD
        STRING           0002800-0002FB0               100           2
                         0003003-0003FFF               100

                                  Symbol Table

?_ADC_GetConversion                            cstackBANK0      0000023
?___aodiv                                      cstackBANK0      0000023
?___aomod                                      cstackBANK0      0000023
?_abs                                          cstackBANK0      0000036
?_dtoa                                         cstackBANK0      000003F
?_pad                                          cstackBANK0      0000036
?_printf                                       cstackBANK1      00000AD
?_sprintf                                      cstackBANK1      00000AD
?_strcat                                       cstackBANK0      0000033
?_strlen                                       cstackBANK0      0000023
?_vfpfcnvrt                                    cstackBANK0      000005D
?_vfprintf                                     cstackBANK0      0000064
ADC_GetConversion@channel                      cstackBANK0      0000026
EUSART_Read@readValue                          cstackBANK0      0000024
EUSART_SetErrorHandler@interruptHandler        cstackBANK0      0000023
EUSART_SetFramingErrorHandler@interruptHandler cstackBANK0      0000023
EUSART_SetOverrunErrorHandler@interruptHandler cstackBANK0      0000023
EUSART_SetRxInterruptHandler@interruptHandler  cstackBANK0      0000023
EUSART_SetTxInterruptHandler@interruptHandler  cstackBANK0      0000023
EUSART_Write@txData                            cstackBANK0      0000024
I2C_CallbackReturnReset@funPtr                 cstackCOMMON     0000079
I2C_MasterSendTxData@data                      cstackCOMMON     0000070
I2C_Master_Write@data                          cstackBANK0      0000023
I2C_SetBuffer@buffer                           cstackCOMMON     0000073
I2C_SetBuffer@bufferSize                       cstackCOMMON     0000070
I2C_SetCallback@cb                             cstackCOMMON     0000070
I2C_SetCallback@idx                            cstackCOMMON     0000074
I2C_SetCallback@ptr                            cstackCOMMON     0000072
I2C_SetDataCompleteCallback@cb                 cstackCOMMON     0000075
I2C_SetDataCompleteCallback@ptr                cstackCOMMON     0000077
IO_Expander_Write@Data                         cstackBANK0      0000024
LCD_CMD@CMD                                    cstackBANK0      0000028
LCD_Init@I2C_Add                               cstackBANK0      000002B
LCD_Set_Cursor@COL                             cstackBANK0      0000029
LCD_Set_Cursor@ROW                             cstackBANK0      000002C
LCD_Write_4Bit@Nibble                          cstackBANK0      0000026
LCD_Write_Char@Data                            cstackBANK0      0000028
LCD_Write_String@Str                           cstackBANK0      0000029
LCD_Write_String@i                             cstackBANK0      000002C
_ACKDT                                         (abs)            00010B5
_ACKEN                                         (abs)            00010B4
_ACKSTAT                                       (abs)            00010B6
_ADCON0                                        (abs)            000009D
_ADCON0bits                                    (abs)            000009D
_ADCON1                                        (abs)            000009E
_ADC_GetConversion                             text81           0001BB0
_ADC_Initialize                                text79           000185A
_ADRESH                                        (abs)            000009C
_ADRESL                                        (abs)            000009B
_ANSELA                                        (abs)            000018C
_ANSELB                                        (abs)            000018D
_ANSELD                                        (abs)            000018F
_ANSELE                                        (abs)            0000190
_APFCON                                        (abs)            000011D
_BAUDCON                                       (abs)            000019F
_BORCON                                        (abs)            0000116
_BackLight_State                               dataBANK1        00000EE
_EEADRH                                        (abs)            0000192
_EEADRL                                        (abs)            0000191
_EECON1bits                                    (abs)            0000195
_EECON2                                        (abs)            0000196
_EEDATH                                        (abs)            0000194
_EEDATL                                        (abs)            0000193
_EUSART_DefaultErrorHandler                    text125          0002FC5
_EUSART_DefaultFramingErrorHandler             text124          0002FB1
_EUSART_DefaultOverrunErrorHandler             text123          0002FC9
_EUSART_ErrorHandler                           bssBANK3         00001D7
_EUSART_FramingErrorHandler                    bssBANK2         0000147
_EUSART_Initialize                             text73           0001061
_EUSART_OverrunErrorHandler                    bssBANK2         0000145
_EUSART_Read                                   text33           0001E7C
_EUSART_Receive_ISR                            text122          0001FBF
_EUSART_RxDataHandler                          text126          0001AE6
_EUSART_RxDefaultInterruptHandler              bssBANK2         0000149
_EUSART_SetErrorHandler                        text78           000186B
_EUSART_SetFramingErrorHandler                 text77           0001874
_EUSART_SetOverrunErrorHandler                 text76           000187D
_EUSART_SetRxInterruptHandler                  text75           0001886
_EUSART_SetTxInterruptHandler                  text74           000188F
_EUSART_Transmit_ISR                           text121          0001BF2
_EUSART_TxDefaultInterruptHandler              bssBANK1         00000E5
_EUSART_Write                                  text46           0001DC3
_GIE                                           (abs)            000005F
_I2C_CallbackReturnReset                       text109          0000002
_I2C_CallbackReturnStop                        text110          00027D5
_I2C_DO_ADDRESS_NACK                           text86           0001D96
_I2C_DO_IDLE                                   text100          0002FE2
_I2C_DO_RCEN                                   text95           00027F9
_I2C_DO_RESET                                  text87           0000800
_I2C_DO_RX                                     text96           000101B
_I2C_DO_RX_ACK                                 text90           0002FFB
[...]
alerteDefautEtape16@prog                       cstackBANK1      00000DC
alerteDefautEtape16@reponse                    cstackBANK2      0000140
alerteDefautEtape16@testAct                    cstackBANK1      00000D9
alerteDefautEtape16@testVoy                    cstackBANK1      00000DA
alimenter@active                               cstackBANK0      0000023
analyseCodeBLE@bleCode                         cstackBANK0      0000023
attenteAquittement@autom                       cstackBANK1      00000B0
attenteAquittement@reception                   cstackBANK1      00000B6
attenteAquittement@repOperateur                cstackBANK1      00000B7
attenteAquittement@testAct                     cstackBANK1      00000B2
attenteDemarrage2@autom                        cstackBANK1      00000B6
attenteDemarrage2@prog                         cstackBANK1      00000B1
attenteDemarrage2@reception                    cstackBANK1      00000B4
attenteDemarrage2@repOperateur                 cstackBANK1      00000B5
attenteDemarrage2@testAct                      cstackBANK1      00000B0
btemp                                          (abs)            000007E
clear_ram0                                     clrtext          00027F3
displayManager@s1                              cstackBANK0      000002E
displayManager@s2                              cstackBANK0      0000030
displayManager@s3                              cstackBANK0      0000032
displayManager@s4                              cstackBANK0      0000034
displayManagerMaster@s1                        cstackBANK0      0000038
displayManagerMaster@s2                        cstackBANK0      000003A
displayManagerMaster@s3                        cstackBANK0      000003C
displayManagerMaster@s4                        cstackBANK0      000003E
dtoa@d                                         cstackBANK0      000003F
dtoa@fp                                        cstackBANK0      000004A
dtoa@i                                         cstackBANK0      000005B
dtoa@n                                         cstackBANK0      0000053
dtoa@p                                         cstackBANK0      000004D
dtoa@s                                         cstackBANK0      0000051
dtoa@w                                         cstackBANK0      000004F
end_of_initialization                          cinit            000008D
errorAlert@i                                   cstackBANK0      000002A
errorAlert@j                                   cstackBANK0      0000028
fputc@c                                        cstackBANK0      0000026
fputc@fp                                       cstackBANK0      0000028
fputs@c                                        cstackBANK0      0000032
fputs@fp                                       cstackBANK0      000002E
fputs@i                                        cstackBANK0      0000033
fputs@s                                        cstackBANK0      0000035
getBLEindentifier@bleCode                      cstackBANK0      0000035
getBLEindentifier@i                            cstackBANK0      0000033
getCharacterFormRx@N                           cstackBANK0      000002E
getCharacterFormRx@i                           cstackBANK0      000002F
getCharacterFormRx@reading                     cstackBANK0      000002C
init_ram                                       inittext         00007FA
initialConditions@autom                        cstackBANK1      00000B4
initialConditions@prog                         cstackBANK1      00000B6
initialConditions@testAct                      cstackBANK1      00000B0
initialConditions@testVoy                      cstackBANK1      00000B2
int$flags                                      (abs)            000007E
intlevel0                                      functab          0000000
intlevel1                                      functab          0000000
intlevel2                                      functab          0000000
intlevel3                                      functab          0000000
intlevel4                                      functab          0000000
intlevel5                                      functab          0000000
ledConforme@active                             cstackBANK0      0000023
ledNonConforme@active                          cstackBANK0      0000023
ledProgession@active                           cstackBANK0      0000023
main@automatique                               cstackBANK5      00002C6
main@bleAcq                                    cstackBANK5      00002C1
main@bleCode                                   cstackBANK5      00002A0
main@buffer                                    cstackBANK5      00002B5
main@buffer_1733                               cstackBANK5      00002B7
main@lectureAN1                                cstackBANK5      00002C3
main@master                                    cstackBANK5      00002B9
main@programmation                             cstackBANK5      00002C5
main@slaveInTest                               cstackBANK5      00002BA
main@slaveWaiting                              cstackBANK5      00002BB
main@slectureAN1                               cstackBANK5      00002BC
main@testActif                                 cstackBANK5      00002C8
main@testLeds                                  cstackBANK5      00002C2
main@testVoyants                               cstackBANK5      00002C7
okAlert@i                                      cstackBANK1      00000B1
pad@buf                                        cstackBANK0      0000036
pad@fp                                         cstackBANK0      000003E
pad@i                                          cstackBANK0      000003A
pad@p                                          cstackBANK0      0000037
pad@w                                          cstackBANK0      000003C
pnum$maintext                                  (abs)            0000093
pnum$maintext_split_1                          (abs)            0000114
pnum$maintext_split_2                          (abs)            0000115
pressBP1@active                                cstackBANK0      0000023
pressBP2@active                                cstackBANK0      0000023
printf@ap                                      cstackBANK1      00000AF
printf@fmt                                     cstackBANK1      00000AD
psplit$0                                       (abs)            0930114
psplit$1                                       (abs)            1140115
putch@txData                                   cstackBANK0      0000025
rd1RegCompleteHandler@ptr                      cstackCOMMON     0000079
rd2RegCompleteHandler@ptr                      cstackCOMMON     0000079
rdBlkRegCompleteHandler@ptr                    cstackCOMMON     0000079
reponseOperateur@automatique                   cstackBANK0      0000028
reponseOperateur@reception                     cstackBANK0      0000027
reponseOperateur@repOperateur                  cstackBANK0      000002A
reponseOperateur@reponse                       cstackBANK0      0000029
reset_vec                                      reset_vec        0000000
setCharacterBit@K                              cstackBANK0      0000025
setCharacterBit@N                              cstackBANK0      0000028
setCharacterBit@reading                        cstackBANK0      0000023
setHorloge@active                              cstackBANK0      0000023
setP1@active                                   cstackBANK0      0000023
setP2@active                                   cstackBANK0      0000023
sortieErreur@autom                             cstackBANK1      00000B8
sortieErreur@prog                              cstackBANK1      00000BE
sortieErreur@testAct                           cstackBANK1      00000BA
sortieErreur@testVoy                           cstackBANK1      00000BC
sprintf@ap                                     cstackBANK1      00000B3
sprintf@f                                      cstackBANK1      00000B5
sprintf@fmt                                    cstackBANK1      00000AD
sprintf@ret                                    cstackBANK1      00000B1
sprintf@s                                      cstackBANK1      00000B4
start                                          init             000004A
startAlert@i                                   cstackBANK0      0000028
startPhaseBLE@i                                cstackBANK0      0000026
startPhaseBLE@phase                            cstackBANK0      0000023
start_initialization                           cinit            000004C
strcat@dest                                    cstackBANK0      0000033
strcat@src                                     cstackBANK0      0000035
strcpy@d                                       cstackBANK0      0000031
strcpy@dest                                    cstackBANK0      0000027
strcpy@s                                       cstackBANK0      000002F
strcpy@src                                     cstackBANK0      0000029
strlen@a                                       cstackBANK0      0000025
strlen@s                                       cstackBANK0      0000023
testNOK@active                                 cstackBANK0      0000024
testNOK@result                                 cstackBANK0      0000023
testOK@active                                  cstackBANK0      0000024
testOK@result                                  cstackBANK0      0000023
testR1@active                                  cstackBANK0      0000024
testR1@result                                  cstackBANK0      0000023
testR2@active                                  cstackBANK0      0000024
testR2@result                                  cstackBANK0      0000023
testR3@active                                  cstackBANK0      0000024
testR3@result                                  cstackBANK0      0000023
vfpfcnvrt@ap                                   cstackBANK0      000005E
vfpfcnvrt@fmt                                  cstackBANK0      000005D
vfpfcnvrt@fp                                   cstackBANK1      00000A9
vfpfcnvrt@ll                                   cstackBANK1      00000A0
vfpfcnvrt@vp                                   cstackBANK1      00000A8
vfprintf@ap                                    cstackBANK0      0000066
vfprintf@cfmt                                  cstackBANK1      00000AB
vfprintf@fmt                                   cstackBANK0      0000064
vfprintf@fp                                    cstackBANK1      00000AA
waitForBleAcq2@time                            cstackBANK0      0000024
wr1RegCompleteHandler@ptr                      cstackCOMMON     0000079
wr2RegCompleteHandler@ptr                      cstackCOMMON     0000079
wtemp0                                         (abs)            000007E


MODULE INFORMATION

Module		Function		Class		Link	Load	Size
C:\Program Files\Microchip\xc8\v2.32\pic\sources\c99\common\nf_sprintf.c
		_sprintf       		CODE           	1F47	0000	56

C:\Program Files\Microchip\xc8\v2.32\pic\sources\c99\common\nf_sprintf.c estimated size: 56

C:\Program Files\Microchip\xc8\v2.32\pic\sources\c99\common\doprnt.c
		_vfpfcnvrt     		CODE           	16DE	0000	290
		_pad           		CODE           	12E6	0000	92
		_dtoa          		CODE           	068A	0000	368
		_vfprintf      		CODE           	1EDB	0000	52

C:\Program Files\Microchip\xc8\v2.32\pic\sources\c99\common\doprnt.c estimated size: 802

mcc_generated_files/interrupt_manager.c
		_INTERRUPT_InterruptManager		CODE           	0004	0000	70

mcc_generated_files/interrupt_manager.c estimated size: 70

mcc_generated_files/examples/i2c_master_example.c
		_wr1RegCompleteHandler		CODE           	19C3	0000	17
		_wr2RegCompleteHandler		CODE           	1990	0000	17
		_rdBlkRegCompleteHandler		CODE           	1A52	0000	24
		_rd1RegCompleteHandler		CODE           	19A1	0000	17
		_rd2RegCompleteHandler		CODE           	19B2	0000	17

mcc_generated_files/examples/i2c_master_example.c estimated size: 92

mcc_generated_files/pin_manager.c
		_PIN_MANAGER_Initialize		CODE           	1B53	0000	31

mcc_generated_files/pin_manager.c estimated size: 31

C:\Program Files\Microchip\xc8\v2.32\pic\sources\c99\common\nf_fputs.c
		_fputs         		CODE           	1D17	0000	41

C:\Program Files\Microchip\xc8\v2.32\pic\sources\c99\common\nf_fputs.c estimated size: 41

mcc_generated_files/adc.c
		_ADC_Initialize		CODE           	185A	0000	8
		_ADC_GetConversion		CODE           	1BB0	0000	33

mcc_generated_files/adc.c estimated size: 41

C:\Program Files\Microchip\xc8\v2.32\pic\sources\c99\common\abs.c
		_abs           		CODE           	1B37	0000	28

C:\Program Files\Microchip\xc8\v2.32\pic\sources\c99\common\abs.c estimated size: 28

C:\Program Files\Microchip\xc8\v2.32\pic\sources\c99\common\aomod.c
		___aomod       		CODE           	14EC	0000	237

C:\Program Files\Microchip\xc8\v2.32\pic\sources\c99\common\aomod.c estimated size: 237

shared
		__initialization		CODE           	004C	0000	65
		_i2c_fsmStateTable		STRCODE        	1800	0000	32

shared estimated size: 97

I2C_LCD.c
		_LCD_Init      		CODE           	13CB	0000	140
		_LCD_Write_4Bit		CODE           	1A6A	0000	24
		_LCD_Write_Char		CODE           	1A9A	0000	25
		_LCD_CMD       		CODE           	1A82	0000	24
		_I2C_Master_Wait		CODE           	18B8	0000	12
		_I2C_Master_Init		CODE           	18A1	0000	11
		_I2C_Master_Stop		CODE           	27ED	0000	6
		_LCD_Set_Cursor		CODE           	1E4D	0000	47
		_LCD_Clear     		CODE           	1898	0000	9
		_IO_Expander_Write		CODE           	19FB	0000	21
		_I2C_Master_Write		CODE           	1980	0000	16
		_I2C_Master_Start		CODE           	27E7	0000	6
		_LCD_Write_String		CODE           	1B91	0000	31

I2C_LCD.c estimated size: 372

mcc_generated_files/mcc.c
		_WDT_Initialize		CODE           	2FD9	0000	4
		_OSCILLATOR_Initialize		CODE           	18AC	0000	12
		_SYSTEM_Initialize		CODE           	1970	0000	16

mcc_generated_files/mcc.c estimated size: 32

display.c
		_displayManagerMaster		CODE           	1AB3	0000	25
		_displayManager		CODE           	113C	0000	81

display.c estimated size: 106

C:\Program Files\Microchip\xc8\v2.32\pic\sources\c99\common\strcat.c
		_strcat        		CODE           	1A3B	0000	23

C:\Program Files\Microchip\xc8\v2.32\pic\sources\c99\common\strcat.c estimated size: 23

mcc_generated_files/i2c_master.c
		_I2C_MasterStartRx		CODE           	2FB9	0000	3
		_I2C_DO_SEND_ADR_WRITE		CODE           	1852	0000	8
		_I2C_DO_SEND_STOP		CODE           	2FF6	0000	5
		_I2C_MasterSendNack		CODE           	2FCD	0000	4
		_I2C_CallbackReturnStop		CODE           	27D5	0000	2
		_I2C_DO_SEND_ADR_READ		CODE           	1862	0000	9
		_I2C_DO_RX_NACK_STOP		CODE           	27D7	0000	5
		_I2C_DO_SEND_RESTART		CODE           	2FF1	0000	5
		_I2C_DO_RX     		CODE           	101B	0000	70
		_I2C_DO_TX     		CODE           	11DF	0000	87
		_I2C_DO_IDLE   		CODE           	2FE2	0000	5
		_I2C_DO_RCEN   		CODE           	27F9	0000	7
		_I2C_DO_RESET  		CODE           	0800	0000	5
		_I2C_DO_RX_ACK 		CODE           	2FFB	0000	5
		_I2C_MasterClearIrq		CODE           	2FC2	0000	3
		_I2C_MasterGetRxData		CODE           	2FBC	0000	3
		_I2C_SetCallback		CODE           	1D40	0000	42
		_I2C_DO_ADDRESS_NACK		CODE           	1D96	0000	45
		_I2C_MasterEnableRestart		CODE           	2FB3	0000	3
		_I2C_CallbackReturnReset		CODE           	0002	0000	2
		_I2C_DO_TX_EMPTY		CODE           	1E1E	0000	47
		_I2C_DO_SEND_RESTART_WRITE		CODE           	2FEC	0000	5
		_I2C_MasterIsNack		CODE           	27E1	0000	6
		_I2C_SetDataCompleteCallback		CODE           	18D0	0000	13
		_I2C_DO_RX_NACK_RESTART		CODE           	27DC	0000	5
		_I2C_MasterSendAck		CODE           	2FD1	0000	4
		_I2C_MasterFsm 		CODE           	1DF0	0000	46
		_I2C_MasterIsr 		CODE           	2FD5	0000	4
		_I2C_MasterSetIrq		CODE           	2FBF	0000	3
		_I2C_DO_SEND_RESTART_READ		CODE           	2FE7	0000	5
		_I2C_SetBuffer 		CODE           	1960	0000	16
		_I2C_MasterSendTxData		CODE           	2FDD	0000	5
		_I2C_MasterStop		CODE           	2FB6	0000	3

mcc_generated_files/i2c_master.c estimated size: 480

mcc_generated_files/eusart.c
		_EUSART_SetRxInterruptHandler		CODE           	1886	0000	9
		_EUSART_SetTxInterruptHandler		CODE           	188F	0000	9
		_putch         		CODE           	184B	0000	7
		_EUSART_Read   		CODE           	1E7C	0000	47
		_EUSART_DefaultOverrunErrorHandler		CODE           	2FC9	0000	4
		_EUSART_Write  		CODE           	1DC3	0000	45
		_EUSART_DefaultErrorHandler		CODE           	2FC5	0000	4
		_EUSART_Transmit_ISR		CODE           	1BF2	0000	34
		_EUSART_Initialize		CODE           	1061	0000	72
		_EUSART_SetFramingErrorHandler		CODE           	1874	0000	9
		_EUSART_SetErrorHandler		CODE           	186B	0000	9
		_EUSART_SetOverrunErrorHandler		CODE           	187D	0000	9
		_EUSART_Receive_ISR		CODE           	1FBF	0000	65
		_EUSART_RxDataHandler		CODE           	1AE6	0000	27
		_EUSART_DefaultFramingErrorHandler		CODE           	2FB1	0000	1

mcc_generated_files/eusart.c estimated size: 351

C:\Program Files\Microchip\xc8\v2.32\pic\sources\c99\common\printf.c
		_printf        		CODE           	1A25	0000	22

C:\Program Files\Microchip\xc8\v2.32\pic\sources\c99\common\printf.c estimated size: 22

C:\Program Files\Microchip\xc8\v2.32\pic\sources\c99\common\nf_fputc.c
		_fputc         		CODE           	118D	0000	82

C:\Program Files\Microchip\xc8\v2.32\pic\sources\c99\common\nf_fputc.c estimated size: 82

tester.c
		_okAlert       		CODE           	1BD1	0000	33
		_testR3        		CODE           	1C5A	0000	35
		_alerteDefaut  		CODE           	1342	0000	137
		_resetModuleBle		CODE           	1A10	0000	21
		_initialConditions		CODE           	10F1	0000	75
		_attenteDemarrage2		CODE           	09BE	0000	439
		_setHorloge    		CODE           	1945	0000	13
		_errorAlert    		CODE           	10A9	0000	72
		_alimenter     		CODE           	18DD	0000	13
		_testR1        		CODE           	1C14	0000	35
		_ledProgession 		CODE           	1904	0000	13
		_attenteAquittement		CODE           	0805	0000	103
		_getBLEindentifier		CODE           	1F7F	0000	64
		_activeCLK     		CODE           	1952	0000	14
		_getCharacterFormRx		CODE           	1F0F	0000	56
		_startAlert    		CODE           	1CA2	0000	38
		_pressBP1      		CODE           	1911	0000	13
		_pressBP2      		CODE           	191E	0000	13
		_setCharacterBit		CODE           	1C7D	0000	37
		_releaseCLK    		CODE           	18C4	0000	12
		_testNOK       		CODE           	1B01	0000	27
		_ledConforme   		CODE           	18EA	0000	13
		_alerteDefautEtape16		CODE           	086C	0000	338
		_testR2        		CODE           	1C37	0000	35
		_waitForBleAcq 		CODE           	19D4	0000	19
		_ledNonConforme		CODE           	18F7	0000	13
		_activerResetModuleBle		CODE           	2FB2	0000	1
		_setP1         		CODE           	192B	0000	13
		_waitForBleAcq2		CODE           	128D	0000	89
		_testOK        		CODE           	1B1C	0000	27
		_activerTouche 		CODE           	1B72	0000	31
		_activerBuzzer 		CODE           	1D6A	0000	44
		_startPhaseBLE 		CODE           	1EAB	0000	48
		_sortieErreur  		CODE           	1236	0000	87
		_setP2         		CODE           	1938	0000	13
		_analyseCodeBLE		CODE           	1000	0000	27
		_reponseOperateur		CODE           	1457	0000	149

tester.c estimated size: 2210

C:\Program Files\Microchip\xc8\v2.32\pic\sources\c99\common\aodiv.c
		___aodiv       		CODE           	15D9	0000	261

C:\Program Files\Microchip\xc8\v2.32\pic\sources\c99\common\aodiv.c estimated size: 261

main.c
		_main          		CODE           	0B75	0000	2692

main.c estimated size: 2692

C:\Program Files\Microchip\xc8\v2.32\pic\sources\c99\common\strlen.c
		_strlen        		CODE           	1ACC	0000	26

C:\Program Files\Microchip\xc8\v2.32\pic\sources\c99\common\strlen.c estimated size: 26

C:\Program Files\Microchip\xc8\v2.32\pic\sources\c99\common\strcpy.c
		_strcpy        		CODE           	1CC8	0000	39

C:\Program Files\Microchip\xc8\v2.32\pic\sources\c99\common\strcpy.c estimated size: 39

