Microchip MPLAB XC8 Compiler V2.32

Linker command line:

-W-3 --edf=C:\Program Files\Microchip\xc8\v2.32\pic\dat\en_msgs.txt -cn \
  -h+dist/default/production\galeoTesterBiModuleSimpleBLE.X.production.sym \
  --cmf=dist/default/production\galeoTesterBiModuleSimpleBLE.X.production.cmf \
  -z -Q16LF1939 -oC:\Users\Michel\AppData\Local\Temp\xcAsugo.4 \
  --defsym=__MPLAB_BUILD=1 \
  -Mdist/default/production/galeoTesterBiModuleSimpleBLE.X.production.map \
  -E1 -ver=XC8 Compiler --acfsm=1493 -ASTACK=021B8h-023EFh -pstack=STACK \
  -ACODE=00h-07FFhx8 -ASTRCODE=00h-03FFFh -ASTRING=00h-0FFhx64 \
  -ACONST=00h-0FFhx64 -AENTRY=00h-0FFhx64 -ACOMMON=070h-07Fh \
  -ABANK0=020h-06Fh -ABANK1=0A0h-0EFh -ABANK2=0120h-016Fh \
  -ABANK3=01A0h-01EFh -ABANK4=0220h-026Fh -ABANK5=02A0h-02EFh \
  -ABANK6=0320h-036Fh -ABANK7=03A0h-03EFh -ABANK8=0420h-046Fh \
  -ABANK9=04A0h-04EFh -ABANK10=0520h-056Fh -ABANK11=05A0h-05EFh \
  -ABANK12=0620h-064Fh -ABIGRAM=02000h-023EFh \
  -ARAM=020h-06Fh,0A0h-0EFh,0120h-016Fh,01A0h-01EFh,0220h-026Fh,02A0h-02EFh,0320h-036Fh,03A0h-03EFh,0420h-046Fh,04A0h-04EFh,0520h-056Fh,05A0h-05EFh,0620h-064Fh \
  -AABS1=020h-07Fh,0A0h-0EFh,0120h-016Fh,01A0h-01EFh,0220h-026Fh,02A0h-02EFh,0320h-036Fh,03A0h-03EFh,0420h-046Fh,04A0h-04EFh,0520h-056Fh,05A0h-05EFh,0620h-064Fh \
  -ASFR0=00h-01Fh -ASFR1=080h-09Fh -ASFR2=0100h-011Fh -ASFR3=0180h-019Fh \
  -ASFR4=0200h-021Fh -ASFR5=0280h-029Fh -ASFR6=0300h-031Fh \
  -ASFR7=0380h-039Fh -ASFR8=0400h-041Fh -ASFR9=0480h-049Fh \
  -ASFR10=0500h-051Fh -ASFR11=0580h-059Fh -ASFR12=0600h-061Fh \
  -ASFR13=0680h-06EFh -ASFR14=0700h-076Fh -ASFR15=0780h-07EFh \
  -ASFR16=0800h-086Fh -ASFR17=0880h-08EFh -ASFR18=0900h-096Fh \
  -ASFR19=0980h-09EFh -ASFR20=0A00h-0A6Fh -ASFR21=0A80h-0AEFh \
  -ASFR22=0B00h-0B6Fh -ASFR23=0B80h-0BEFh -ASFR24=0C00h-0C6Fh \
  -ASFR25=0C80h-0CEFh -ASFR26=0D00h-0D6Fh -ASFR27=0D80h-0DEFh \
  -ASFR28=0E00h-0E6Fh -ASFR29=0E80h-0EEFh -ASFR30=0F00h-0F6Fh \
  -ASFR31=0F80h-0FEFh -ACONFIG=08007h-08008h -DCONFIG=2 \
  -AIDLOC=08000h-08003h -DIDLOC=2 -AEEDATA=00h-0FFh/0F000h \
  -peeprom_data=EEDATA -DEEDATA=2 -DCODE=2 -DSTRCODE=2 -DSTRING=2 -DCONST=2 \
  -DENTRY=2 -preset_vec=00h,intentry=04h,init,end_init -ppowerup=CODE \
  -pcinit=CODE -pfunctab=ENTRY -k \
  C:\Users\Michel\AppData\Local\Temp\xcAsugo.o \
  dist/default/production\galeoTesterBiModuleSimpleBLE.X.production.o 

Object code version is 3.11

Machine type is 16LF1939



                Name                               Link     Load   Length Selector   Space Scale
C:\Users\Michel\AppData\Local\Temp\xcAsugo.o
                end_init                             4A       4A        2        8       0
                reset_vec                             0        0        2        0       0
                config                             8007     8007        2        0       4
                idloc                              8000     8000        4        0       5
dist/default/production\galeoTesterBiModuleSimpleBLE.X.production.o
                cinit                                4C       4C       46        8       0
                intentry                              4        4       46        8       0
                maintext_split_2                     92       92      5D8        8       0
                maintext_split_1                    DAE      DAE      252     1B5C       0
                config                             8007     8007        2        0       4
                idloc                              8000     8000        4        0       5
                text123                            1B62     1B62       1B     36C4       0
                text122                            186D     186D        4     30DA       0
                text121                            185C     185C        1     30B8       0
                text120                            1871     1871        4     30E2       0
                text119                            1033     1033       41     2066       0
                text118                            1C89     1C89       22     3912       0
                text117                            185E     185E        3     30BC       0
                text116                            1861     1861        3     30C2       0
                text115                            19F1     19F1       10     33E2       0
                text114                            1DB1     1DB1       2A     3B62       0
                text113                            1961     1961        D     32C2       0
                text112                            1A21     1A21       11     3442       0
                text111                            1A32     1A32       11     3464       0
                text110                            1A43     1A43       11     3486       0
                text109                            1A54     1A54       11     34A8       0
                text108                            1ACE     1ACE       18     359C       0
                text107                             800      800        2        8       0
                text106                               2        2        2        0       0
                text105                            1864     1864        3     30C8       0
                text104                            1875     1875        4     30EA       0
                text103                            1867     1867        3     30CE       0
                text102                            1879     1879        4     30F2       0
                text101                            1885     1885        5     310A       0
                text100                            18B7     18B7        6     316E       0
                text99                             186A     186A        3     30D4       0
                text98                             1E8F     1E8F       2F     3D1E       0
                text97                             188A     188A        5     3114       0
                text96                             18F3     18F3        9     31E6       0
                text95                             18E3     18E3        8     31C6       0
                text94                             1238     1238       57     2470       0
                text93                             1074     1074       46     20E8       0
                text92                             18D5     18D5        7     31AA       0
                text91                             188F     188F        5     311E       0
                text90                             1894     1894        5     3128       0
                text89                             1899     1899        5     3132       0
                text88                             189E     189E        5     313C       0
                text87                             18A3     18A3        5     3146       0
                text86                             18A8     18A8        5     3150       0
                text85                             18AD     18AD        5     315A       0
                text84                             18B2     18B2        5     3164       0
                text83                             1E07     1E07       2D     3C0E       0
                text82                             1000     1000        3     1B5C       0
                text81                             1E61     1E61       2E     3CC2       0
                text80                             187D     187D        4     30FA       0
                text78                             1C47     1C47       21     388E       0
                text77                             1932     1932        B     3264       0
                text76                             18EB     18EB        8     31D6       0
                text75                             18FC     18FC        9     31F8       0
                text74                             1905     1905        9     320A       0
                text73                             190E     190E        9     321C       0
                text72                             1917     1917        9     322E       0
                text71                             1920     1920        9     3240       0
                text70                             10BA     10BA       48     2174       0
                text69                             193D     193D        C     327A       0
                text68                             1BEA     1BEA       1F     37D4       0
                text67                             1881     1881        4     3102       0
                text66                             1A01     1A01       10     3402       0
                text65                             1C09     1C09       1F     3812       0
                text64                             196E     196E        D     32DC       0
                text63                             1949     1949        C     3292       0
                text62                             18BD     18BD        6     317A       0
                text61                             18C3     18C3        6     3186       0
                text60                             1A11     1A11       10     3422       0
                text59                             1A8C     1A8C       15     3518       0
                text58                             1AE6     1AE6       18     35CC       0
                text57                             1AFE     1AFE       18     35FC       0
                text56                             1929     1929        9     3252       0
                text55                             1EBE     1EBE       2F     3D7C       0
                text54                             1B16     1B16       19     362C       0
                text53                             1C28     1C28       1F     3850       0
                text52                             1195     1195       51     232A       0
                text51                             1DDB     1DDB       2C     3BB6       0
                text50                             1102     1102       48     2204       0
                text49                             197B     197B        D     32F6       0
                text48                             1988     1988        D     3310       0
                text47                             1995     1995        D     332A       0
                text46                             15D9     15D9      105     2BB2       0
                text45                             14EC     14EC       ED     29D8       0
                text44                             1BCE     1BCE       1C     379C       0
                text43                             1E34     1E34       2D     3C68       0
                text42                             18DC     18DC        7     31B8       0
                text41                             11E6     11E6       52     23CC       0
                text40                             1D88     1D88       29     3B10       0
                text39                             1B48     1B48       1A     3690       0
                text38                             12E6     12E6       5C     25CC       0
                text37                              66A      66A      170        8       0
                text36                             16DE     16DE      122     2DBC       0
                text35                             1F1C     1F1C       34     3E38       0
                text34                             1AA1     1AA1       16     3542       0
                text33                             1D39     1D39       27     3A72       0
                text32                             1AB7     1AB7       17     356E       0
                text31                             1342     1342       89     2684       0
                text30                             1EED     1EED       2F     3DDA       0
                text29                             1B7D     1B7D       1B     36FA       0
                text28                             1B98     1B98       1B     3730       0
                text27                             1457     1457       95     28AE       0
                text26                              802      802       67     1004       0
                text25                             19A2     19A2        D     3344       0
                text24                             19AF     19AF        D     335E       0
                text23                             19BC     19BC        D     3378       0
                text22                             19C9     19C9        D     3392       0
                text21                             114A     114A       4B     2294       0
                text20                             128F     128F       57     251E       0
                text19                             1CAB     1CAB       23     3956       0
                text18                             1CCE     1CCE       23     399C       0
                text17                             1CF1     1CF1       23     39E2       0
                text16                              869      869      152     10D2       0
                text15                             1BB3     1BB3       1B     3766       0
                text14                              9BB      9BB      1B7     1376       0
                text13                             13CB     13CB       8C     2796       0
                text12                             1B2F     1B2F       19     365E       0
                text11                             19E3     19E3        E     33C6       0
                text10                             1D14     1D14       25     3A28       0
                text9                              1F50     1F50       38     3EA0       0
                text8                              1955     1955        C     32AA       0
                text7                              1FC0     1FC0       40     3F80       0
                text6                               7DA      7DA       26        8       0
                text5                              1C68     1C68       21     38D0       0
                text4                              19D6     19D6        D     33AC       0
                text3                              1F88     1F88       38     3F10       0
                text2                              1003     1003       30     2006       0
                text1                              1A65     1A65       13     34CA       0
                maintext                            B72      B72      23C     16E4       0
                cstackBANK0                          20       20       4A       20       1
                cstackCOMMON                         70       70        D       70       1
                cstackBANK1                          A0       A0       3F       A0       1
                cstackBANK2                         120      120       25      120       1
                cstackBANK5                         2A0      2A0       28      2A0       1
                clrtext                            18C9     18C9        6     3192       0
                inittext                           18CF     18CF        6     319E       0
                dataBANK4                           220      220       28      220       1
                bssBANK4                            248      248       20      220       1
                dataBANK3                           1D9      1D9       14      1A0       1
                bssBANK3                            1A0      1A0       39      1A0       1
                bssBANK2                            145      145        8      120       1
                dataBANK1                            EE       EE        1       A0       1
                bssBANK1                             DF       DF        F       A0       1
                bssBANK0                             6A       6A        3       20       1
                bssCOMMON                            7D       7D        1       70       1
                stringtext121                      279D     279D        3     4000       0
                stringtext120                      2795     2795        8     4000       0
                stringtext119                      278D     278D        8     4000       0
                stringtext118                      2785     2785        8     4000       0
                stringtext117                      277D     277D        8     4000       0
                stringtext116                      2775     2775        8     4000       0
                stringtext115                      276D     276D        8     4000       0
                stringtext114                      2765     2765        8     4000       0
                stringtext113                      275D     275D        8     4000       0
                stringtext112                      2755     2755        8     4000       0
                stringtext111                      274D     274D        8     4000       0
                stringtext110                      2745     2745        8     4000       0
                stringtext109                      273C     273C        9     4000       0
                stringtext108                      2733     2733        9     4000       0
                stringtext107                      272A     272A        9     4000       0
                stringtext106                      2721     2721        9     4000       0
                stringtext105                      2718     2718        9     4000       0
                stringtext104                      270F     270F        9     4000       0
                stringtext103                      2706     2706        9     4000       0
                stringtext102                      26FD     26FD        9     4000       0
                stringtext101                      26F4     26F4        9     4000       0
                stringtext100                      26E9     26E9        B     4000       0
                stringtext99                       26DE     26DE        B     4000       0
                stringtext98                       26D2     26D2        C     4000       0
                stringtext97                       26C6     26C6        C     4000       0
                stringtext96                       26BA     26BA        C     4000       0
                stringtext95                       26AE     26AE        C     4000       0
                stringtext94                       26A2     26A2        C     4000       0
                stringtext93                       2696     2696        C     4000       0
                stringtext92                       268A     268A        C     4000       0
                stringtext91                       267E     267E        C     4000       0
                stringtext90                       2672     2672        C     4000       0
                stringtext89                       2666     2666        C     4000       0
                stringtext88                       265A     265A        C     4000       0
                stringtext87                       264D     264D        D     4000       0
                stringtext86                       2640     2640        D     4000       0
                stringtext85                       2633     2633        D     4000       0
                stringtext84                       2626     2626        D     4000       0
                stringtext83                       2619     2619        D     4000       0
                stringtext82                       260C     260C        D     4000       0
                stringtext81                       25FF     25FF        D     4000       0
                stringtext80                       25F2     25F2        D     4000       0
                stringtext79                       25E5     25E5        D     4000       0
                stringtext78                       25D8     25D8        D     4000       0
                stringtext77                       25CA     25CA        E     4000       0
                stringtext76                       25BC     25BC        E     4000       0
                stringtext75                       25AE     25AE        E     4000       0
                stringtext74                       259F     259F        F     4000       0
                stringtext73                       2590     2590        F     4000       0
                stringtext72                       2581     2581        F     4000       0
                stringtext71                       2572     2572        F     4000       0
                stringtext70                       2563     2563        F     4000       0
                stringtext69                       2554     2554        F     4000       0
                stringtext68                       2545     2545        F     4000       0
                stringtext67                       2536     2536        F     4000       0
                stringtext66                       2526     2526       10     4000       0
                stringtext65                       2516     2516       10     4000       0
                stringtext64                       2505     2505       11     4000       0
                stringtext63                       24F4     24F4       11     4000       0
                stringtext62                       24E3     24E3       11     4000       0
                stringtext61                       24D2     24D2       11     4000       0
                stringtext60                       24C1     24C1       11     4000       0
                stringtext59                       24B0     24B0       11     4000       0
                stringtext58                       249F     249F       11     4000       0
                stringtext57                       248E     248E       11     4000       0
                stringtext56                       247D     247D       11     4000       0
                stringtext55                       246C     246C       11     4000       0
                stringtext54                       245B     245B       11     4000       0
                stringtext53                       244A     244A       11     4000       0
                stringtext52                       2439     2439       11     4000       0
                stringtext51                       2428     2428       11     4000       0
                stringtext50                       2417     2417       11     4000       0
                stringtext49                       2406     2406       11     4000       0
                stringtext48                       23F4     23F4       12     4000       0
                stringtext47                       23E2     23E2       12     4000       0
                stringtext46                       23D0     23D0       12     4000       0
                stringtext45                       23BE     23BE       12     4000       0
                stringtext44                       23AC     23AC       12     4000       0
                stringtext43                       239A     239A       12     4000       0
                stringtext42                       2388     2388       12     4000       0
                stringtext41                       2376     2376       12     4000       0
                stringtext40                       2364     2364       12     4000       0
                stringtext39                       2352     2352       12     4000       0
                stringtext38                       2340     2340       12     4000       0
                stringtext37                       232E     232E       12     4000       0
                stringtext36                       231C     231C       12     4000       0
                stringtext35                       230A     230A       12     4000       0
                stringtext34                       22F8     22F8       12     4000       0
                stringtext33                       22E5     22E5       13     4000       0
                stringtext32                       22D2     22D2       13     4000       0
                stringtext31                       22BF     22BF       13     4000       0
                stringtext30                       22AB     22AB       14     4000       0
                stringtext29                       2297     2297       14     4000       0
                stringtext28                       2283     2283       14     4000       0
                stringtext27                       226F     226F       14     4000       0
                stringtext26                       225A     225A       15     4000       0
                stringtext25                       2245     2245       15     4000       0
                stringtext24                       2230     2230       15     4000       0
                stringtext23                       221B     221B       15     4000       0
                stringtext22                       2206     2206       15     4000       0
                stringtext21                       21F1     21F1       15     4000       0
                stringtext20                       21DC     21DC       15     4000       0
                stringtext19                       21C6     21C6       16     4000       0
                stringtext18                       21AF     21AF       17     4000       0
                stringtext17                       2198     2198       17     4000       0
                stringtext16                       2181     2181       17     4000       0
                stringtext15                       216A     216A       17     4000       0
                stringtext14                       2152     2152       18     4000       0
                stringtext13                       213A     213A       18     4000       0
                stringtext12                       2121     2121       19     4000       0
                stringtext11                       2108     2108       19     4000       0
                stringtext10                       20EF     20EF       19     4000       0
                stringtext9                        20D5     20D5       1A     4000       0
                stringtext8                        20BB     20BB       1A     4000       0
                stringtext7                        20A1     20A1       1A     4000       0
                stringtext6                        2085     2085       1C     4000       0
                stringtext5                        2069     2069       1C     4000       0
                stringtext4                        204A     204A       1F     4000       0
                stringtext3                        2025     2025       25     4000       0
                stringtext2                        2000     2000       25     4000       0
                stringtext1                        1800     1800       4A     3000       0
                idataBANK4                         1D60     1D60       28     3AC0       0
                idataBANK3                         1A78     1A78       14     34F0       0
                idataBANK1                         185D     185D        1     30BA       0

TOTAL           Name                               Link     Load   Length     Space
        CLASS   STACK          

        CLASS   CODE           
                end_init                             4A       4A        2         0
                cinit                                4C       4C       46         0
                intentry                              4        4       46         0
                reset_vec                             0        0        2         0
                maintext_split_2                     92       92      5D8         0
                maintext_split_1                    DAE      DAE      252         0
                text123                            1B62     1B62       1B         0
                text122                            186D     186D        4         0
                text121                            185C     185C        1         0
                text120                            1871     1871        4         0
                text119                            1033     1033       41         0
                text118                            1C89     1C89       22         0
                text117                            185E     185E        3         0
                text116                            1861     1861        3         0
                text115                            19F1     19F1       10         0
                text114                            1DB1     1DB1       2A         0
                text113                            1961     1961        D         0
                text112                            1A21     1A21       11         0
                text111                            1A32     1A32       11         0
                text110                            1A43     1A43       11         0
                text109                            1A54     1A54       11         0
                text108                            1ACE     1ACE       18         0
                text107                             800      800        2         0
                text106                               2        2        2         0
                text105                            1864     1864        3         0
                text104                            1875     1875        4         0
                text103                            1867     1867        3         0
                text102                            1879     1879        4         0
                text101                            1885     1885        5         0
                text100                            18B7     18B7        6         0
                text99                             186A     186A        3         0
                text98                             1E8F     1E8F       2F         0
                text97                             188A     188A        5         0
                text96                             18F3     18F3        9         0
                text95                             18E3     18E3        8         0
                text94                             1238     1238       57         0
                text93                             1074     1074       46         0
                text92                             18D5     18D5        7         0
                text91                             188F     188F        5         0
                text90                             1894     1894        5         0
                text89                             1899     1899        5         0
                text88                             189E     189E        5         0
                text87                             18A3     18A3        5         0
                text86                             18A8     18A8        5         0
                text85                             18AD     18AD        5         0
                text84                             18B2     18B2        5         0
                text83                             1E07     1E07       2D         0
                text82                             1000     1000        3         0
                text81                             1E61     1E61       2E         0
                text80                             187D     187D        4         0
                text78                             1C47     1C47       21         0
                text77                             1932     1932        B         0
                text76                             18EB     18EB        8         0
                text75                             18FC     18FC        9         0
                text74                             1905     1905        9         0
                text73                             190E     190E        9         0
                text72                             1917     1917        9         0
                text71                             1920     1920        9         0
                text70                             10BA     10BA       48         0
                text69                             193D     193D        C         0
                text68                             1BEA     1BEA       1F         0
                text67                             1881     1881        4         0
                text66                             1A01     1A01       10         0
                text65                             1C09     1C09       1F         0
                text64                             196E     196E        D         0
                text63                             1949     1949        C         0
                text62                             18BD     18BD        6         0
                text61                             18C3     18C3        6         0
                text60                             1A11     1A11       10         0
                text59                             1A8C     1A8C       15         0
                text58                             1AE6     1AE6       18         0
                text57                             1AFE     1AFE       18         0
                text56                             1929     1929        9         0
                text55                             1EBE     1EBE       2F         0
                text54                             1B16     1B16       19         0
                text53                             1C28     1C28       1F         0
                text52                             1195     1195       51         0
                text51                             1DDB     1DDB       2C         0
                text50                             1102     1102       48         0
                text49                             197B     197B        D         0
                text48                             1988     1988        D         0
                text47                             1995     1995        D         0
                text46                             15D9     15D9      105         0
                text45                             14EC     14EC       ED         0
                text44                             1BCE     1BCE       1C         0
                text43                             1E34     1E34       2D         0
                text42                             18DC     18DC        7         0
                text41                             11E6     11E6       52         0
                text40                             1D88     1D88       29         0
                text39                             1B48     1B48       1A         0
                text38                             12E6     12E6       5C         0
                text37                              66A      66A      170         0
                text36                             16DE     16DE      122         0
                text35                             1F1C     1F1C       34         0
                text34                             1AA1     1AA1       16         0
                text33                             1D39     1D39       27         0
                text32                             1AB7     1AB7       17         0
                text31                             1342     1342       89         0
                text30                             1EED     1EED       2F         0
                text29                             1B7D     1B7D       1B         0
                text28                             1B98     1B98       1B         0
                text27                             1457     1457       95         0
                text26                              802      802       67         0
                text25                             19A2     19A2        D         0
                text24                             19AF     19AF        D         0
                text23                             19BC     19BC        D         0
                text22                             19C9     19C9        D         0
                text21                             114A     114A       4B         0
                text20                             128F     128F       57         0
                text19                             1CAB     1CAB       23         0
                text18                             1CCE     1CCE       23         0
                text17                             1CF1     1CF1       23         0
                text16                              869      869      152         0
                text15                             1BB3     1BB3       1B         0
                text14                              9BB      9BB      1B7         0
                text13                             13CB     13CB       8C         0
                text12                             1B2F     1B2F       19         0
                text11                             19E3     19E3        E         0
                text10                             1D14     1D14       25         0
                text9                              1F50     1F50       38         0
                text8                              1955     1955        C         0
                text7                              1FC0     1FC0       40         0
                text6                               7DA      7DA       26         0
                text5                              1C68     1C68       21         0
                text4                              19D6     19D6        D         0
                text3                              1F88     1F88       38         0
                text2                              1003     1003       30         0
                text1                              1A65     1A65       13         0
                maintext                            B72      B72      23C         0
                clrtext                            18C9     18C9        6         0
                inittext                           18CF     18CF        6         0
                idataBANK4                         1D60     1D60       28         0
                idataBANK3                         1A78     1A78       14         0
                idataBANK1                         185D     185D        1         0

        CLASS   STRCODE        
                stringtext121                      279D     279D        3         0
                stringtext120                      2795     2795        8         0
                stringtext119                      278D     278D        8         0
                stringtext118                      2785     2785        8         0
                stringtext117                      277D     277D        8         0
                stringtext116                      2775     2775        8         0
                stringtext115                      276D     276D        8         0
                stringtext114                      2765     2765        8         0
                stringtext113                      275D     275D        8         0
                stringtext112                      2755     2755        8         0
                stringtext111                      274D     274D        8         0
                stringtext110                      2745     2745        8         0
                stringtext109                      273C     273C        9         0
                stringtext108                      2733     2733        9         0
                stringtext107                      272A     272A        9         0
                stringtext106                      2721     2721        9         0
                stringtext105                      2718     2718        9         0
                stringtext104                      270F     270F        9         0
                stringtext103                      2706     2706        9         0
                stringtext102                      26FD     26FD        9         0
                stringtext101                      26F4     26F4        9         0
                stringtext100                      26E9     26E9        B         0
                stringtext99                       26DE     26DE        B         0
                stringtext98                       26D2     26D2        C         0
                stringtext97                       26C6     26C6        C         0
                stringtext96                       26BA     26BA        C         0
                stringtext95                       26AE     26AE        C         0
                stringtext94                       26A2     26A2        C         0
                stringtext93                       2696     2696        C         0
                stringtext92                       268A     268A        C         0
                stringtext91                       267E     267E        C         0
                stringtext90                       2672     2672        C         0
                stringtext89                       2666     2666        C         0
                stringtext88                       265A     265A        C         0
                stringtext87                       264D     264D        D         0
                stringtext86                       2640     2640        D         0
                stringtext85                       2633     2633        D         0
                stringtext84                       2626     2626        D         0
                stringtext83                       2619     2619        D         0
                stringtext82                       260C     260C        D         0
                stringtext81                       25FF     25FF        D         0
                stringtext80                       25F2     25F2        D         0
                stringtext79                       25E5     25E5        D         0
                stringtext78                       25D8     25D8        D         0
                stringtext77                       25CA     25CA        E         0
                stringtext76                       25BC     25BC        E         0
                stringtext75                       25AE     25AE        E         0
                stringtext74                       259F     259F        F         0
                stringtext73                       2590     2590        F         0
                stringtext72                       2581     2581        F         0
                stringtext71                       2572     2572        F         0
                stringtext70                       2563     2563        F         0
                stringtext69                       2554     2554        F         0
                stringtext68                       2545     2545        F         0
                stringtext67                       2536     2536        F         0
                stringtext66                       2526     2526       10         0
                stringtext65                       2516     2516       10         0
                stringtext64                       2505     2505       11         0
                stringtext63                       24F4     24F4       11         0
                stringtext62                       24E3     24E3       11         0
                stringtext61                       24D2     24D2       11         0
                stringtext60                       24C1     24C1       11         0
                stringtext59                       24B0     24B0       11         0
                stringtext58                       249F     249F       11         0
                stringtext57                       248E     248E       11         0
                stringtext56                       247D     247D       11         0
                stringtext55                       246C     246C       11         0
                stringtext54                       245B     245B       11         0
                stringtext53                       244A     244A       11         0
                stringtext52                       2439     2439       11         0
                stringtext51                       2428     2428       11         0
                stringtext50                       2417     2417       11         0
                stringtext49                       2406     2406       11         0
                stringtext48                       23F4     23F4       12         0
                stringtext47                       23E2     23E2       12         0
                stringtext46                       23D0     23D0       12         0
                stringtext45                       23BE     23BE       12         0
                stringtext44                       23AC     23AC       12         0
                stringtext43                       239A     239A       12         0
                stringtext42                       2388     2388       12         0
                stringtext41                       2376     2376       12         0
                stringtext40                       2364     2364       12         0
                stringtext39                       2352     2352       12         0
                stringtext38                       2340     2340       12         0
                stringtext37                       232E     232E       12         0
                stringtext36                       231C     231C       12         0
                stringtext35                       230A     230A       12         0
                stringtext34                       22F8     22F8       12         0
                stringtext33                       22E5     22E5       13         0
                stringtext32                       22D2     22D2       13         0
                stringtext31                       22BF     22BF       13         0
                stringtext30                       22AB     22AB       14         0
                stringtext29                       2297     2297       14         0
                stringtext28                       2283     2283       14         0
                stringtext27                       226F     226F       14         0
                stringtext26                       225A     225A       15         0
                stringtext25                       2245     2245       15         0
                stringtext24                       2230     2230       15         0
                stringtext23                       221B     221B       15         0
                stringtext22                       2206     2206       15         0
                stringtext21                       21F1     21F1       15         0
                stringtext20                       21DC     21DC       15         0
                stringtext19                       21C6     21C6       16         0
                stringtext18                       21AF     21AF       17         0
                stringtext17                       2198     2198       17         0
                stringtext16                       2181     2181       17         0
                stringtext15                       216A     216A       17         0
                stringtext14                       2152     2152       18         0
                stringtext13                       213A     213A       18         0
                stringtext12                       2121     2121       19         0
                stringtext11                       2108     2108       19         0
                stringtext10                       20EF     20EF       19         0
                stringtext9                        20D5     20D5       1A         0
                stringtext8                        20BB     20BB       1A         0
                stringtext7                        20A1     20A1       1A         0
                stringtext6                        2085     2085       1C         0
                stringtext5                        2069     2069       1C         0
                stringtext4                        204A     204A       1F         0
                stringtext3                        2025     2025       25         0
                stringtext2                        2000     2000       25         0
                stringtext1                        1800     1800       4A         0

        CLASS   STRING         

        CLASS   CONST          

        CLASS   ENTRY          

        CLASS   COMMON         
                cstackCOMMON                         70       70        D         1
                bssCOMMON                            7D       7D        1         1

        CLASS   BANK0          
                cstackBANK0                          20       20       4A         1
                bssBANK0                             6A       6A        3         1

        CLASS   BANK1          
                cstackBANK1                          A0       A0       3F         1
                dataBANK1                            EE       EE        1         1
                bssBANK1                             DF       DF        F         1

        CLASS   BANK2          
                cstackBANK2                         120      120       25         1
                bssBANK2                            145      145        8         1

        CLASS   BANK3          
                dataBANK3                           1D9      1D9       14         1
                bssBANK3                            1A0      1A0       39         1

        CLASS   BANK4          
                dataBANK4                           220      220       28         1
                bssBANK4                            248      248       20         1

        CLASS   BANK5          
                cstackBANK5                         2A0      2A0       28         1

        CLASS   BANK6          

        CLASS   BANK7          

        CLASS   BANK8          

        CLASS   BANK9          

        CLASS   BANK10         

        CLASS   BANK11         

        CLASS   BANK12         

        CLASS   BIGRAM         

        CLASS   RAM            

        CLASS   ABS1           
                abs_s1                               7E       7E        2         1

        CLASS   SFR0           

        CLASS   SFR1           

        CLASS   SFR2           

        CLASS   SFR3           

        CLASS   SFR4           

        CLASS   SFR5           

        CLASS   SFR6           

        CLASS   SFR7           

        CLASS   SFR8           

        CLASS   SFR9           

        CLASS   SFR10          

        CLASS   SFR11          

        CLASS   SFR12          

        CLASS   SFR13          

        CLASS   SFR14          

        CLASS   SFR15          

        CLASS   SFR16          

        CLASS   SFR17          

        CLASS   SFR18          

        CLASS   SFR19          

        CLASS   SFR20          

        CLASS   SFR21          

        CLASS   SFR22          

        CLASS   SFR23          

        CLASS   SFR24          

        CLASS   SFR25          

        CLASS   SFR26          

        CLASS   SFR27          

        CLASS   SFR28          

        CLASS   SFR29          

        CLASS   SFR30          

        CLASS   SFR31          

        CLASS   CONFIG         
                config                             8007     8007        2         4

        CLASS   IDLOC          
                idloc                              8000     8000        4         5

        CLASS   EEDATA         

        CLASS   BANK31         

        CLASS   BANK30         

        CLASS   BANK29         

        CLASS   BANK28         

        CLASS   BANK27         

        CLASS   BANK26         

        CLASS   BANK25         

        CLASS   BANK24         

        CLASS   BANK23         

        CLASS   BANK22         

        CLASS   BANK21         

        CLASS   BANK20         

        CLASS   BANK19         

        CLASS   BANK18         

        CLASS   BANK17         

        CLASS   BANK16         

        CLASS   BANK15         

        CLASS   BANK14         

        CLASS   BANK13         



SEGMENTS        Name                           Load    Length   Top    Selector   Space  Class     Delta

                reset_vec                      000000  000004  000004         0       0  CODE        2
                intentry                       000004  0007FE  000802         8       0  CODE        2
                cstackBANK0                    000020  00004D  00006D        20       1  BANK0       1
                cstackCOMMON                   000070  00000E  00007E        70       1  COMMON      1
                cstackBANK1                    0000A0  00004F  0000EF        A0       1  BANK1       1
                cstackBANK2                    000120  00002D  00014D       120       1  BANK2       1
                bssBANK3                       0001A0  00004D  0001ED       1A0       1  BANK3       1
                dataBANK4                      000220  000048  000268       220       1  BANK4       1
                cstackBANK5                    0002A0  000028  0002C8       2A0       1  BANK5       1
                text26                         000802  000067  000869      1004       0  CODE        2
                text16                         000869  000152  0009BB      10D2       0  CODE        2
                text14                         0009BB  0001B7  000B72      1376       0  CODE        2
                maintext                       000B72  00023C  000DAE      16E4       0  CODE        2
                maintext_split_1               000DAE  000255  001003      1B5C       0  CODE        2
                text2                          001003  000030  001033      2006       0  CODE        2
                text119                        001033  000041  001074      2066       0  CODE        2
                text93                         001074  000046  0010BA      20E8       0  CODE        2
                text70                         0010BA  000048  001102      2174       0  CODE        2
                text50                         001102  000048  00114A      2204       0  CODE        2
                text21                         00114A  00004B  001195      2294       0  CODE        2
                text52                         001195  000051  0011E6      232A       0  CODE        2
                text41                         0011E6  000052  001238      23CC       0  CODE        2
                text94                         001238  000057  00128F      2470       0  CODE        2
                text20                         00128F  000057  0012E6      251E       0  CODE        2
                text38                         0012E6  00005C  001342      25CC       0  CODE        2
                text31                         001342  000089  0013CB      2684       0  CODE        2
                text13                         0013CB  00008C  001457      2796       0  CODE        2
                text27                         001457  000095  0014EC      28AE       0  CODE        2
                text45                         0014EC  0000ED  0015D9      29D8       0  CODE        2
                text46                         0015D9  000105  0016DE      2BB2       0  CODE        2
                text36                         0016DE  000122  001800      2DBC       0  CODE        2
                stringtext1                    001800  00004A  00184A      3000       0  STRCODE     2
                text121                        00185C  000001  00185D      30B8       0  CODE        2
                idataBANK1                     00185D  000001  00185E      30BA       0  CODE        2
                text117                        00185E  000003  001861      30BC       0  CODE        2
                text116                        001861  000003  001864      30C2       0  CODE        2
                text105                        001864  000003  001867      30C8       0  CODE        2
                text103                        001867  000003  00186A      30CE       0  CODE        2
                text99                         00186A  000003  00186D      30D4       0  CODE        2
                text122                        00186D  000004  001871      30DA       0  CODE        2
                text120                        001871  000004  001875      30E2       0  CODE        2
                text104                        001875  000004  001879      30EA       0  CODE        2
                text102                        001879  000004  00187D      30F2       0  CODE        2
                text80                         00187D  000004  001881      30FA       0  CODE        2
                text67                         001881  000004  001885      3102       0  CODE        2
                text101                        001885  000005  00188A      310A       0  CODE        2
                text97                         00188A  000005  00188F      3114       0  CODE        2
                text91                         00188F  000005  001894      311E       0  CODE        2
                text90                         001894  000005  001899      3128       0  CODE        2
                text89                         001899  000005  00189E      3132       0  CODE        2
                text88                         00189E  000005  0018A3      313C       0  CODE        2
                text87                         0018A3  000005  0018A8      3146       0  CODE        2
                text86                         0018A8  000005  0018AD      3150       0  CODE        2
                text85                         0018AD  000005  0018B2      315A       0  CODE        2
                text84                         0018B2  000005  0018B7      3164       0  CODE        2
                text100                        0018B7  000006  0018BD      316E       0  CODE        2
                text62                         0018BD  000006  0018C3      317A       0  CODE        2
                text61                         0018C3  000006  0018C9      3186       0  CODE        2
                clrtext                        0018C9  000006  0018CF      3192       0  CODE        2
                inittext                       0018CF  000006  0018D5      319E       0  CODE        2
                text92                         0018D5  000007  0018DC      31AA       0  CODE        2
                text42                         0018DC  000007  0018E3      31B8       0  CODE        2
                text95                         0018E3  000008  0018EB      31C6       0  CODE        2
                text76                         0018EB  000008  0018F3      31D6       0  CODE        2
                text96                         0018F3  000009  0018FC      31E6       0  CODE        2
                text75                         0018FC  000009  001905      31F8       0  CODE        2
                text74                         001905  000009  00190E      320A       0  CODE        2
                text73                         00190E  000009  001917      321C       0  CODE        2
                text72                         001917  000009  001920      322E       0  CODE        2
                text71                         001920  000009  001929      3240       0  CODE        2
                text56                         001929  000009  001932      3252       0  CODE        2
                text77                         001932  00000B  00193D      3264       0  CODE        2
                text69                         00193D  00000C  001949      327A       0  CODE        2
                text63                         001949  00000C  001955      3292       0  CODE        2
                text8                          001955  00000C  001961      32AA       0  CODE        2
                text113                        001961  00000D  00196E      32C2       0  CODE        2
                text64                         00196E  00000D  00197B      32DC       0  CODE        2
                text49                         00197B  00000D  001988      32F6       0  CODE        2
                text48                         001988  00000D  001995      3310       0  CODE        2
                text47                         001995  00000D  0019A2      332A       0  CODE        2
                text25                         0019A2  00000D  0019AF      3344       0  CODE        2
                text24                         0019AF  00000D  0019BC      335E       0  CODE        2
                text23                         0019BC  00000D  0019C9      3378       0  CODE        2
                text22                         0019C9  00000D  0019D6      3392       0  CODE        2
                text4                          0019D6  00000D  0019E3      33AC       0  CODE        2
                text11                         0019E3  00000E  0019F1      33C6       0  CODE        2
                text115                        0019F1  000010  001A01      33E2       0  CODE        2
                text66                         001A01  000010  001A11      3402       0  CODE        2
                text60                         001A11  000010  001A21      3422       0  CODE        2
                text112                        001A21  000011  001A32      3442       0  CODE        2
                text111                        001A32  000011  001A43      3464       0  CODE        2
                text110                        001A43  000011  001A54      3486       0  CODE        2
                text109                        001A54  000011  001A65      34A8       0  CODE        2
                text1                          001A65  000013  001A78      34CA       0  CODE        2
                idataBANK3                     001A78  000014  001A8C      34F0       0  CODE        2
                text59                         001A8C  000015  001AA1      3518       0  CODE        2
                text34                         001AA1  000016  001AB7      3542       0  CODE        2
                text32                         001AB7  000017  001ACE      356E       0  CODE        2
                text108                        001ACE  000018  001AE6      359C       0  CODE        2
                text58                         001AE6  000018  001AFE      35CC       0  CODE        2
                text57                         001AFE  000018  001B16      35FC       0  CODE        2
                text54                         001B16  000019  001B2F      362C       0  CODE        2
                text12                         001B2F  000019  001B48      365E       0  CODE        2
                text39                         001B48  00001A  001B62      3690       0  CODE        2
                text123                        001B62  00001B  001B7D      36C4       0  CODE        2
                text29                         001B7D  00001B  001B98      36FA       0  CODE        2
                text28                         001B98  00001B  001BB3      3730       0  CODE        2
                text15                         001BB3  00001B  001BCE      3766       0  CODE        2
                text44                         001BCE  00001C  001BEA      379C       0  CODE        2
                text68                         001BEA  00001F  001C09      37D4       0  CODE        2
                text65                         001C09  00001F  001C28      3812       0  CODE        2
                text53                         001C28  00001F  001C47      3850       0  CODE        2
                text78                         001C47  000021  001C68      388E       0  CODE        2
                text5                          001C68  000021  001C89      38D0       0  CODE        2
                text118                        001C89  000022  001CAB      3912       0  CODE        2
                text19                         001CAB  000023  001CCE      3956       0  CODE        2
                text18                         001CCE  000023  001CF1      399C       0  CODE        2
                text17                         001CF1  000023  001D14      39E2       0  CODE        2
                text10                         001D14  000025  001D39      3A28       0  CODE        2
                text33                         001D39  000027  001D60      3A72       0  CODE        2
                idataBANK4                     001D60  000028  001D88      3AC0       0  CODE        2
                text40                         001D88  000029  001DB1      3B10       0  CODE        2
                text114                        001DB1  00002A  001DDB      3B62       0  CODE        2
                text51                         001DDB  00002C  001E07      3BB6       0  CODE        2
                text83                         001E07  00002D  001E34      3C0E       0  CODE        2
                text43                         001E34  00002D  001E61      3C68       0  CODE        2
                text81                         001E61  00002E  001E8F      3CC2       0  CODE        2
                text98                         001E8F  00002F  001EBE      3D1E       0  CODE        2
                text55                         001EBE  00002F  001EED      3D7C       0  CODE        2
                text30                         001EED  00002F  001F1C      3DDA       0  CODE        2
                text35                         001F1C  000034  001F50      3E38       0  CODE        2
                text9                          001F50  000038  001F88      3EA0       0  CODE        2
                text3                          001F88  000038  001FC0      3F10       0  CODE        2
                text7                          001FC0  000040  002000      3F80       0  CODE        2
                stringtext2                    002000  0007A0  0027A0      4000       0  STRCODE     2


UNUSED ADDRESS RANGES

        Name                Unused          Largest block    Delta
        BANK0            000006D-000006F                 3           1
        BANK1            00000EF-00000EF                 1           1
        BANK10           0000520-000056F                50           1
        BANK11           00005A0-00005EF                50           1
        BANK12           0000620-000064F                30           1
        BANK2            000014D-000016F                23           1
        BANK3            00001ED-00001EF                 3           1
        BANK4            0000268-000026F                 8           1
        BANK5            00002C8-00002EF                28           1
        BANK6            0000320-000036F                50           1
        BANK7            00003A0-00003EF                50           1
        BANK8            0000420-000046F                50           1
        BANK9            00004A0-00004EF                50           1
        BIGRAM           0002000-00023EF               3F0           1
        CODE             000184A-000185B                12           2
                         00027A0-0003FFF               800
        CONST            000184A-000185B                12           2
                         00027A0-0003FFF               100
        EEDATA           000F000-000F0FF               100           2
        ENTRY            000184A-000185B                12           2
                         00027A0-0003FFF               100
        RAM              000006D-000006F                 3           1
                         00000EF-00000EF                 1
                         000014D-000016F                23
                         00001ED-00001EF                 3
                         0000268-000026F                 8
                         00002C8-00002EF                28
                         0000320-000036F                50
                         00003A0-00003EF                50
                         0000420-000046F                50
                         00004A0-00004EF                50
                         0000520-000056F                50
                         00005A0-00005EF                50
                         0000620-000064F                30
        SFR0             0000000-000001F                20           1
        SFR1             0000080-000009F                20           1
        SFR10            0000500-000051F                20           1
        SFR11            0000580-000059F                20           1
        SFR12            0000600-000061F                20           1
        SFR13            0000680-00006EF                70           1
        SFR14            0000700-000076F                70           1
        SFR15            0000780-00007EF                70           1
        SFR16            0000800-000086F                70           1
        SFR17            0000880-00008EF                70           1
        SFR18            0000900-000096F                70           1
        SFR19            0000980-00009EF                70           1
        SFR2             0000100-000011F                20           1
        SFR20            0000A00-0000A6F                70           1
        SFR21            0000A80-0000AEF                70           1
        SFR22            0000B00-0000B6F                70           1
        SFR23            0000B80-0000BEF                70           1
        SFR24            0000C00-0000C6F                70           1
        SFR25            0000C80-0000CEF                70           1
        SFR26            0000D00-0000D6F                70           1
        SFR27            0000D80-0000DEF                70           1
        SFR28            0000E00-0000E6F                70           1
        SFR29            0000E80-0000EEF                70           1
        SFR3             0000180-000019F                20           1
        SFR30            0000F00-0000F6F                70           1
        SFR31            0000F80-0000FEF                70           1
        SFR4             0000200-000021F                20           1
        SFR5             0000280-000029F                20           1
        SFR6             0000300-000031F                20           1
        SFR7             0000380-000039F                20           1
        SFR8             0000400-000041F                20           1
        SFR9             0000480-000049F                20           1
        STACK            00021B8-00023EF               238           1
        STRCODE          000184A-000185B                12           2
                         00027A0-0003FFF              1860
        STRING           000184A-000185B                12           2
                         00027A0-0003FFF               100

                                  Symbol Table

?_ADC_GetConversion                            cstackBANK0      0000023
?___aodiv                                      cstackBANK0      0000023
?___aomod                                      cstackBANK0      0000023
?_abs                                          cstackBANK0      0000036
?_dtoa                                         cstackBANK0      000003F
?_pad                                          cstackBANK0      0000036
?_printf                                       cstackBANK1      00000AD
?_sprintf                                      cstackBANK1      00000AD
?_strcat                                       cstackBANK0      0000033
?_strlen                                       cstackBANK0      0000023
?_vfpfcnvrt                                    cstackBANK0      000005D
?_vfprintf                                     cstackBANK0      0000064
ADC_GetConversion@channel                      cstackBANK0      0000026
EUSART_Read@readValue                          cstackBANK0      0000024
EUSART_SetErrorHandler@interruptHandler        cstackBANK0      0000023
EUSART_SetFramingErrorHandler@interruptHandler cstackBANK0      0000023
EUSART_SetOverrunErrorHandler@interruptHandler cstackBANK0      0000023
EUSART_SetRxInterruptHandler@interruptHandler  cstackBANK0      0000023
EUSART_SetTxInterruptHandler@interruptHandler  cstackBANK0      0000023
EUSART_Write@txData                            cstackBANK0      0000024
I2C_CallbackReturnReset@funPtr                 cstackCOMMON     0000079
I2C_MasterSendTxData@data                      cstackCOMMON     0000070
I2C_Master_Write@data                          cstackBANK0      0000023
I2C_SetBuffer@buffer                           cstackCOMMON     0000073
I2C_SetBuffer@bufferSize                       cstackCOMMON     0000070
I2C_SetCallback@cb                             cstackCOMMON     0000070
I2C_SetCallback@idx                            cstackCOMMON     0000074
I2C_SetCallback@ptr                            cstackCOMMON     0000072
I2C_SetDataCompleteCallback@cb                 cstackCOMMON     0000075
I2C_SetDataCompleteCallback@ptr                cstackCOMMON     0000077
IO_Expander_Write@Data                         cstackBANK0      0000024
LCD_CMD@CMD                                    cstackBANK0      0000028
LCD_Init@I2C_Add                               cstackBANK0      000002B
LCD_Set_Cursor@COL                             cstackBANK0      0000029
LCD_Set_Cursor@ROW                             cstackBANK0      000002C
LCD_Write_4Bit@Nibble                          cstackBANK0      0000026
LCD_Write_Char@Data                            cstackBANK0      0000028
LCD_Write_String@Str                           cstackBANK0      0000029
LCD_Write_String@i                             cstackBANK0      000002C
_ACKDT                                         (abs)            00010B5
_ACKEN                                         (abs)            00010B4
_ACKSTAT                                       (abs)            00010B6
_ADCON0                                        (abs)            000009D
_ADCON0bits                                    (abs)            000009D
_ADCON1                                        (abs)            000009E
_ADC_GetConversion                             text78           0001C47
_ADC_Initialize                                text76           00018EB
_ADRESH                                        (abs)            000009C
_ADRESL                                        (abs)            000009B
_ANSELA                                        (abs)            000018C
_ANSELB                                        (abs)            000018D
_ANSELD                                        (abs)            000018F
_ANSELE                                        (abs)            0000190
_APFCON                                        (abs)            000011D
_BAUDCON                                       (abs)            000019F
_BORCON                                        (abs)            0000116
_BackLight_State                               dataBANK1        00000EE
_EEADRH                                        (abs)            0000192
_EEADRL                                        (abs)            0000191
_EECON1bits                                    (abs)            0000195
_EECON2                                        (abs)            0000196
_EEDATH                                        (abs)            0000194
_EEDATL                                        (abs)            0000193
_EUSART_DefaultErrorHandler                    text122          000186D
_EUSART_DefaultFramingErrorHandler             text121          000185C
_EUSART_DefaultOverrunErrorHandler             text120          0001871
_EUSART_ErrorHandler                           bssBANK2         0000145
_EUSART_FramingErrorHandler                    bssBANK2         0000149
_EUSART_Initialize                             text70           00010BA
_EUSART_OverrunErrorHandler                    bssBANK2         0000147
_EUSART_Read                                   text30           0001EED
_EUSART_Receive_ISR                            text119          0001033
_EUSART_RxDataHandler                          text123          0001B62
_EUSART_RxDefaultInterruptHandler              bssBANK2         000014B
_EUSART_SetErrorHandler                        text75           00018FC
_EUSART_SetFramingErrorHandler                 text74           0001905
_EUSART_SetOverrunErrorHandler                 text73           000190E
_EUSART_SetRxInterruptHandler                  text72           0001917
_EUSART_SetTxInterruptHandler                  text71           0001920
_EUSART_Transmit_ISR                           text118          0001C89
_EUSART_TxDefaultInterruptHandler              bssBANK1         00000E5
_EUSART_Write                                  text43           0001E34
_GIE                                           (abs)            000005F
_I2C_CallbackReturnReset                       text106          0000002
_I2C_CallbackReturnStop                        text107          0000800
_I2C_DO_ADDRESS_NACK                           text83           0001E07
_I2C_DO_IDLE                                   text97           000188A
_I2C_DO_RCEN                                   text92           00018D5
_I2C_DO_RESET                                  text84           00018B2
_I2C_DO_RX                                     text93           0001074
_I2C_DO_RX_ACK                                 text87           00018A3
_I2C_DO_RX_NACK_RESTART                        text85           00018AD
_I2C_DO_RX_NACK_STOP                           text86           00018A8
_I2C_DO_SEND_ADR_READ                          text96           00018F3
_I2C_DO_SEND_ADR_WRITE                         text95           00018E3
_I2C_DO_SEND_RESTART                           text89           0001899
_I2C_DO_SEND_RESTART_READ                      text91           000188F
_I2C_DO_SEND_RESTART_WRITE                     text90           0001894
_I2C_DO_SEND_STOP                              text88           000189E
_I2C_DO_TX                                     text94           0001238
_I2C_DO_TX_EMPTY                               text98           0001E8F
_I2C_MasterClearIrq                            text82           0001000
_I2C_MasterEnableRestart                       text117          000185E
_I2C_MasterFsm                                 text81           0001E61
_I2C_MasterGetRxData                           text103          0001867
_I2C_MasterIsNack                              text100          00018B7
_I2C_MasterIsr                                 text80           000187D
_I2C_MasterSendAck                             text102          0001879
_I2C_MasterSendNack                            text104          0001875
_I2C_MasterSendTxData                          text101          0001885
_I2C_MasterSetIrq                              text99           000186A
_I2C_MasterStartRx                             text105          0001864
[...]
alerteDefautEtape16@autom                      cstackBANK1      00000DB
alerteDefautEtape16@eol                        cstackBANK2      0000120
alerteDefautEtape16@error                      cstackBANK2      000012A
alerteDefautEtape16@etape                      cstackBANK1      00000D7
alerteDefautEtape16@prog                       cstackBANK1      00000DC
alerteDefautEtape16@reponse                    cstackBANK2      0000140
alerteDefautEtape16@testAct                    cstackBANK1      00000D9
alerteDefautEtape16@testVoy                    cstackBANK1      00000DA
alimenter@active                               cstackBANK0      0000023
analyseCodeBLE@bleCode                         cstackBANK0      0000023
attenteAquittement@autom                       cstackBANK1      00000B0
attenteAquittement@reception                   cstackBANK1      00000B6
attenteAquittement@repOperateur                cstackBANK1      00000B7
attenteAquittement@testAct                     cstackBANK1      00000B2
attenteDemarrage2@autom                        cstackBANK1      00000B6
attenteDemarrage2@prog                         cstackBANK1      00000B1
attenteDemarrage2@reception                    cstackBANK1      00000B4
attenteDemarrage2@repOperateur                 cstackBANK1      00000B5
attenteDemarrage2@testAct                      cstackBANK1      00000B0
btemp                                          (abs)            000007E
clear_ram0                                     clrtext          00018C9
displayManager@s1                              cstackBANK0      000002E
displayManager@s2                              cstackBANK0      0000030
displayManager@s3                              cstackBANK0      0000032
displayManager@s4                              cstackBANK0      0000034
displayManagerMaster@s1                        cstackBANK0      0000038
displayManagerMaster@s2                        cstackBANK0      000003A
displayManagerMaster@s3                        cstackBANK0      000003C
displayManagerMaster@s4                        cstackBANK0      000003E
dtoa@d                                         cstackBANK0      000003F
dtoa@fp                                        cstackBANK0      000004A
dtoa@i                                         cstackBANK0      000005B
dtoa@n                                         cstackBANK0      0000053
dtoa@p                                         cstackBANK0      000004D
dtoa@s                                         cstackBANK0      0000051
dtoa@w                                         cstackBANK0      000004F
end_of_initialization                          cinit            000008E
errorAlert@i                                   cstackBANK0      000002A
errorAlert@j                                   cstackBANK0      0000028
fputc@c                                        cstackBANK0      0000026
fputc@fp                                       cstackBANK0      0000028
fputs@c                                        cstackBANK0      0000032
fputs@fp                                       cstackBANK0      000002E
fputs@i                                        cstackBANK0      0000033
fputs@s                                        cstackBANK0      0000035
getBLEindentifier@bleCode                      cstackBANK0      0000035
getBLEindentifier@i                            cstackBANK0      0000033
getCharacterFormRx@N                           cstackBANK0      000002E
getCharacterFormRx@i                           cstackBANK0      000002F
getCharacterFormRx@reading                     cstackBANK0      000002C
init_ram                                       inittext         00018CF
initialConditions@autom                        cstackBANK1      00000B4
initialConditions@prog                         cstackBANK1      00000B6
initialConditions@testAct                      cstackBANK1      00000B0
initialConditions@testVoy                      cstackBANK1      00000B2
int$flags                                      (abs)            000007E
intlevel0                                      functab          0000000
intlevel1                                      functab          0000000
intlevel2                                      functab          0000000
intlevel3                                      functab          0000000
intlevel4                                      functab          0000000
intlevel5                                      functab          0000000
ledConforme@active                             cstackBANK0      0000023
ledNonConforme@active                          cstackBANK0      0000023
ledProgession@active                           cstackBANK0      0000023
main@automatique                               cstackBANK5      00002C5
main@bleCode                                   cstackBANK5      00002A0
main@buffer                                    cstackBANK5      00002B5
main@buffer_1724                               cstackBANK5      00002B7
main@lectureAN1                                cstackBANK5      00002C2
main@master                                    cstackBANK5      00002B9
main@programmation                             cstackBANK5      00002C4
main@slaveInTest                               cstackBANK5      00002BA
main@slaveWaiting                              cstackBANK5      00002BB
main@slectureAN1                               cstackBANK5      00002BC
main@testActif                                 cstackBANK5      00002C7
main@testLeds                                  cstackBANK5      00002C1
main@testVoyants                               cstackBANK5      00002C6
okAlert@i                                      cstackBANK1      00000B1
pad@buf                                        cstackBANK0      0000036
pad@fp                                         cstackBANK0      000003E
pad@i                                          cstackBANK0      000003A
pad@p                                          cstackBANK0      0000037
pad@w                                          cstackBANK0      000003C
pnum$maintext                                  (abs)            0000090
pnum$maintext_split_1                          (abs)            000010E
pnum$maintext_split_2                          (abs)            000010F
pressBP1@active                                cstackBANK0      0000023
pressBP2@active                                cstackBANK0      0000023
printf@ap                                      cstackBANK1      00000AF
printf@fmt                                     cstackBANK1      00000AD
psplit$0                                       (abs)            090010E
psplit$1                                       (abs)            10E010F
putch@txData                                   cstackBANK0      0000025
rd1RegCompleteHandler@ptr                      cstackCOMMON     0000079
rd2RegCompleteHandler@ptr                      cstackCOMMON     0000079
rdBlkRegCompleteHandler@ptr                    cstackCOMMON     0000079
reponseOperateur@automatique                   cstackBANK0      0000028
reponseOperateur@reception                     cstackBANK0      0000027
reponseOperateur@repOperateur                  cstackBANK0      000002A
reponseOperateur@reponse                       cstackBANK0      0000029
reset_vec                                      reset_vec        0000000
setCharacterBit@K                              cstackBANK0      0000025
setCharacterBit@N                              cstackBANK0      0000028
setCharacterBit@reading                        cstackBANK0      0000023
setHorloge@active                              cstackBANK0      0000023
setP1@active                                   cstackBANK0      0000023
setP2@active                                   cstackBANK0      0000023
sortieErreur@autom                             cstackBANK1      00000B8
sortieErreur@prog                              cstackBANK1      00000BE
sortieErreur@testAct                           cstackBANK1      00000BA
sortieErreur@testVoy                           cstackBANK1      00000BC
sprintf@ap                                     cstackBANK1      00000B3
sprintf@f                                      cstackBANK1      00000B5
sprintf@fmt                                    cstackBANK1      00000AD
sprintf@ret                                    cstackBANK1      00000B1
sprintf@s                                      cstackBANK1      00000B4
start                                          init             000004A
startAlert@i                                   cstackBANK0      0000028
startPhaseBLE@i                                cstackBANK0      0000026
startPhaseBLE@phase                            cstackBANK0      0000023
start_initialization                           cinit            000004C
strcat@dest                                    cstackBANK0      0000033
strcat@src                                     cstackBANK0      0000035
strcpy@d                                       cstackBANK0      0000031
strcpy@dest                                    cstackBANK0      0000027
strcpy@s                                       cstackBANK0      000002F
strcpy@src                                     cstackBANK0      0000029
strlen@a                                       cstackBANK0      0000025
strlen@s                                       cstackBANK0      0000023
testNOK@active                                 cstackBANK0      0000024
testNOK@result                                 cstackBANK0      0000023
testOK@active                                  cstackBANK0      0000024
testOK@result                                  cstackBANK0      0000023
testR1@active                                  cstackBANK0      0000024
testR1@result                                  cstackBANK0      0000023
testR2@active                                  cstackBANK0      0000024
testR2@result                                  cstackBANK0      0000023
testR3@active                                  cstackBANK0      0000024
testR3@result                                  cstackBANK0      0000023
vfpfcnvrt@ap                                   cstackBANK0      000005E
vfpfcnvrt@fmt                                  cstackBANK0      000005D
vfpfcnvrt@fp                                   cstackBANK1      00000A9
vfpfcnvrt@ll                                   cstackBANK1      00000A0
vfpfcnvrt@vp                                   cstackBANK1      00000A8
vfprintf@ap                                    cstackBANK0      0000066
vfprintf@cfmt                                  cstackBANK1      00000AB
vfprintf@fmt                                   cstackBANK0      0000064
vfprintf@fp                                    cstackBANK1      00000AA
wr1RegCompleteHandler@ptr                      cstackCOMMON     0000079
wr2RegCompleteHandler@ptr                      cstackCOMMON     0000079
wtemp0                                         (abs)            000007E


MODULE INFORMATION

Module		Function		Class		Link	Load	Size
C:\Program Files\Microchip\xc8\v2.32\pic\sources\c99\common\nf_sprintf.c
		_sprintf       		CODE           	1F88	0000	56

C:\Program Files\Microchip\xc8\v2.32\pic\sources\c99\common\nf_sprintf.c estimated size: 56

C:\Program Files\Microchip\xc8\v2.32\pic\sources\c99\common\doprnt.c
		_vfpfcnvrt     		CODE           	16DE	0000	290
		_pad           		CODE           	12E6	0000	92
		_dtoa          		CODE           	066A	0000	368
		_vfprintf      		CODE           	1F1C	0000	52

C:\Program Files\Microchip\xc8\v2.32\pic\sources\c99\common\doprnt.c estimated size: 802

mcc_generated_files/interrupt_manager.c
		_INTERRUPT_InterruptManager		CODE           	0004	0000	70

mcc_generated_files/interrupt_manager.c estimated size: 70

mcc_generated_files/examples/i2c_master_example.c
		_wr1RegCompleteHandler		CODE           	1A54	0000	17
		_wr2RegCompleteHandler		CODE           	1A21	0000	17
		_rdBlkRegCompleteHandler		CODE           	1ACE	0000	24
		_rd1RegCompleteHandler		CODE           	1A32	0000	17
		_rd2RegCompleteHandler		CODE           	1A43	0000	17

mcc_generated_files/examples/i2c_master_example.c estimated size: 92

mcc_generated_files/pin_manager.c
		_PIN_MANAGER_Initialize		CODE           	1BEA	0000	31

mcc_generated_files/pin_manager.c estimated size: 31

C:\Program Files\Microchip\xc8\v2.32\pic\sources\c99\common\nf_fputs.c
		_fputs         		CODE           	1D88	0000	41

C:\Program Files\Microchip\xc8\v2.32\pic\sources\c99\common\nf_fputs.c estimated size: 41

mcc_generated_files/adc.c
		_ADC_Initialize		CODE           	18EB	0000	8
		_ADC_GetConversion		CODE           	1C47	0000	33

mcc_generated_files/adc.c estimated size: 41

C:\Program Files\Microchip\xc8\v2.32\pic\sources\c99\common\abs.c
		_abs           		CODE           	1BCE	0000	28

C:\Program Files\Microchip\xc8\v2.32\pic\sources\c99\common\abs.c estimated size: 28

C:\Program Files\Microchip\xc8\v2.32\pic\sources\c99\common\aomod.c
		___aomod       		CODE           	14EC	0000	237

C:\Program Files\Microchip\xc8\v2.32\pic\sources\c99\common\aomod.c estimated size: 237

shared
		__initialization		CODE           	004C	0000	66
		_i2c_fsmStateTable		STRCODE        	1800	0000	32

shared estimated size: 98

I2C_LCD.c
		_LCD_Init      		CODE           	13CB	0000	140
		_LCD_Write_4Bit		CODE           	1AE6	0000	24
		_LCD_Write_Char		CODE           	1B16	0000	25
		_LCD_CMD       		CODE           	1AFE	0000	24
		_I2C_Master_Wait		CODE           	1949	0000	12
		_I2C_Master_Init		CODE           	1932	0000	11
		_I2C_Master_Stop		CODE           	18C3	0000	6
		_LCD_Set_Cursor		CODE           	1EBE	0000	47
		_LCD_Clear     		CODE           	1929	0000	9
		_IO_Expander_Write		CODE           	1A8C	0000	21
		_I2C_Master_Write		CODE           	1A11	0000	16
		_I2C_Master_Start		CODE           	18BD	0000	6
		_LCD_Write_String		CODE           	1C28	0000	31

I2C_LCD.c estimated size: 372

mcc_generated_files/mcc.c
		_WDT_Initialize		CODE           	1881	0000	4
		_OSCILLATOR_Initialize		CODE           	193D	0000	12
		_SYSTEM_Initialize		CODE           	1A01	0000	16

mcc_generated_files/mcc.c estimated size: 32

display.c
		_displayManagerMaster		CODE           	1B2F	0000	25
		_displayManager		CODE           	1195	0000	81

display.c estimated size: 106

C:\Program Files\Microchip\xc8\v2.32\pic\sources\c99\common\strcat.c
		_strcat        		CODE           	1AB7	0000	23

C:\Program Files\Microchip\xc8\v2.32\pic\sources\c99\common\strcat.c estimated size: 23

mcc_generated_files/i2c_master.c
		_I2C_MasterStartRx		CODE           	1864	0000	3
		_I2C_DO_SEND_ADR_WRITE		CODE           	18E3	0000	8
		_I2C_DO_SEND_STOP		CODE           	189E	0000	5
		_I2C_MasterSendNack		CODE           	1875	0000	4
		_I2C_CallbackReturnStop		CODE           	0800	0000	2
		_I2C_DO_SEND_ADR_READ		CODE           	18F3	0000	9
		_I2C_DO_RX_NACK_STOP		CODE           	18A8	0000	5
		_I2C_DO_SEND_RESTART		CODE           	1899	0000	5
		_I2C_DO_RX     		CODE           	1074	0000	70
		_I2C_DO_TX     		CODE           	1238	0000	87
		_I2C_DO_IDLE   		CODE           	188A	0000	5
		_I2C_DO_RCEN   		CODE           	18D5	0000	7
		_I2C_DO_RESET  		CODE           	18B2	0000	5
		_I2C_DO_RX_ACK 		CODE           	18A3	0000	5
		_I2C_MasterClearIrq		CODE           	1000	0000	3
		_I2C_MasterGetRxData		CODE           	1867	0000	3
		_I2C_SetCallback		CODE           	1DB1	0000	42
		_I2C_DO_ADDRESS_NACK		CODE           	1E07	0000	45
		_I2C_MasterEnableRestart		CODE           	185E	0000	3
		_I2C_CallbackReturnReset		CODE           	0002	0000	2
		_I2C_DO_TX_EMPTY		CODE           	1E8F	0000	47
		_I2C_DO_SEND_RESTART_WRITE		CODE           	1894	0000	5
		_I2C_MasterIsNack		CODE           	18B7	0000	6
		_I2C_SetDataCompleteCallback		CODE           	1961	0000	13
		_I2C_DO_RX_NACK_RESTART		CODE           	18AD	0000	5
		_I2C_MasterSendAck		CODE           	1879	0000	4
		_I2C_MasterFsm 		CODE           	1E61	0000	46
		_I2C_MasterIsr 		CODE           	187D	0000	4
		_I2C_MasterSetIrq		CODE           	186A	0000	3
		_I2C_DO_SEND_RESTART_READ		CODE           	188F	0000	5
		_I2C_SetBuffer 		CODE           	19F1	0000	16
		_I2C_MasterSendTxData		CODE           	1885	0000	5
		_I2C_MasterStop		CODE           	1861	0000	3

mcc_generated_files/i2c_master.c estimated size: 480

mcc_generated_files/eusart.c
		_EUSART_SetRxInterruptHandler		CODE           	1917	0000	9
		_EUSART_SetTxInterruptHandler		CODE           	1920	0000	9
		_putch         		CODE           	18DC	0000	7
		_EUSART_Read   		CODE           	1EED	0000	47
		_EUSART_DefaultOverrunErrorHandler		CODE           	1871	0000	4
		_EUSART_Write  		CODE           	1E34	0000	45
		_EUSART_DefaultErrorHandler		CODE           	186D	0000	4
		_EUSART_Transmit_ISR		CODE           	1C89	0000	34
		_EUSART_Initialize		CODE           	10BA	0000	72
		_EUSART_SetFramingErrorHandler		CODE           	1905	0000	9
		_EUSART_SetErrorHandler		CODE           	18FC	0000	9
		_EUSART_SetOverrunErrorHandler		CODE           	190E	0000	9
		_EUSART_Receive_ISR		CODE           	1033	0000	65
		_EUSART_RxDataHandler		CODE           	1B62	0000	27
		_EUSART_DefaultFramingErrorHandler		CODE           	185C	0000	1

mcc_generated_files/eusart.c estimated size: 351

C:\Program Files\Microchip\xc8\v2.32\pic\sources\c99\common\printf.c
		_printf        		CODE           	1AA1	0000	22

C:\Program Files\Microchip\xc8\v2.32\pic\sources\c99\common\printf.c estimated size: 22

C:\Program Files\Microchip\xc8\v2.32\pic\sources\c99\common\nf_fputc.c
		_fputc         		CODE           	11E6	0000	82

C:\Program Files\Microchip\xc8\v2.32\pic\sources\c99\common\nf_fputc.c estimated size: 82

tester.c
		_okAlert       		CODE           	1C68	0000	33
		_testR3        		CODE           	1CF1	0000	35
		_alerteDefaut  		CODE           	1342	0000	137
		_initialConditions		CODE           	114A	0000	75
		_attenteDemarrage2		CODE           	09BB	0000	439
		_setHorloge    		CODE           	19D6	0000	13
		_errorAlert    		CODE           	1102	0000	72
		_alimenter     		CODE           	196E	0000	13
		_testR1        		CODE           	1CAB	0000	35
		_ledProgession 		CODE           	1995	0000	13
		_attenteAquittement		CODE           	0802	0000	103
		_getBLEindentifier		CODE           	1FC0	0000	64
		_activeCLK     		CODE           	19E3	0000	14
		_getCharacterFormRx		CODE           	1F50	0000	56
		_startAlert    		CODE           	07DA	0000	38
		_pressBP1      		CODE           	19A2	0000	13
		_pressBP2      		CODE           	19AF	0000	13
		_setCharacterBit		CODE           	1D14	0000	37
		_releaseCLK    		CODE           	1955	0000	12
		_testNOK       		CODE           	1B7D	0000	27
		_ledConforme   		CODE           	197B	0000	13
		_alerteDefautEtape16		CODE           	0869	0000	338
		_testR2        		CODE           	1CCE	0000	35
		_waitForBleAcq 		CODE           	1A65	0000	19
		_ledNonConforme		CODE           	1988	0000	13
		_setP1         		CODE           	19BC	0000	13
		_testOK        		CODE           	1B98	0000	27
		_activerTouche 		CODE           	1C09	0000	31
		_activerBuzzer 		CODE           	1DDB	0000	44
		_startPhaseBLE 		CODE           	1003	0000	48
		_sortieErreur  		CODE           	128F	0000	87
		_setP2         		CODE           	19C9	0000	13
		_analyseCodeBLE		CODE           	1BB3	0000	27
		_reponseOperateur		CODE           	1457	0000	149

tester.c estimated size: 2099

C:\Program Files\Microchip\xc8\v2.32\pic\sources\c99\common\aodiv.c
		___aodiv       		CODE           	15D9	0000	261

C:\Program Files\Microchip\xc8\v2.32\pic\sources\c99\common\aodiv.c estimated size: 261

main.c
		_main          		CODE           	0B72	0000	2662

main.c estimated size: 2662

C:\Program Files\Microchip\xc8\v2.32\pic\sources\c99\common\strlen.c
		_strlen        		CODE           	1B48	0000	26

C:\Program Files\Microchip\xc8\v2.32\pic\sources\c99\common\strlen.c estimated size: 26

C:\Program Files\Microchip\xc8\v2.32\pic\sources\c99\common\strcpy.c
		_strcpy        		CODE           	1D39	0000	39

C:\Program Files\Microchip\xc8\v2.32\pic\sources\c99\common\strcpy.c estimated size: 39

