Microchip MPLAB XC8 Compiler V2.32

Linker command line:

-W-3 --edf=C:\Program Files\Microchip\xc8\v2.32\pic\dat\en_msgs.txt -cn \
  -h+dist/default/production\galeoTesterBiModuleSimpleBLE.X.production.sym \
  --cmf=dist/default/production\galeoTesterBiModuleSimpleBLE.X.production.cmf \
  -z -Q16LF1939 -oC:\Users\Michel\AppData\Local\Temp\xcAskek.4 \
  --defsym=__MPLAB_BUILD=1 \
  -Mdist/default/production/galeoTesterBiModuleSimpleBLE.X.production.map \
  -E1 -ver=XC8 Compiler --acfsm=1493 -ASTACK=021BAh-023EFh -pstack=STACK \
  -ACODE=00h-07FFhx8 -ASTRCODE=00h-03FFFh -ASTRING=00h-0FFhx64 \
  -ACONST=00h-0FFhx64 -AENTRY=00h-0FFhx64 -ACOMMON=070h-07Fh \
  -ABANK0=020h-06Fh -ABANK1=0A0h-0EFh -ABANK2=0120h-016Fh \
  -ABANK3=01A0h-01EFh -ABANK4=0220h-026Fh -ABANK5=02A0h-02EFh \
  -ABANK6=0320h-036Fh -ABANK7=03A0h-03EFh -ABANK8=0420h-046Fh \
  -ABANK9=04A0h-04EFh -ABANK10=0520h-056Fh -ABANK11=05A0h-05EFh \
  -ABANK12=0620h-064Fh -ABIGRAM=02000h-023EFh \
  -ARAM=020h-06Fh,0A0h-0EFh,0120h-016Fh,01A0h-01EFh,0220h-026Fh,02A0h-02EFh,0320h-036Fh,03A0h-03EFh,0420h-046Fh,04A0h-04EFh,0520h-056Fh,05A0h-05EFh,0620h-064Fh \
  -AABS1=020h-07Fh,0A0h-0EFh,0120h-016Fh,01A0h-01EFh,0220h-026Fh,02A0h-02EFh,0320h-036Fh,03A0h-03EFh,0420h-046Fh,04A0h-04EFh,0520h-056Fh,05A0h-05EFh,0620h-064Fh \
  -ASFR0=00h-01Fh -ASFR1=080h-09Fh -ASFR2=0100h-011Fh -ASFR3=0180h-019Fh \
  -ASFR4=0200h-021Fh -ASFR5=0280h-029Fh -ASFR6=0300h-031Fh \
  -ASFR7=0380h-039Fh -ASFR8=0400h-041Fh -ASFR9=0480h-049Fh \
  -ASFR10=0500h-051Fh -ASFR11=0580h-059Fh -ASFR12=0600h-061Fh \
  -ASFR13=0680h-06EFh -ASFR14=0700h-076Fh -ASFR15=0780h-07EFh \
  -ASFR16=0800h-086Fh -ASFR17=0880h-08EFh -ASFR18=0900h-096Fh \
  -ASFR19=0980h-09EFh -ASFR20=0A00h-0A6Fh -ASFR21=0A80h-0AEFh \
  -ASFR22=0B00h-0B6Fh -ASFR23=0B80h-0BEFh -ASFR24=0C00h-0C6Fh \
  -ASFR25=0C80h-0CEFh -ASFR26=0D00h-0D6Fh -ASFR27=0D80h-0DEFh \
  -ASFR28=0E00h-0E6Fh -ASFR29=0E80h-0EEFh -ASFR30=0F00h-0F6Fh \
  -ASFR31=0F80h-0FEFh -ACONFIG=08007h-08008h -DCONFIG=2 \
  -AIDLOC=08000h-08003h -DIDLOC=2 -AEEDATA=00h-0FFh/0F000h \
  -peeprom_data=EEDATA -DEEDATA=2 -DCODE=2 -DSTRCODE=2 -DSTRING=2 -DCONST=2 \
  -DENTRY=2 -preset_vec=00h,intentry=04h,init,end_init -ppowerup=CODE \
  -pcinit=CODE -pfunctab=ENTRY -k \
  C:\Users\Michel\AppData\Local\Temp\xcAskek.o \
  dist/default/production\galeoTesterBiModuleSimpleBLE.X.production.o 

Object code version is 3.11

Machine type is 16LF1939



                Name                               Link     Load   Length Selector   Space Scale
C:\Users\Michel\AppData\Local\Temp\xcAskek.o
                end_init                             4A       4A        2        8       0
                reset_vec                             0        0        2        0       0
                config                             8007     8007        2        0       4
                idloc                              8000     8000        4        0       5
dist/default/production\galeoTesterBiModuleSimpleBLE.X.production.o
                cinit                                4C       4C       45        8       0
                intentry                              4        4       46        8       0
                maintext_split_2                     91       91      676        8       0
                maintext_split_1                    DB1      DB1      24F     1B62       0
                config                             8007     8007        2        0       4
                idloc                              8000     8000        4        0       5
                text127                            1A37     1A37       1B     346E       0
                text126                            2702     2702        4     4E04       0
                text125                            26EE     26EE        1     4DDC       0
                text124                            2706     2706        4     4E0C       0
                text123                            1002     1002       41     2004       0
                text122                            1B7B     1B7B       22     36F6       0
                text121                            26F0     26F0        3     4DE0       0
                text120                            26F3     26F3        3     4DE6       0
                text119                            18C4     18C4       10     3188       0
                text118                            1CC9     1CC9       2A     3992       0
                text117                            27E6     27E6        D     4FCC       0
                text116                            18F4     18F4       11     31E8       0
                text115                            1905     1905       11     320A       0
                text114                            1916     1916       11     322C       0
                text113                            1927     1927       11     324E       0
                text112                            19A3     19A3       18     3346       0
                text111                            1000     1000        2     1B62       0
                text110                               2        2        2        0       0
                text109                            26F6     26F6        3     4DEC       0
                text108                            270A     270A        4     4E14       0
                text107                            26F9     26F9        3     4DF2       0
                text106                            270E     270E        4     4E1C       0
                text105                            2716     2716        5     4E2C       0
                text104                            2748     2748        6     4E90       0
                text103                            26FC     26FC        3     4DF8       0
                text102                            1DD1     1DD1       2F     3BA2       0
                text101                            271B     271B        5     4E36       0
                text100                            2784     2784        9     4F08       0
                text99                             2774     2774        8     4EE8       0
                text98                             117A     117A       57     22F4       0
                text97                             1F72     1F72       46     3EE4       0
                text96                             2766     2766        7     4ECC       0
                text95                             2720     2720        5     4E40       0
                text94                             2725     2725        5     4E4A       0
                text93                             272A     272A        5     4E54       0
                text92                             272F     272F        5     4E5E       0
                text91                             2734     2734        5     4E68       0
                text90                             2739     2739        5     4E72       0
                text89                             273E     273E        5     4E7C       0
                text88                             2743     2743        5     4E86       0
                text87                             1D49     1D49       2D     3A92       0
                text86                             26FF     26FF        3     4DFE       0
                text85                             1DA3     1DA3       2E     3B46       0
                text84                             2712     2712        4     4E24       0
                text82                             1B39     1B39       21     3672       0
                text81                             27C3     27C3        B     4F86       0
                text80                             277C     277C        8     4EF8       0
                text79                             278D     278D        9     4F1A       0
                text78                             2796     2796        9     4F2C       0
                text77                             279F     279F        9     4F3E       0
                text76                             27A8     27A8        9     4F50       0
                text75                             27B1     27B1        9     4F62       0
                text74                             1FB8     1FB8       48     3F70       0
                text73                             27CE     27CE        C     4F9C       0
                text72                             1ADC     1ADC       1F     35B8       0
                text71                             184A     184A        4     3094       0
                text70                             18D4     18D4       10     31A8       0
                text69                             1AFB     1AFB       1F     35F6       0
                text68                             27F3     27F3        D     4FE6       0
                text67                             27DA     27DA        C     4FB4       0
                text66                             274E     274E        6     4E9C       0
                text65                             2754     2754        6     4EA8       0
                text64                             18E4     18E4       10     31C8       0
                text63                             194C     194C       15     3298       0
                text62                             19BB     19BB       18     3376       0
                text61                             19D3     19D3       18     33A6       0
                text60                             27BA     27BA        9     4F74       0
                text59                             1E00     1E00       2F     3C00       0
                text58                             19EB     19EB       19     33D6       0
                text57                             1B1A     1B1A       1F     3634       0
                text56                             10D7     10D7       51     21AE       0
                text55                             1D1D     1D1D       2C     3A3A       0
                text54                             1043     1043       48     2086       0
                text53                             184E     184E        D     309C       0
                text52                             185B     185B        D     30B6       0
                text51                             1868     1868        D     30D0       0
                text50                             1487     1487      105     290E       0
                text49                              707      707       ED        8       0
                text48                             1AA3     1AA3       1C     3546       0
                text47                             1D76     1D76       2D     3AEC       0
                text46                             276D     276D        7     4EDA       0
                text45                             1128     1128       52     2250       0
                text44                             1CA0     1CA0       29     3940       0
                text43                             1A1D     1A1D       1A     343A       0
                text42                             1281     1281       5C     2502       0
                text41                              87A      87A      170     10F4       0
                text40                             158C     158C      122     2B18       0
                text39                             1E8E     1E8E       34     3D1C       0
                text38                             1976     1976       16     32EC       0
                text37                             1C51     1C51       27     38A2       0
                text36                             198C     198C       17     3318       0
                text35                             12DD     12DD       89     25BA       0
                text34                             1E2F     1E2F       2F     3C5E       0
                text33                             1A52     1A52       1B     34A4       0
                text32                             1A6D     1A6D       1B     34DA       0
                text31                             13F2     13F2       95     27E4       0
                text30                              813      813       67     1026       0
                text29                             1875     1875        D     30EA       0
                text28                             1882     1882        D     3104       0
                text27                             188F     188F        D     311E       0
                text26                             189C     189C        D     3138       0
                text25                             108B     108B       4C     2116       0
                text24                             11D1     11D1       57     23A2       0
                text23                             1B9D     1B9D       23     373A       0
                text22                             1BC0     1BC0       23     3780       0
                text21                             1BE3     1BE3       23     37C6       0
                text20                             16AE     16AE      152     2D5C       0
                text19                             1A88     1A88       1B     3510       0
                text18                              9EA      9EA      1B7     13D4       0
                text17                             1CF3     1CF3       2A     39E6       0
                text16                             1366     1366       8C     26CC       0
                text15                             1A04     1A04       19     3408       0
                text14                             18B6     18B6        E     316C       0
                text13                             1C06     1C06       25     380C       0
                text12                             1EC2     1EC2       38     3D84       0
                text11                              7F4      7F4        C        8       0
                text10                             1F32     1F32       40     3E64       0
                text9                              1C2B     1C2B       26     3856       0
                text8                              1B5A     1B5A       21     36B4       0
                text7                              1ABF     1ABF       1D     357E       0
                text6                              1961     1961       15     32C2       0
                text5                              18A9     18A9        D     3152       0
                text4                              1EFA     1EFA       38     3DF4       0
                text3                              1E5E     1E5E       30     3CBC       0
                text2                               800      800       13     1000       0
                text1                              1228     1228       59     2450       0
                maintext                            BA1      BA1      210     1742       0
                cstackBANK0                          20       20       4A       20       1
                cstackCOMMON                         70       70        D       70       1
                cstackBANK1                          A0       A0       3F       A0       1
                cstackBANK2                         120      120       25      120       1
                cstackBANK5                         2A0      2A0       2A      2A0       1
                clrtext                            275A     275A        6     4EB4       0
                inittext                           2760     2760        6     4EC0       0
                dataBANK4                           220      220       28      220       1
                bssBANK4                            248      248       20      220       1
                dataBANK3                           1DB      1DB       14      1A0       1
                bssBANK3                            1A0      1A0       3B      1A0       1
                bssBANK2                            145      145        6      120       1
                dataBANK1                            EE       EE        1       A0       1
                bssBANK1                             DF       DF        F       A0       1
                bssBANK0                             6A       6A        3       20       1
                bssCOMMON                            7D       7D        1       70       1
                stringtext127                      293B     293B        3     5000       0
                stringtext126                      2933     2933        8     5000       0
                stringtext125                      292B     292B        8     5000       0
                stringtext124                      2923     2923        8     5000       0
                stringtext123                      291B     291B        8     5000       0
                stringtext122                      2913     2913        8     5000       0
                stringtext121                      290B     290B        8     5000       0
                stringtext120                      2903     2903        8     5000       0
                stringtext119                      28FB     28FB        8     5000       0
                stringtext118                      28F3     28F3        8     5000       0
                stringtext117                      28EB     28EB        8     5000       0
                stringtext116                      28E2     28E2        9     5000       0
                stringtext115                      28D9     28D9        9     5000       0
                stringtext114                      28D0     28D0        9     5000       0
                stringtext113                      28C7     28C7        9     5000       0
                stringtext112                      28BE     28BE        9     5000       0
                stringtext111                      28B5     28B5        9     5000       0
                stringtext110                      28AC     28AC        9     5000       0
                stringtext109                      28A3     28A3        9     5000       0
                stringtext108                      289A     289A        9     5000       0
                stringtext107                      288F     288F        B     5000       0
                stringtext106                      2884     2884        B     5000       0
                stringtext105                      2878     2878        C     5000       0
                stringtext104                      286C     286C        C     5000       0
                stringtext103                      2860     2860        C     5000       0
                stringtext102                      2854     2854        C     5000       0
                stringtext101                      2848     2848        C     5000       0
                stringtext100                      283C     283C        C     5000       0
                stringtext99                       2830     2830        C     5000       0
                stringtext98                       2824     2824        C     5000       0
                stringtext97                       2818     2818        C     5000       0
                stringtext96                       280C     280C        C     5000       0
                stringtext95                       2800     2800        C     5000       0
                stringtext94                       26C0     26C0        D     4000       0
                stringtext93                       26B3     26B3        D     4000       0
                stringtext92                       26A6     26A6        D     4000       0
                stringtext91                       2699     2699        D     4000       0
                stringtext90                       268C     268C        D     4000       0
                stringtext89                       267F     267F        D     4000       0
                stringtext88                       2672     2672        D     4000       0
                stringtext87                       2665     2665        D     4000       0
                stringtext86                       2658     2658        D     4000       0
                stringtext85                       264B     264B        D     4000       0
                stringtext84                       263D     263D        E     4000       0
                stringtext83                       262F     262F        E     4000       0
                stringtext82                       2621     2621        E     4000       0
                stringtext81                       2613     2613        E     4000       0
                stringtext80                       2604     2604        F     4000       0
                stringtext79                       25F5     25F5        F     4000       0
                stringtext78                       25E6     25E6        F     4000       0
                stringtext77                       25D7     25D7        F     4000       0
                stringtext76                       25C8     25C8        F     4000       0
                stringtext75                       25B9     25B9        F     4000       0
                stringtext74                       25AA     25AA        F     4000       0
                stringtext73                       259B     259B        F     4000       0
                stringtext72                       258C     258C        F     4000       0
                stringtext71                       257D     257D        F     4000       0
                stringtext70                       256D     256D       10     4000       0
                stringtext69                       255D     255D       10     4000       0
                stringtext68                       254C     254C       11     4000       0
                stringtext67                       253B     253B       11     4000       0
                stringtext66                       252A     252A       11     4000       0
                stringtext65                       2519     2519       11     4000       0
                stringtext64                       2508     2508       11     4000       0
                stringtext63                       24F7     24F7       11     4000       0
                stringtext62                       24E6     24E6       11     4000       0
                stringtext61                       24D5     24D5       11     4000       0
                stringtext60                       24C4     24C4       11     4000       0
                stringtext59                       24B3     24B3       11     4000       0
                stringtext58                       24A2     24A2       11     4000       0
                stringtext57                       2491     2491       11     4000       0
                stringtext56                       2480     2480       11     4000       0
                stringtext55                       246F     246F       11     4000       0
                stringtext54                       245E     245E       11     4000       0
                stringtext53                       244D     244D       11     4000       0
                stringtext52                       243C     243C       11     4000       0
                stringtext51                       242A     242A       12     4000       0
                stringtext50                       2418     2418       12     4000       0
                stringtext49                       2406     2406       12     4000       0
                stringtext48                       23F4     23F4       12     4000       0
                stringtext47                       23E2     23E2       12     4000       0
                stringtext46                       23D0     23D0       12     4000       0
                stringtext45                       23BE     23BE       12     4000       0
                stringtext44                       23AC     23AC       12     4000       0
                stringtext43                       239A     239A       12     4000       0
                stringtext42                       2388     2388       12     4000       0
                stringtext41                       2376     2376       12     4000       0
                stringtext40                       2364     2364       12     4000       0
                stringtext39                       2352     2352       12     4000       0
                stringtext38                       2340     2340       12     4000       0
                stringtext37                       232E     232E       12     4000       0
                stringtext36                       231C     231C       12     4000       0
                stringtext35                       230A     230A       12     4000       0
                stringtext34                       22F8     22F8       12     4000       0
                stringtext33                       22E5     22E5       13     4000       0
                stringtext32                       22D2     22D2       13     4000       0
                stringtext31                       22BF     22BF       13     4000       0
                stringtext30                       22AB     22AB       14     4000       0
                stringtext29                       2297     2297       14     4000       0
                stringtext28                       2283     2283       14     4000       0
                stringtext27                       226F     226F       14     4000       0
                stringtext26                       225A     225A       15     4000       0
                stringtext25                       2245     2245       15     4000       0
                stringtext24                       2230     2230       15     4000       0
                stringtext23                       221B     221B       15     4000       0
                stringtext22                       2206     2206       15     4000       0
                stringtext21                       21F1     21F1       15     4000       0
                stringtext20                       21DC     21DC       15     4000       0
                stringtext19                       21C6     21C6       16     4000       0
                stringtext18                       21AF     21AF       17     4000       0
                stringtext17                       2198     2198       17     4000       0
                stringtext16                       2181     2181       17     4000       0
                stringtext15                       216A     216A       17     4000       0
                stringtext14                       2152     2152       18     4000       0
                stringtext13                       213A     213A       18     4000       0
                stringtext12                       2121     2121       19     4000       0
                stringtext11                       2108     2108       19     4000       0
                stringtext10                       20EF     20EF       19     4000       0
                stringtext9                        20D5     20D5       1A     4000       0
                stringtext8                        20BB     20BB       1A     4000       0
                stringtext7                        20A1     20A1       1A     4000       0
                stringtext6                        2085     2085       1C     4000       0
                stringtext5                        2069     2069       1C     4000       0
                stringtext4                        204A     204A       1F     4000       0
                stringtext3                        2025     2025       25     4000       0
                stringtext2                        2000     2000       25     4000       0
                stringtext1                        1800     1800       4A     3000       0
                idataBANK4                         1C78     1C78       28     38F0       0
                idataBANK3                         1938     1938       14     3270       0
                idataBANK1                         26EF     26EF        1     4DDE       0

TOTAL           Name                               Link     Load   Length     Space
        CLASS   STACK          

        CLASS   CODE           
                end_init                             4A       4A        2         0
                cinit                                4C       4C       45         0
                intentry                              4        4       46         0
                reset_vec                             0        0        2         0
                maintext_split_2                     91       91      676         0
                maintext_split_1                    DB1      DB1      24F         0
                text127                            1A37     1A37       1B         0
                text126                            2702     2702        4         0
                text125                            26EE     26EE        1         0
                text124                            2706     2706        4         0
                text123                            1002     1002       41         0
                text122                            1B7B     1B7B       22         0
                text121                            26F0     26F0        3         0
                text120                            26F3     26F3        3         0
                text119                            18C4     18C4       10         0
                text118                            1CC9     1CC9       2A         0
                text117                            27E6     27E6        D         0
                text116                            18F4     18F4       11         0
                text115                            1905     1905       11         0
                text114                            1916     1916       11         0
                text113                            1927     1927       11         0
                text112                            19A3     19A3       18         0
                text111                            1000     1000        2         0
                text110                               2        2        2         0
                text109                            26F6     26F6        3         0
                text108                            270A     270A        4         0
                text107                            26F9     26F9        3         0
                text106                            270E     270E        4         0
                text105                            2716     2716        5         0
                text104                            2748     2748        6         0
                text103                            26FC     26FC        3         0
                text102                            1DD1     1DD1       2F         0
                text101                            271B     271B        5         0
                text100                            2784     2784        9         0
                text99                             2774     2774        8         0
                text98                             117A     117A       57         0
                text97                             1F72     1F72       46         0
                text96                             2766     2766        7         0
                text95                             2720     2720        5         0
                text94                             2725     2725        5         0
                text93                             272A     272A        5         0
                text92                             272F     272F        5         0
                text91                             2734     2734        5         0
                text90                             2739     2739        5         0
                text89                             273E     273E        5         0
                text88                             2743     2743        5         0
                text87                             1D49     1D49       2D         0
                text86                             26FF     26FF        3         0
                text85                             1DA3     1DA3       2E         0
                text84                             2712     2712        4         0
                text82                             1B39     1B39       21         0
                text81                             27C3     27C3        B         0
                text80                             277C     277C        8         0
                text79                             278D     278D        9         0
                text78                             2796     2796        9         0
                text77                             279F     279F        9         0
                text76                             27A8     27A8        9         0
                text75                             27B1     27B1        9         0
                text74                             1FB8     1FB8       48         0
                text73                             27CE     27CE        C         0
                text72                             1ADC     1ADC       1F         0
                text71                             184A     184A        4         0
                text70                             18D4     18D4       10         0
                text69                             1AFB     1AFB       1F         0
                text68                             27F3     27F3        D         0
                text67                             27DA     27DA        C         0
                text66                             274E     274E        6         0
                text65                             2754     2754        6         0
                text64                             18E4     18E4       10         0
                text63                             194C     194C       15         0
                text62                             19BB     19BB       18         0
                text61                             19D3     19D3       18         0
                text60                             27BA     27BA        9         0
                text59                             1E00     1E00       2F         0
                text58                             19EB     19EB       19         0
                text57                             1B1A     1B1A       1F         0
                text56                             10D7     10D7       51         0
                text55                             1D1D     1D1D       2C         0
                text54                             1043     1043       48         0
                text53                             184E     184E        D         0
                text52                             185B     185B        D         0
                text51                             1868     1868        D         0
                text50                             1487     1487      105         0
                text49                              707      707       ED         0
                text48                             1AA3     1AA3       1C         0
                text47                             1D76     1D76       2D         0
                text46                             276D     276D        7         0
                text45                             1128     1128       52         0
                text44                             1CA0     1CA0       29         0
                text43                             1A1D     1A1D       1A         0
                text42                             1281     1281       5C         0
                text41                              87A      87A      170         0
                text40                             158C     158C      122         0
                text39                             1E8E     1E8E       34         0
                text38                             1976     1976       16         0
                text37                             1C51     1C51       27         0
                text36                             198C     198C       17         0
                text35                             12DD     12DD       89         0
                text34                             1E2F     1E2F       2F         0
                text33                             1A52     1A52       1B         0
                text32                             1A6D     1A6D       1B         0
                text31                             13F2     13F2       95         0
                text30                              813      813       67         0
                text29                             1875     1875        D         0
                text28                             1882     1882        D         0
                text27                             188F     188F        D         0
                text26                             189C     189C        D         0
                text25                             108B     108B       4C         0
                text24                             11D1     11D1       57         0
                text23                             1B9D     1B9D       23         0
                text22                             1BC0     1BC0       23         0
                text21                             1BE3     1BE3       23         0
                text20                             16AE     16AE      152         0
                text19                             1A88     1A88       1B         0
                text18                              9EA      9EA      1B7         0
                text17                             1CF3     1CF3       2A         0
                text16                             1366     1366       8C         0
                text15                             1A04     1A04       19         0
                text14                             18B6     18B6        E         0
                text13                             1C06     1C06       25         0
                text12                             1EC2     1EC2       38         0
                text11                              7F4      7F4        C         0
                text10                             1F32     1F32       40         0
                text9                              1C2B     1C2B       26         0
                text8                              1B5A     1B5A       21         0
                text7                              1ABF     1ABF       1D         0
                text6                              1961     1961       15         0
                text5                              18A9     18A9        D         0
                text4                              1EFA     1EFA       38         0
                text3                              1E5E     1E5E       30         0
                text2                               800      800       13         0
                text1                              1228     1228       59         0
                maintext                            BA1      BA1      210         0
                clrtext                            275A     275A        6         0
                inittext                           2760     2760        6         0
                idataBANK4                         1C78     1C78       28         0
                idataBANK3                         1938     1938       14         0
                idataBANK1                         26EF     26EF        1         0

        CLASS   STRCODE        
                stringtext127                      293B     293B        3         0
                stringtext126                      2933     2933        8         0
                stringtext125                      292B     292B        8         0
                stringtext124                      2923     2923        8         0
                stringtext123                      291B     291B        8         0
                stringtext122                      2913     2913        8         0
                stringtext121                      290B     290B        8         0
                stringtext120                      2903     2903        8         0
                stringtext119                      28FB     28FB        8         0
                stringtext118                      28F3     28F3        8         0
                stringtext117                      28EB     28EB        8         0
                stringtext116                      28E2     28E2        9         0
                stringtext115                      28D9     28D9        9         0
                stringtext114                      28D0     28D0        9         0
                stringtext113                      28C7     28C7        9         0
                stringtext112                      28BE     28BE        9         0
                stringtext111                      28B5     28B5        9         0
                stringtext110                      28AC     28AC        9         0
                stringtext109                      28A3     28A3        9         0
                stringtext108                      289A     289A        9         0
                stringtext107                      288F     288F        B         0
                stringtext106                      2884     2884        B         0
                stringtext105                      2878     2878        C         0
                stringtext104                      286C     286C        C         0
                stringtext103                      2860     2860        C         0
                stringtext102                      2854     2854        C         0
                stringtext101                      2848     2848        C         0
                stringtext100                      283C     283C        C         0
                stringtext99                       2830     2830        C         0
                stringtext98                       2824     2824        C         0
                stringtext97                       2818     2818        C         0
                stringtext96                       280C     280C        C         0
                stringtext95                       2800     2800        C         0
                stringtext94                       26C0     26C0        D         0
                stringtext93                       26B3     26B3        D         0
                stringtext92                       26A6     26A6        D         0
                stringtext91                       2699     2699        D         0
                stringtext90                       268C     268C        D         0
                stringtext89                       267F     267F        D         0
                stringtext88                       2672     2672        D         0
                stringtext87                       2665     2665        D         0
                stringtext86                       2658     2658        D         0
                stringtext85                       264B     264B        D         0
                stringtext84                       263D     263D        E         0
                stringtext83                       262F     262F        E         0
                stringtext82                       2621     2621        E         0
                stringtext81                       2613     2613        E         0
                stringtext80                       2604     2604        F         0
                stringtext79                       25F5     25F5        F         0
                stringtext78                       25E6     25E6        F         0
                stringtext77                       25D7     25D7        F         0
                stringtext76                       25C8     25C8        F         0
                stringtext75                       25B9     25B9        F         0
                stringtext74                       25AA     25AA        F         0
                stringtext73                       259B     259B        F         0
                stringtext72                       258C     258C        F         0
                stringtext71                       257D     257D        F         0
                stringtext70                       256D     256D       10         0
                stringtext69                       255D     255D       10         0
                stringtext68                       254C     254C       11         0
                stringtext67                       253B     253B       11         0
                stringtext66                       252A     252A       11         0
                stringtext65                       2519     2519       11         0
                stringtext64                       2508     2508       11         0
                stringtext63                       24F7     24F7       11         0
                stringtext62                       24E6     24E6       11         0
                stringtext61                       24D5     24D5       11         0
                stringtext60                       24C4     24C4       11         0
                stringtext59                       24B3     24B3       11         0
                stringtext58                       24A2     24A2       11         0
                stringtext57                       2491     2491       11         0
                stringtext56                       2480     2480       11         0
                stringtext55                       246F     246F       11         0
                stringtext54                       245E     245E       11         0
                stringtext53                       244D     244D       11         0
                stringtext52                       243C     243C       11         0
                stringtext51                       242A     242A       12         0
                stringtext50                       2418     2418       12         0
                stringtext49                       2406     2406       12         0
                stringtext48                       23F4     23F4       12         0
                stringtext47                       23E2     23E2       12         0
                stringtext46                       23D0     23D0       12         0
                stringtext45                       23BE     23BE       12         0
                stringtext44                       23AC     23AC       12         0
                stringtext43                       239A     239A       12         0
                stringtext42                       2388     2388       12         0
                stringtext41                       2376     2376       12         0
                stringtext40                       2364     2364       12         0
                stringtext39                       2352     2352       12         0
                stringtext38                       2340     2340       12         0
                stringtext37                       232E     232E       12         0
                stringtext36                       231C     231C       12         0
                stringtext35                       230A     230A       12         0
                stringtext34                       22F8     22F8       12         0
                stringtext33                       22E5     22E5       13         0
                stringtext32                       22D2     22D2       13         0
                stringtext31                       22BF     22BF       13         0
                stringtext30                       22AB     22AB       14         0
                stringtext29                       2297     2297       14         0
                stringtext28                       2283     2283       14         0
                stringtext27                       226F     226F       14         0
                stringtext26                       225A     225A       15         0
                stringtext25                       2245     2245       15         0
                stringtext24                       2230     2230       15         0
                stringtext23                       221B     221B       15         0
                stringtext22                       2206     2206       15         0
                stringtext21                       21F1     21F1       15         0
                stringtext20                       21DC     21DC       15         0
                stringtext19                       21C6     21C6       16         0
                stringtext18                       21AF     21AF       17         0
                stringtext17                       2198     2198       17         0
                stringtext16                       2181     2181       17         0
                stringtext15                       216A     216A       17         0
                stringtext14                       2152     2152       18         0
                stringtext13                       213A     213A       18         0
                stringtext12                       2121     2121       19         0
                stringtext11                       2108     2108       19         0
                stringtext10                       20EF     20EF       19         0
                stringtext9                        20D5     20D5       1A         0
                stringtext8                        20BB     20BB       1A         0
                stringtext7                        20A1     20A1       1A         0
                stringtext6                        2085     2085       1C         0
                stringtext5                        2069     2069       1C         0
                stringtext4                        204A     204A       1F         0
                stringtext3                        2025     2025       25         0
                stringtext2                        2000     2000       25         0
                stringtext1                        1800     1800       4A         0

        CLASS   STRING         

        CLASS   CONST          

        CLASS   ENTRY          

        CLASS   COMMON         
                cstackCOMMON                         70       70        D         1
                bssCOMMON                            7D       7D        1         1

        CLASS   BANK0          
                cstackBANK0                          20       20       4A         1
                bssBANK0                             6A       6A        3         1

        CLASS   BANK1          
                cstackBANK1                          A0       A0       3F         1
                dataBANK1                            EE       EE        1         1
                bssBANK1                             DF       DF        F         1

        CLASS   BANK2          
                cstackBANK2                         120      120       25         1
                bssBANK2                            145      145        6         1

        CLASS   BANK3          
                dataBANK3                           1DB      1DB       14         1
                bssBANK3                            1A0      1A0       3B         1

        CLASS   BANK4          
                dataBANK4                           220      220       28         1
                bssBANK4                            248      248       20         1

        CLASS   BANK5          
                cstackBANK5                         2A0      2A0       2A         1

        CLASS   BANK6          

        CLASS   BANK7          

        CLASS   BANK8          

        CLASS   BANK9          

        CLASS   BANK10         

        CLASS   BANK11         

        CLASS   BANK12         

        CLASS   BIGRAM         

        CLASS   RAM            

        CLASS   ABS1           
                abs_s1                               7E       7E        2         1

        CLASS   SFR0           

        CLASS   SFR1           

        CLASS   SFR2           

        CLASS   SFR3           

        CLASS   SFR4           

        CLASS   SFR5           

        CLASS   SFR6           

        CLASS   SFR7           

        CLASS   SFR8           

        CLASS   SFR9           

        CLASS   SFR10          

        CLASS   SFR11          

        CLASS   SFR12          

        CLASS   SFR13          

        CLASS   SFR14          

        CLASS   SFR15          

        CLASS   SFR16          

        CLASS   SFR17          

        CLASS   SFR18          

        CLASS   SFR19          

        CLASS   SFR20          

        CLASS   SFR21          

        CLASS   SFR22          

        CLASS   SFR23          

        CLASS   SFR24          

        CLASS   SFR25          

        CLASS   SFR26          

        CLASS   SFR27          

        CLASS   SFR28          

        CLASS   SFR29          

        CLASS   SFR30          

        CLASS   SFR31          

        CLASS   CONFIG         
                config                             8007     8007        2         4

        CLASS   IDLOC          
                idloc                              8000     8000        4         5

        CLASS   EEDATA         

        CLASS   BANK31         

        CLASS   BANK30         

        CLASS   BANK29         

        CLASS   BANK28         

        CLASS   BANK27         

        CLASS   BANK26         

        CLASS   BANK25         

        CLASS   BANK24         

        CLASS   BANK23         

        CLASS   BANK22         

        CLASS   BANK21         

        CLASS   BANK20         

        CLASS   BANK19         

        CLASS   BANK18         

        CLASS   BANK17         

        CLASS   BANK16         

        CLASS   BANK15         

        CLASS   BANK14         

        CLASS   BANK13         



SEGMENTS        Name                           Load    Length   Top    Selector   Space  Class     Delta

                reset_vec                      000000  000004  000004         0       0  CODE        2
                intentry                       000004  0007FC  000800         8       0  CODE        2
                cstackBANK0                    000020  00004D  00006D        20       1  BANK0       1
                cstackCOMMON                   000070  00000E  00007E        70       1  COMMON      1
                cstackBANK1                    0000A0  00004F  0000EF        A0       1  BANK1       1
                cstackBANK2                    000120  00002B  00014B       120       1  BANK2       1
                bssBANK3                       0001A0  00004F  0001EF       1A0       1  BANK3       1
                dataBANK4                      000220  000048  000268       220       1  BANK4       1
                cstackBANK5                    0002A0  00002A  0002CA       2A0       1  BANK5       1
                text2                          000800  000013  000813      1000       0  CODE        2
                text30                         000813  000067  00087A      1026       0  CODE        2
                text41                         00087A  000170  0009EA      10F4       0  CODE        2
                text18                         0009EA  0001B7  000BA1      13D4       0  CODE        2
                maintext                       000BA1  000210  000DB1      1742       0  CODE        2
                maintext_split_1               000DB1  000251  001002      1B62       0  CODE        2
                text123                        001002  000041  001043      2004       0  CODE        2
                text54                         001043  000048  00108B      2086       0  CODE        2
                text25                         00108B  00004C  0010D7      2116       0  CODE        2
                text56                         0010D7  000051  001128      21AE       0  CODE        2
                text45                         001128  000052  00117A      2250       0  CODE        2
                text98                         00117A  000057  0011D1      22F4       0  CODE        2
                text24                         0011D1  000057  001228      23A2       0  CODE        2
                text1                          001228  000059  001281      2450       0  CODE        2
                text42                         001281  00005C  0012DD      2502       0  CODE        2
                text35                         0012DD  000089  001366      25BA       0  CODE        2
                text16                         001366  00008C  0013F2      26CC       0  CODE        2
                text31                         0013F2  000095  001487      27E4       0  CODE        2
                text50                         001487  000105  00158C      290E       0  CODE        2
                text40                         00158C  000122  0016AE      2B18       0  CODE        2
                text20                         0016AE  000152  001800      2D5C       0  CODE        2
                stringtext1                    001800  00004A  00184A      3000       0  STRCODE     2
                text71                         00184A  000004  00184E      3094       0  CODE        2
                text53                         00184E  00000D  00185B      309C       0  CODE        2
                text52                         00185B  00000D  001868      30B6       0  CODE        2
                text51                         001868  00000D  001875      30D0       0  CODE        2
                text29                         001875  00000D  001882      30EA       0  CODE        2
                text28                         001882  00000D  00188F      3104       0  CODE        2
                text27                         00188F  00000D  00189C      311E       0  CODE        2
                text26                         00189C  00000D  0018A9      3138       0  CODE        2
                text5                          0018A9  00000D  0018B6      3152       0  CODE        2
                text14                         0018B6  00000E  0018C4      316C       0  CODE        2
                text119                        0018C4  000010  0018D4      3188       0  CODE        2
                text70                         0018D4  000010  0018E4      31A8       0  CODE        2
                text64                         0018E4  000010  0018F4      31C8       0  CODE        2
                text116                        0018F4  000011  001905      31E8       0  CODE        2
                text115                        001905  000011  001916      320A       0  CODE        2
                text114                        001916  000011  001927      322C       0  CODE        2
                text113                        001927  000011  001938      324E       0  CODE        2
                idataBANK3                     001938  000014  00194C      3270       0  CODE        2
                text63                         00194C  000015  001961      3298       0  CODE        2
                text6                          001961  000015  001976      32C2       0  CODE        2
                text38                         001976  000016  00198C      32EC       0  CODE        2
                text36                         00198C  000017  0019A3      3318       0  CODE        2
                text112                        0019A3  000018  0019BB      3346       0  CODE        2
                text62                         0019BB  000018  0019D3      3376       0  CODE        2
                text61                         0019D3  000018  0019EB      33A6       0  CODE        2
                text58                         0019EB  000019  001A04      33D6       0  CODE        2
                text15                         001A04  000019  001A1D      3408       0  CODE        2
                text43                         001A1D  00001A  001A37      343A       0  CODE        2
                text127                        001A37  00001B  001A52      346E       0  CODE        2
                text33                         001A52  00001B  001A6D      34A4       0  CODE        2
                text32                         001A6D  00001B  001A88      34DA       0  CODE        2
                text19                         001A88  00001B  001AA3      3510       0  CODE        2
                text48                         001AA3  00001C  001ABF      3546       0  CODE        2
                text7                          001ABF  00001D  001ADC      357E       0  CODE        2
                text72                         001ADC  00001F  001AFB      35B8       0  CODE        2
                text69                         001AFB  00001F  001B1A      35F6       0  CODE        2
                text57                         001B1A  00001F  001B39      3634       0  CODE        2
                text82                         001B39  000021  001B5A      3672       0  CODE        2
                text8                          001B5A  000021  001B7B      36B4       0  CODE        2
                text122                        001B7B  000022  001B9D      36F6       0  CODE        2
                text23                         001B9D  000023  001BC0      373A       0  CODE        2
                text22                         001BC0  000023  001BE3      3780       0  CODE        2
                text21                         001BE3  000023  001C06      37C6       0  CODE        2
                text13                         001C06  000025  001C2B      380C       0  CODE        2
                text9                          001C2B  000026  001C51      3856       0  CODE        2
                text37                         001C51  000027  001C78      38A2       0  CODE        2
                idataBANK4                     001C78  000028  001CA0      38F0       0  CODE        2
                text44                         001CA0  000029  001CC9      3940       0  CODE        2
                text118                        001CC9  00002A  001CF3      3992       0  CODE        2
                text17                         001CF3  00002A  001D1D      39E6       0  CODE        2
                text55                         001D1D  00002C  001D49      3A3A       0  CODE        2
                text87                         001D49  00002D  001D76      3A92       0  CODE        2
                text47                         001D76  00002D  001DA3      3AEC       0  CODE        2
                text85                         001DA3  00002E  001DD1      3B46       0  CODE        2
                text102                        001DD1  00002F  001E00      3BA2       0  CODE        2
                text59                         001E00  00002F  001E2F      3C00       0  CODE        2
                text34                         001E2F  00002F  001E5E      3C5E       0  CODE        2
                text3                          001E5E  000030  001E8E      3CBC       0  CODE        2
                text39                         001E8E  000034  001EC2      3D1C       0  CODE        2
                text12                         001EC2  000038  001EFA      3D84       0  CODE        2
                text4                          001EFA  000038  001F32      3DF4       0  CODE        2
                text10                         001F32  000040  001F72      3E64       0  CODE        2
                text97                         001F72  000046  001FB8      3EE4       0  CODE        2
                text74                         001FB8  000048  002000      3F70       0  CODE        2
                stringtext2                    002000  0006CD  0026CD      4000       0  STRCODE     2
                text125                        0026EE  000001  0026EF      4DDC       0  CODE        2
                idataBANK1                     0026EF  000001  0026F0      4DDE       0  CODE        2
                text121                        0026F0  000003  0026F3      4DE0       0  CODE        2
                text120                        0026F3  000003  0026F6      4DE6       0  CODE        2
                text109                        0026F6  000003  0026F9      4DEC       0  CODE        2
                text107                        0026F9  000003  0026FC      4DF2       0  CODE        2
                text103                        0026FC  000003  0026FF      4DF8       0  CODE        2
                text86                         0026FF  000003  002702      4DFE       0  CODE        2
                text126                        002702  000004  002706      4E04       0  CODE        2
                text124                        002706  000004  00270A      4E0C       0  CODE        2
                text108                        00270A  000004  00270E      4E14       0  CODE        2
                text106                        00270E  000004  002712      4E1C       0  CODE        2
                text84                         002712  000004  002716      4E24       0  CODE        2
                text105                        002716  000005  00271B      4E2C       0  CODE        2
                text101                        00271B  000005  002720      4E36       0  CODE        2
                text95                         002720  000005  002725      4E40       0  CODE        2
                text94                         002725  000005  00272A      4E4A       0  CODE        2
                text93                         00272A  000005  00272F      4E54       0  CODE        2
                text92                         00272F  000005  002734      4E5E       0  CODE        2
                text91                         002734  000005  002739      4E68       0  CODE        2
                text90                         002739  000005  00273E      4E72       0  CODE        2
                text89                         00273E  000005  002743      4E7C       0  CODE        2
                text88                         002743  000005  002748      4E86       0  CODE        2
                text104                        002748  000006  00274E      4E90       0  CODE        2
                text66                         00274E  000006  002754      4E9C       0  CODE        2
                text65                         002754  000006  00275A      4EA8       0  CODE        2
                clrtext                        00275A  000006  002760      4EB4       0  CODE        2
                inittext                       002760  000006  002766      4EC0       0  CODE        2
                text96                         002766  000007  00276D      4ECC       0  CODE        2
                text46                         00276D  000007  002774      4EDA       0  CODE        2
                text99                         002774  000008  00277C      4EE8       0  CODE        2
                text80                         00277C  000008  002784      4EF8       0  CODE        2
                text100                        002784  000009  00278D      4F08       0  CODE        2
                text79                         00278D  000009  002796      4F1A       0  CODE        2
                text78                         002796  000009  00279F      4F2C       0  CODE        2
                text77                         00279F  000009  0027A8      4F3E       0  CODE        2
                text76                         0027A8  000009  0027B1      4F50       0  CODE        2
                text75                         0027B1  000009  0027BA      4F62       0  CODE        2
                text60                         0027BA  000009  0027C3      4F74       0  CODE        2
                text81                         0027C3  00000B  0027CE      4F86       0  CODE        2
                text73                         0027CE  00000C  0027DA      4F9C       0  CODE        2
                text67                         0027DA  00000C  0027E6      4FB4       0  CODE        2
                text117                        0027E6  00000D  0027F3      4FCC       0  CODE        2
                text68                         0027F3  00000D  002800      4FE6       0  CODE        2
                stringtext95                   002800  00013E  00293E      5000       0  STRCODE     2


UNUSED ADDRESS RANGES

        Name                Unused          Largest block    Delta
        BANK0            000006D-000006F                 3           1
        BANK1            00000EF-00000EF                 1           1
        BANK10           0000520-000056F                50           1
        BANK11           00005A0-00005EF                50           1
        BANK12           0000620-000064F                30           1
        BANK2            000014B-000016F                25           1
        BANK3            00001EF-00001EF                 1           1
        BANK4            0000268-000026F                 8           1
        BANK5            00002CA-00002EF                26           1
        BANK6            0000320-000036F                50           1
        BANK7            00003A0-00003EF                50           1
        BANK8            0000420-000046F                50           1
        BANK9            00004A0-00004EF                50           1
        BIGRAM           0002000-00023EF               3F0           1
        CODE             00026CD-00026ED                21           2
                         000293E-0003FFF               800
        CONST            00026CD-00026ED                21           2
                         000293E-0003FFF               100
        EEDATA           000F000-000F0FF               100           2
        ENTRY            00026CD-00026ED                21           2
                         000293E-0003FFF               100
        RAM              000006D-000006F                 3           1
                         00000EF-00000EF                 1
                         000014B-000016F                25
                         00001EF-00001EF                 1
                         0000268-000026F                 8
                         00002CA-00002EF                26
                         0000320-000036F                50
                         00003A0-00003EF                50
                         0000420-000046F                50
                         00004A0-00004EF                50
                         0000520-000056F                50
                         00005A0-00005EF                50
                         0000620-000064F                30
        SFR0             0000000-000001F                20           1
        SFR1             0000080-000009F                20           1
        SFR10            0000500-000051F                20           1
        SFR11            0000580-000059F                20           1
        SFR12            0000600-000061F                20           1
        SFR13            0000680-00006EF                70           1
        SFR14            0000700-000076F                70           1
        SFR15            0000780-00007EF                70           1
        SFR16            0000800-000086F                70           1
        SFR17            0000880-00008EF                70           1
        SFR18            0000900-000096F                70           1
        SFR19            0000980-00009EF                70           1
        SFR2             0000100-000011F                20           1
        SFR20            0000A00-0000A6F                70           1
        SFR21            0000A80-0000AEF                70           1
        SFR22            0000B00-0000B6F                70           1
        SFR23            0000B80-0000BEF                70           1
        SFR24            0000C00-0000C6F                70           1
        SFR25            0000C80-0000CEF                70           1
        SFR26            0000D00-0000D6F                70           1
        SFR27            0000D80-0000DEF                70           1
        SFR28            0000E00-0000E6F                70           1
        SFR29            0000E80-0000EEF                70           1
        SFR3             0000180-000019F                20           1
        SFR30            0000F00-0000F6F                70           1
        SFR31            0000F80-0000FEF                70           1
        SFR4             0000200-000021F                20           1
        SFR5             0000280-000029F                20           1
        SFR6             0000300-000031F                20           1
        SFR7             0000380-000039F                20           1
        SFR8             0000400-000041F                20           1
        SFR9             0000480-000049F                20           1
        STACK            00021BA-00023EF               236           1
        STRCODE          00026CD-00026ED                21           2
                         000293E-0003FFF              16C2
        STRING           00026CD-00026ED                21           2
                         000293E-0003FFF               100

                                  Symbol Table

?_ADC_GetConversion                            cstackBANK0      0000023
?___aodiv                                      cstackBANK0      0000023
?___aomod                                      cstackBANK0      0000023
?_abs                                          cstackBANK0      0000036
?_dtoa                                         cstackBANK0      000003F
?_pad                                          cstackBANK0      0000036
?_printf                                       cstackBANK1      00000AD
?_sprintf                                      cstackBANK1      00000AD
?_strcat                                       cstackBANK0      0000033
?_strlen                                       cstackBANK0      0000023
?_vfpfcnvrt                                    cstackBANK0      000005D
?_vfprintf                                     cstackBANK0      0000064
ADC_GetConversion@channel                      cstackBANK0      0000026
EUSART_Read@readValue                          cstackBANK0      0000024
EUSART_SetErrorHandler@interruptHandler        cstackBANK0      0000023
EUSART_SetFramingErrorHandler@interruptHandler cstackBANK0      0000023
EUSART_SetOverrunErrorHandler@interruptHandler cstackBANK0      0000023
EUSART_SetRxInterruptHandler@interruptHandler  cstackBANK0      0000023
EUSART_SetTxInterruptHandler@interruptHandler  cstackBANK0      0000023
EUSART_Write@txData                            cstackBANK0      0000024
I2C_CallbackReturnReset@funPtr                 cstackCOMMON     0000079
I2C_MasterSendTxData@data                      cstackCOMMON     0000070
I2C_Master_Write@data                          cstackBANK0      0000023
I2C_SetBuffer@buffer                           cstackCOMMON     0000073
I2C_SetBuffer@bufferSize                       cstackCOMMON     0000070
I2C_SetCallback@cb                             cstackCOMMON     0000070
I2C_SetCallback@idx                            cstackCOMMON     0000074
I2C_SetCallback@ptr                            cstackCOMMON     0000072
I2C_SetDataCompleteCallback@cb                 cstackCOMMON     0000075
I2C_SetDataCompleteCallback@ptr                cstackCOMMON     0000077
IO_Expander_Write@Data                         cstackBANK0      0000024
LCD_CMD@CMD                                    cstackBANK0      0000028
LCD_Init@I2C_Add                               cstackBANK0      000002B
LCD_Set_Cursor@COL                             cstackBANK0      0000029
LCD_Set_Cursor@ROW                             cstackBANK0      000002C
LCD_Write_4Bit@Nibble                          cstackBANK0      0000026
LCD_Write_Char@Data                            cstackBANK0      0000028
LCD_Write_String@Str                           cstackBANK0      0000029
LCD_Write_String@i                             cstackBANK0      000002C
_ACKDT                                         (abs)            00010B5
_ACKEN                                         (abs)            00010B4
_ACKSTAT                                       (abs)            00010B6
_ADCON0                                        (abs)            000009D
_ADCON0bits                                    (abs)            000009D
_ADCON1                                        (abs)            000009E
_ADC_GetConversion                             text82           0001B39
_ADC_Initialize                                text80           000277C
_ADRESH                                        (abs)            000009C
_ADRESL                                        (abs)            000009B
_ANSELA                                        (abs)            000018C
_ANSELB                                        (abs)            000018D
_ANSELD                                        (abs)            000018F
_ANSELE                                        (abs)            0000190
_APFCON                                        (abs)            000011D
_BAUDCON                                       (abs)            000019F
_BORCON                                        (abs)            0000116
_BackLight_State                               dataBANK1        00000EE
_EEADRH                                        (abs)            0000192
_EEADRL                                        (abs)            0000191
_EECON1bits                                    (abs)            0000195
_EECON2                                        (abs)            0000196
_EEDATH                                        (abs)            0000194
_EEDATL                                        (abs)            0000193
_EUSART_DefaultErrorHandler                    text126          0002702
_EUSART_DefaultFramingErrorHandler             text125          00026EE
_EUSART_DefaultOverrunErrorHandler             text124          0002706
_EUSART_ErrorHandler                           bssBANK3         00001D7
_EUSART_FramingErrorHandler                    bssBANK2         0000147
_EUSART_Initialize                             text74           0001FB8
_EUSART_OverrunErrorHandler                    bssBANK2         0000145
_EUSART_Read                                   text34           0001E2F
_EUSART_Receive_ISR                            text123          0001002
_EUSART_RxDataHandler                          text127          0001A37
_EUSART_RxDefaultInterruptHandler              bssBANK2         0000149
_EUSART_SetErrorHandler                        text79           000278D
_EUSART_SetFramingErrorHandler                 text78           0002796
_EUSART_SetOverrunErrorHandler                 text77           000279F
_EUSART_SetRxInterruptHandler                  text76           00027A8
_EUSART_SetTxInterruptHandler                  text75           00027B1
[...]
alerteDefautEtape16@testVoy                    cstackBANK1      00000DA
alimenter@active                               cstackBANK0      0000023
analyseCodeBLE@bleCode                         cstackBANK0      0000023
attenteAquittement@autom                       cstackBANK1      00000B0
attenteAquittement@reception                   cstackBANK1      00000B6
attenteAquittement@repOperateur                cstackBANK1      00000B7
attenteAquittement@testAct                     cstackBANK1      00000B2
attenteDemarrage2@autom                        cstackBANK1      00000B6
attenteDemarrage2@prog                         cstackBANK1      00000B1
attenteDemarrage2@reception                    cstackBANK1      00000B4
attenteDemarrage2@repOperateur                 cstackBANK1      00000B5
attenteDemarrage2@testAct                      cstackBANK1      00000B0
btemp                                          (abs)            000007E
checkModuleBle@time                            cstackBANK0      0000023
clear_ram0                                     clrtext          000275A
displayManager@s1                              cstackBANK0      000002E
displayManager@s2                              cstackBANK0      0000030
displayManager@s3                              cstackBANK0      0000032
displayManager@s4                              cstackBANK0      0000034
displayManagerMaster@s1                        cstackBANK0      0000038
displayManagerMaster@s2                        cstackBANK0      000003A
displayManagerMaster@s3                        cstackBANK0      000003C
displayManagerMaster@s4                        cstackBANK0      000003E
dtoa@d                                         cstackBANK0      000003F
dtoa@fp                                        cstackBANK0      000004A
dtoa@i                                         cstackBANK0      000005B
dtoa@n                                         cstackBANK0      0000053
dtoa@p                                         cstackBANK0      000004D
dtoa@s                                         cstackBANK0      0000051
dtoa@w                                         cstackBANK0      000004F
end_of_initialization                          cinit            000008D
errorAlert@i                                   cstackBANK0      000002A
errorAlert@j                                   cstackBANK0      0000028
fputc@c                                        cstackBANK0      0000026
fputc@fp                                       cstackBANK0      0000028
fputs@c                                        cstackBANK0      0000032
fputs@fp                                       cstackBANK0      000002E
fputs@i                                        cstackBANK0      0000033
fputs@s                                        cstackBANK0      0000035
getBLEindentifier@bleCode                      cstackBANK0      0000035
getBLEindentifier@i                            cstackBANK0      0000033
getCharacterFormRx@N                           cstackBANK0      000002E
getCharacterFormRx@i                           cstackBANK0      000002F
getCharacterFormRx@reading                     cstackBANK0      000002C
init_ram                                       inittext         0002760
initialConditions@autom                        cstackBANK1      00000B4
initialConditions@prog                         cstackBANK1      00000B6
initialConditions@testAct                      cstackBANK1      00000B0
initialConditions@testVoy                      cstackBANK1      00000B2
int$flags                                      (abs)            000007E
intlevel0                                      functab          0000000
intlevel1                                      functab          0000000
intlevel2                                      functab          0000000
intlevel3                                      functab          0000000
intlevel4                                      functab          0000000
intlevel5                                      functab          0000000
ledConforme@active                             cstackBANK0      0000023
ledNonConforme@active                          cstackBANK0      0000023
ledProgession@active                           cstackBANK0      0000023
main@automatique                               cstackBANK5      00002C7
main@bleAcq                                    cstackBANK5      00002C1
main@bleCode                                   cstackBANK5      00002A0
main@buffer                                    cstackBANK5      00002B5
main@buffer_1750                               cstackBANK5      00002B7
main@lectureAN1                                cstackBANK5      00002C4
main@master                                    cstackBANK5      00002B9
main@moduleBleState                            cstackBANK5      00002C2
main@programmation                             cstackBANK5      00002C6
main@slaveInTest                               cstackBANK5      00002BA
main@slaveWaiting                              cstackBANK5      00002BB
main@slectureAN1                               cstackBANK5      00002BC
main@testActif                                 cstackBANK5      00002C9
main@testLeds                                  cstackBANK5      00002C3
main@testVoyants                               cstackBANK5      00002C8
okAlert@i                                      cstackBANK1      00000B1
pad@buf                                        cstackBANK0      0000036
pad@fp                                         cstackBANK0      000003E
pad@i                                          cstackBANK0      000003A
pad@p                                          cstackBANK0      0000037
pad@w                                          cstackBANK0      000003C
pnum$maintext                                  (abs)            0000096
pnum$maintext_split_1                          (abs)            0000118
pnum$maintext_split_2                          (abs)            0000119
pressBP1@active                                cstackBANK0      0000023
pressBP2@active                                cstackBANK0      0000023
printf@ap                                      cstackBANK1      00000AF
printf@fmt                                     cstackBANK1      00000AD
psplit$0                                       (abs)            0960118
psplit$1                                       (abs)            1180119
putch@txData                                   cstackBANK0      0000025
rd1RegCompleteHandler@ptr                      cstackCOMMON     0000079
rd2RegCompleteHandler@ptr                      cstackCOMMON     0000079
rdBlkRegCompleteHandler@ptr                    cstackCOMMON     0000079
reponseOperateur@automatique                   cstackBANK0      0000028
reponseOperateur@reception                     cstackBANK0      0000027
reponseOperateur@repOperateur                  cstackBANK0      000002A
reponseOperateur@reponse                       cstackBANK0      0000029
reset_vec                                      reset_vec        0000000
setCharacterBit@K                              cstackBANK0      0000025
setCharacterBit@N                              cstackBANK0      0000028
setCharacterBit@reading                        cstackBANK0      0000023
setHorloge@active                              cstackBANK0      0000023
setP1@active                                   cstackBANK0      0000023
setP2@active                                   cstackBANK0      0000023
sortieErreur@autom                             cstackBANK1      00000B8
sortieErreur@prog                              cstackBANK1      00000BE
sortieErreur@testAct                           cstackBANK1      00000BA
sortieErreur@testVoy                           cstackBANK1      00000BC
sprintf@ap                                     cstackBANK1      00000B3
sprintf@f                                      cstackBANK1      00000B5
sprintf@fmt                                    cstackBANK1      00000AD
sprintf@ret                                    cstackBANK1      00000B1
sprintf@s                                      cstackBANK1      00000B4
start                                          init             000004A
startAlert@i                                   cstackBANK0      0000028
startPhaseBLE@i                                cstackBANK0      0000026
startPhaseBLE@phase                            cstackBANK0      0000023
start_initialization                           cinit            000004C
strcat@dest                                    cstackBANK0      0000033
strcat@src                                     cstackBANK0      0000035
strcpy@d                                       cstackBANK0      0000031
strcpy@dest                                    cstackBANK0      0000027
strcpy@s                                       cstackBANK0      000002F
strcpy@src                                     cstackBANK0      0000029
strlen@a                                       cstackBANK0      0000025
strlen@s                                       cstackBANK0      0000023
testNOK@active                                 cstackBANK0      0000024
testNOK@result                                 cstackBANK0      0000023
testOK@active                                  cstackBANK0      0000024
testOK@result                                  cstackBANK0      0000023
testR1@active                                  cstackBANK0      0000024
testR1@result                                  cstackBANK0      0000023
testR2@active                                  cstackBANK0      0000024
testR2@result                                  cstackBANK0      0000023
testR3@active                                  cstackBANK0      0000024
testR3@result                                  cstackBANK0      0000023
vfpfcnvrt@ap                                   cstackBANK0      000005E
vfpfcnvrt@fmt                                  cstackBANK0      000005D
vfpfcnvrt@fp                                   cstackBANK1      00000A9
vfpfcnvrt@ll                                   cstackBANK1      00000A0
vfpfcnvrt@vp                                   cstackBANK1      00000A8
vfprintf@ap                                    cstackBANK0      0000066
vfprintf@cfmt                                  cstackBANK1      00000AB
vfprintf@fmt                                   cstackBANK0      0000064
vfprintf@fp                                    cstackBANK1      00000AA
waitForBleAcq2@time                            cstackBANK0      0000024
wr1RegCompleteHandler@ptr                      cstackCOMMON     0000079
wr2RegCompleteHandler@ptr                      cstackCOMMON     0000079
wtemp0                                         (abs)            000007E


MODULE INFORMATION

Module		Function		Class		Link	Load	Size
C:\Program Files\Microchip\xc8\v2.32\pic\sources\c99\common\nf_sprintf.c
		_sprintf       		CODE           	1EFA	0000	56

C:\Program Files\Microchip\xc8\v2.32\pic\sources\c99\common\nf_sprintf.c estimated size: 56

C:\Program Files\Microchip\xc8\v2.32\pic\sources\c99\common\doprnt.c
		_vfpfcnvrt     		CODE           	158C	0000	290
		_pad           		CODE           	1281	0000	92
		_dtoa          		CODE           	087A	0000	368
		_vfprintf      		CODE           	1E8E	0000	52

C:\Program Files\Microchip\xc8\v2.32\pic\sources\c99\common\doprnt.c estimated size: 802

mcc_generated_files/interrupt_manager.c
		_INTERRUPT_InterruptManager		CODE           	0004	0000	70

mcc_generated_files/interrupt_manager.c estimated size: 70

mcc_generated_files/examples/i2c_master_example.c
		_wr1RegCompleteHandler		CODE           	1927	0000	17
		_wr2RegCompleteHandler		CODE           	18F4	0000	17
		_rdBlkRegCompleteHandler		CODE           	19A3	0000	24
		_rd1RegCompleteHandler		CODE           	1905	0000	17
		_rd2RegCompleteHandler		CODE           	1916	0000	17

mcc_generated_files/examples/i2c_master_example.c estimated size: 92

mcc_generated_files/pin_manager.c
		_PIN_MANAGER_Initialize		CODE           	1ADC	0000	31

mcc_generated_files/pin_manager.c estimated size: 31

C:\Program Files\Microchip\xc8\v2.32\pic\sources\c99\common\nf_fputs.c
		_fputs         		CODE           	1CA0	0000	41

C:\Program Files\Microchip\xc8\v2.32\pic\sources\c99\common\nf_fputs.c estimated size: 41

mcc_generated_files/adc.c
		_ADC_Initialize		CODE           	277C	0000	8
		_ADC_GetConversion		CODE           	1B39	0000	33

mcc_generated_files/adc.c estimated size: 41

C:\Program Files\Microchip\xc8\v2.32\pic\sources\c99\common\abs.c
		_abs           		CODE           	1AA3	0000	28

C:\Program Files\Microchip\xc8\v2.32\pic\sources\c99\common\abs.c estimated size: 28

C:\Program Files\Microchip\xc8\v2.32\pic\sources\c99\common\aomod.c
		___aomod       		CODE           	0707	0000	237

C:\Program Files\Microchip\xc8\v2.32\pic\sources\c99\common\aomod.c estimated size: 237

shared
		__initialization		CODE           	004C	0000	65
		_i2c_fsmStateTable		STRCODE        	1800	0000	32

shared estimated size: 97

I2C_LCD.c
		_LCD_Init      		CODE           	1366	0000	140
		_LCD_Write_4Bit		CODE           	19BB	0000	24
		_LCD_Write_Char		CODE           	19EB	0000	25
		_LCD_CMD       		CODE           	19D3	0000	24
		_I2C_Master_Wait		CODE           	27DA	0000	12
		_I2C_Master_Init		CODE           	27C3	0000	11
		_I2C_Master_Stop		CODE           	2754	0000	6
		_LCD_Set_Cursor		CODE           	1E00	0000	47
		_LCD_Clear     		CODE           	27BA	0000	9
		_IO_Expander_Write		CODE           	194C	0000	21
		_I2C_Master_Write		CODE           	18E4	0000	16
		_I2C_Master_Start		CODE           	274E	0000	6
		_LCD_Write_String		CODE           	1B1A	0000	31

I2C_LCD.c estimated size: 372

mcc_generated_files/mcc.c
		_WDT_Initialize		CODE           	184A	0000	4
		_OSCILLATOR_Initialize		CODE           	27CE	0000	12
		_SYSTEM_Initialize		CODE           	18D4	0000	16

mcc_generated_files/mcc.c estimated size: 32

display.c
		_displayManagerMaster		CODE           	1A04	0000	25
		_displayManager		CODE           	10D7	0000	81

display.c estimated size: 106

C:\Program Files\Microchip\xc8\v2.32\pic\sources\c99\common\strcat.c
		_strcat        		CODE           	198C	0000	23

C:\Program Files\Microchip\xc8\v2.32\pic\sources\c99\common\strcat.c estimated size: 23

mcc_generated_files/i2c_master.c
		_I2C_MasterStartRx		CODE           	26F6	0000	3
		_I2C_DO_SEND_ADR_WRITE		CODE           	2774	0000	8
		_I2C_DO_SEND_STOP		CODE           	272F	0000	5
		_I2C_MasterSendNack		CODE           	270A	0000	4
		_I2C_CallbackReturnStop		CODE           	1000	0000	2
		_I2C_DO_SEND_ADR_READ		CODE           	2784	0000	9
		_I2C_DO_RX_NACK_STOP		CODE           	2739	0000	5
		_I2C_DO_SEND_RESTART		CODE           	272A	0000	5
		_I2C_DO_RX     		CODE           	1F72	0000	70
		_I2C_DO_TX     		CODE           	117A	0000	87
		_I2C_DO_IDLE   		CODE           	271B	0000	5
		_I2C_DO_RCEN   		CODE           	2766	0000	7
		_I2C_DO_RESET  		CODE           	2743	0000	5
		_I2C_DO_RX_ACK 		CODE           	2734	0000	5
		_I2C_MasterClearIrq		CODE           	26FF	0000	3
		_I2C_MasterGetRxData		CODE           	26F9	0000	3
		_I2C_SetCallback		CODE           	1CC9	0000	42
		_I2C_DO_ADDRESS_NACK		CODE           	1D49	0000	45
		_I2C_MasterEnableRestart		CODE           	26F0	0000	3
		_I2C_CallbackReturnReset		CODE           	0002	0000	2
		_I2C_DO_TX_EMPTY		CODE           	1DD1	0000	47
		_I2C_DO_SEND_RESTART_WRITE		CODE           	2725	0000	5
		_I2C_MasterIsNack		CODE           	2748	0000	6
		_I2C_SetDataCompleteCallback		CODE           	27E6	0000	13
		_I2C_DO_RX_NACK_RESTART		CODE           	273E	0000	5
		_I2C_MasterSendAck		CODE           	270E	0000	4
		_I2C_MasterFsm 		CODE           	1DA3	0000	46
		_I2C_MasterIsr 		CODE           	2712	0000	4
		_I2C_MasterSetIrq		CODE           	26FC	0000	3
		_I2C_DO_SEND_RESTART_READ		CODE           	2720	0000	5
		_I2C_SetBuffer 		CODE           	18C4	0000	16
		_I2C_MasterSendTxData		CODE           	2716	0000	5
		_I2C_MasterStop		CODE           	26F3	0000	3

mcc_generated_files/i2c_master.c estimated size: 480

mcc_generated_files/eusart.c
		_EUSART_SetRxInterruptHandler		CODE           	27A8	0000	9
		_EUSART_SetTxInterruptHandler		CODE           	27B1	0000	9
		_putch         		CODE           	276D	0000	7
		_EUSART_Read   		CODE           	1E2F	0000	47
		_EUSART_DefaultOverrunErrorHandler		CODE           	2706	0000	4
		_EUSART_Write  		CODE           	1D76	0000	45
		_EUSART_DefaultErrorHandler		CODE           	2702	0000	4
		_EUSART_Transmit_ISR		CODE           	1B7B	0000	34
		_EUSART_Initialize		CODE           	1FB8	0000	72
		_EUSART_SetFramingErrorHandler		CODE           	2796	0000	9
		_EUSART_SetErrorHandler		CODE           	278D	0000	9
		_EUSART_SetOverrunErrorHandler		CODE           	279F	0000	9
		_EUSART_Receive_ISR		CODE           	1002	0000	65
		_EUSART_RxDataHandler		CODE           	1A37	0000	27
		_EUSART_DefaultFramingErrorHandler		CODE           	26EE	0000	1

mcc_generated_files/eusart.c estimated size: 351

C:\Program Files\Microchip\xc8\v2.32\pic\sources\c99\common\printf.c
		_printf        		CODE           	1976	0000	22

C:\Program Files\Microchip\xc8\v2.32\pic\sources\c99\common\printf.c estimated size: 22

C:\Program Files\Microchip\xc8\v2.32\pic\sources\c99\common\nf_fputc.c
		_fputc         		CODE           	1128	0000	82

C:\Program Files\Microchip\xc8\v2.32\pic\sources\c99\common\nf_fputc.c estimated size: 82

tester.c
		_okAlert       		CODE           	1B5A	0000	33
		_testR3        		CODE           	1BE3	0000	35
		_alerteDefaut  		CODE           	12DD	0000	137
		_resetModuleBle		CODE           	1961	0000	21
		_initialConditions		CODE           	108B	0000	76
		_attenteDemarrage2		CODE           	09EA	0000	439
		_setHorloge    		CODE           	18A9	0000	13
		_errorAlert    		CODE           	1043	0000	72
		_alimenter     		CODE           	27F3	0000	13
		_testR1        		CODE           	1B9D	0000	35
		_ledProgession 		CODE           	1868	0000	13
		_attenteAquittement		CODE           	0813	0000	103
		_getBLEindentifier		CODE           	1F32	0000	64
		_activeCLK     		CODE           	18B6	0000	14
		_getCharacterFormRx		CODE           	1EC2	0000	56
		_startAlert    		CODE           	1C2B	0000	38
		_pressBP1      		CODE           	1875	0000	13
		_pressBP2      		CODE           	1882	0000	13
		_setCharacterBit		CODE           	1C06	0000	37
		_releaseCLK    		CODE           	07F4	0000	12
		_testNOK       		CODE           	1A52	0000	27
		_ledConforme   		CODE           	184E	0000	13
		_alerteDefautEtape16		CODE           	16AE	0000	338
		_testR2        		CODE           	1BC0	0000	35
		_waitForBleAcq 		CODE           	0800	0000	19
		_ledNonConforme		CODE           	185B	0000	13
		_activerResetModuleBle		CODE           	1ABF	0000	29
		_checkModuleBle		CODE           	1CF3	0000	42
		_setP1         		CODE           	188F	0000	13
		_waitForBleAcq2		CODE           	1228	0000	89
		_testOK        		CODE           	1A6D	0000	27
		_activerTouche 		CODE           	1AFB	0000	31
		_activerBuzzer 		CODE           	1D1D	0000	44
		_startPhaseBLE 		CODE           	1E5E	0000	48
		_sortieErreur  		CODE           	11D1	0000	87
		_setP2         		CODE           	189C	0000	13
		_analyseCodeBLE		CODE           	1A88	0000	27
		_reponseOperateur		CODE           	13F2	0000	149

tester.c estimated size: 2281

C:\Program Files\Microchip\xc8\v2.32\pic\sources\c99\common\aodiv.c
		___aodiv       		CODE           	1487	0000	261

C:\Program Files\Microchip\xc8\v2.32\pic\sources\c99\common\aodiv.c estimated size: 261

main.c
		_main          		CODE           	0BA1	0000	2773

main.c estimated size: 2773

C:\Program Files\Microchip\xc8\v2.32\pic\sources\c99\common\strlen.c
		_strlen        		CODE           	1A1D	0000	26

C:\Program Files\Microchip\xc8\v2.32\pic\sources\c99\common\strlen.c estimated size: 26

C:\Program Files\Microchip\xc8\v2.32\pic\sources\c99\common\strcpy.c
		_strcpy        		CODE           	1C51	0000	39

C:\Program Files\Microchip\xc8\v2.32\pic\sources\c99\common\strcpy.c estimated size: 39

